#
# A fatal error has been detected by the Java Runtime Environment:
#
#  EXCEPTION_ACCESS_VIOLATION (0xc0000005) at pc=0x0000000180009bf2, pid=11528, tid=0x0000000000004578
#
# JRE version: OpenJDK Runtime Environment (8.0_482-b08) (build 1.8.0_482-b08)
# Java VM: OpenJDK 64-Bit Server VM (25.482-b08 mixed mode windows-amd64 compressed oops)
# Problematic frame:
# C  [zkfpslibLow.dll+0x9bf2]
#
# Failed to write core dump. Minidumps are not enabled by default on client versions of Windows
#
# If you would like to submit a bug report, please visit:
#   https://github.com/adoptium/adoptium-support/issues
# The crash happened outside the Java Virtual Machine in native code.
# See problematic frame for where to report the bug.
#

---------------  T H R E A D  ---------------

Current thread (0x00000166c23ac000):  JavaThread "EventThread" [_thread_in_native, id=17784, stack(0x0000005fd5800000,0x0000005fd5900000)]

siginfo: ExceptionCode=0xc0000005, writing address 0x000000018001f000

Registers:
RAX=0x0000000000000000, RBX=0x00000000000004a4, RCX=0x000000018001f010, RDX=0x000001653ae2fcf0
RSP=0x0000005fd58fe918, RBP=0x00000166b94a1200, RSI=0x00000166c3589bd0, RDI=0x00000166c3589c40
R8 =0x0000000000003081, R9 =0x0000000000000004, R10=0x00000166b9635d60, R11=0x000000018001c010
R12=0x00000166bae4bd00, R13=0x0000000000000142, R14=0x0000005fd58feaf0, R15=0x00000166c23ac000
RIP=0x0000000180009bf2, EFLAGS=0x0000000000010202

Top of Stack: (sp=0x0000005fd58fe918)
0x0000005fd58fe918:   00000001800039dc 000000000000001e
0x0000005fd58fe928:   0000000180003252 00007ffb0e6424e0
0x0000005fd58fe938:   0000000000000000 00000166b94a1200
0x0000005fd58fe948:   00000166c16a1c80 0000005fd58feac8
0x0000005fd58fe958:   00007ffb0e5630cd 0000000000000000
0x0000005fd58fe968:   00007ffb0e6424e0 00000166bae4bd00
0x0000005fd58fe978:   0000000000000000 0000000000000001
0x0000005fd58fe988:   0000005fd58fe960 00000166bae4bd00
0x0000005fd58fe998:   00007ffb16c84caf 00000166b94a1200
0x0000005fd58fe9a8:   0000005fd58feae8 00000166bae4bd00
0x0000005fd58fe9b8:   00000166c23ac260 00000166c23ac260
0x0000005fd58fe9c8:   00007ffb16c836da 00000166b94a1200
0x0000005fd58fe9d8:   0000005fd58feae8 0000005fd58feaf0
0x0000005fd58fe9e8:   0000000000000141 0000000000000800
0x0000005fd58fe9f8:   0000005fd58fe9f8 00000166c33c3920
0x0000005fd58fea08:   0000005fd58fe9d0 00000166bae4bd00 

Instructions: (pc=0x0000000180009bf2)
0x0000000180009bd2:   04 0a 4c 8b 54 0a 08 48 83 c1 20 48 89 41 e0 4c
0x0000000180009be2:   89 51 e8 48 8b 44 0a f0 4c 8b 54 0a f8 49 ff c9
0x0000000180009bf2:   48 89 41 f0 4c 89 51 f8 75 d4 49 83 e0 1f e9 71
0x0000000180009c02:   ff ff ff 66 66 66 0f 1f 84 00 00 00 00 00 66 90 


Register to memory mapping:

RAX=0x0000000000000000 is an unknown value
RBX=0x00000000000004a4 is an unknown value
RCX=0x000000018001f010 is an unknown value
RDX=0x000001653ae2fcf0 is an unknown value
RSP=0x0000005fd58fe918 is pointing into the stack for thread: 0x00000166c23ac000
RBP=0x00000166b94a1200 is an unknown value
RSI=0x00000166c3589bd0 is an unknown value
RDI=0x00000166c3589c40 is an unknown value
R8 =0x0000000000003081 is an unknown value
R9 =0x0000000000000004 is an unknown value
R10=0x00000166b9635d60 is an unknown value
R11=0x000000018001c010 is an unknown value
R12=0x00000166bae4bd00 is an unknown value
R13=0x0000000000000142 is an unknown value
R14=0x0000005fd58feaf0 is pointing into the stack for thread: 0x00000166c23ac000
R15=0x00000166c23ac000 is a thread


Stack: [0x0000005fd5800000,0x0000005fd5900000],  sp=0x0000005fd58fe918,  free space=1018k
Native frames: (J=compiled Java code, j=interpreted, Vv=VM code, C=native code)
C  [zkfpslibLow.dll+0x9bf2]

Java frames: (J=compiled Java code, j=interpreted, Vv=VM code)
j  com.zkteco.biometric.ZKFPService.MatchFP([B[B)I+0
j  com.zkteco.biometric.FingerprintSensorEx.DBMatch(J[B[B)I+12
j  com.f6.functions.Lector.verifyFinger(Lorg/json/JSONArray;)Ljava/lang/String;+122
j  com.f6.Main$7.call([Ljava/lang/Object;)V+76
j  io.socket.emitter.Emitter.emit(Ljava/lang/String;[Ljava/lang/Object;)Lio/socket/emitter/Emitter;+49
j  io.socket.client.Socket.onevent(Lio/socket/parser/Packet;)V+118
j  io.socket.client.Socket.onpacket(Lio/socket/parser/Packet;)V+136
j  io.socket.client.Socket.access$100(Lio/socket/client/Socket;Lio/socket/parser/Packet;)V+2
j  io.socket.client.Socket$2$2.call([Ljava/lang/Object;)V+13
j  io.socket.emitter.Emitter.emit(Ljava/lang/String;[Ljava/lang/Object;)Lio/socket/emitter/Emitter;+49
j  io.socket.client.Manager.ondecoded(Lio/socket/parser/Packet;)V+11
j  io.socket.client.Manager.access$1200(Lio/socket/client/Manager;Lio/socket/parser/Packet;)V+2
j  io.socket.client.Manager$5.call(Lio/socket/parser/Packet;)V+5
j  io.socket.parser.IOParser$Decoder.add(Ljava/lang/String;)V+79
j  io.socket.client.Manager$2.call([Ljava/lang/Object;)V+22
j  io.socket.emitter.Emitter.emit(Ljava/lang/String;[Ljava/lang/Object;)Lio/socket/emitter/Emitter;+49
j  io.socket.engineio.client.Socket.onPacket(Lio/socket/engineio/parser/Packet;)V+257
j  io.socket.engineio.client.Socket.access$1000(Lio/socket/engineio/client/Socket;Lio/socket/engineio/parser/Packet;)V+2
j  io.socket.engineio.client.Socket$5.call([Ljava/lang/Object;)V+19
j  io.socket.emitter.Emitter.emit(Ljava/lang/String;[Ljava/lang/Object;)Lio/socket/emitter/Emitter;+49
j  io.socket.engineio.client.Transport.onPacket(Lio/socket/engineio/parser/Packet;)V+11
j  io.socket.engineio.client.Transport.onData(Ljava/lang/String;)V+5
j  io.socket.engineio.client.transports.WebSocket.access$100(Lio/socket/engineio/client/transports/WebSocket;Ljava/lang/String;)V+2
j  io.socket.engineio.client.transports.WebSocket$1$2.run()V+11
j  io.socket.thread.EventThread$2.run()V+4
j  java.util.concurrent.ThreadPoolExecutor.runWorker(Ljava/util/concurrent/ThreadPoolExecutor$Worker;)V+95
j  java.util.concurrent.ThreadPoolExecutor$Worker.run()V+5
j  java.lang.Thread.run()V+11
v  ~StubRoutines::call_stub

---------------  P R O C E S S  ---------------

Java Threads: ( => current thread )
=>0x00000166c23ac000 JavaThread "EventThread" [_thread_in_native, id=17784, stack(0x0000005fd5800000,0x0000005fd5900000)]
  0x00000166c23aa800 JavaThread "OkHttp Dispatcher" [_thread_blocked, id=9904, stack(0x0000005fd6100000,0x0000005fd6200000)]
  0x00000166c23ad800 JavaThread "OkHttp WebSocket http://localhost:3000/..." [_thread_blocked, id=2488, stack(0x0000005fd6000000,0x0000005fd6100000)]
  0x00000166c23ac800 JavaThread "pool-1-thread-1" [_thread_blocked, id=15664, stack(0x0000005fd5f00000,0x0000005fd6000000)]
  0x00000166c23ab000 JavaThread "OkHttp http://localhost:3000/..." [_thread_in_native, id=10896, stack(0x0000005fd5a00000,0x0000005fd5b00000)]
  0x00000166c239d800 JavaThread "Okio Watchdog" daemon [_thread_blocked, id=6516, stack(0x0000005fd5d00000,0x0000005fd5e00000)]
  0x00000166c239a000 JavaThread "OkHttp ConnectionPool" daemon [_thread_blocked, id=10564, stack(0x0000005fd5c00000,0x0000005fd5d00000)]
  0x00000166c22b4000 JavaThread "OkHttp Dispatcher" [_thread_blocked, id=7400, stack(0x0000005fd5b00000,0x0000005fd5c00000)]
  0x0000016693948800 JavaThread "DestroyJavaVM" [_thread_blocked, id=9004, stack(0x0000005fd4100000,0x0000005fd4200000)]
  0x00000166bae1b800 JavaThread "AWT-EventQueue-0" [_thread_blocked, id=18436, stack(0x0000005fd5700000,0x0000005fd5800000)]
  0x00000166b969c800 JavaThread "AWT-Windows" daemon [_thread_in_native, id=19464, stack(0x0000005fd5400000,0x0000005fd5500000)]
  0x00000166b969c000 JavaThread "AWT-Shutdown" [_thread_blocked, id=14412, stack(0x0000005fd5300000,0x0000005fd5400000)]
  0x00000166b9693000 JavaThread "Java2D Disposer" daemon [_thread_blocked, id=19084, stack(0x0000005fd5200000,0x0000005fd5300000)]
  0x00000166b843f000 JavaThread "Service Thread" daemon [_thread_blocked, id=20344, stack(0x0000005fd5000000,0x0000005fd5100000)]
  0x00000166b83a5800 JavaThread "C1 CompilerThread2" daemon [_thread_blocked, id=12080, stack(0x0000005fd4f00000,0x0000005fd5000000)]
  0x00000166b83a4000 JavaThread "C2 CompilerThread1" daemon [_thread_blocked, id=16084, stack(0x0000005fd4e00000,0x0000005fd4f00000)]
  0x00000166b83a8000 JavaThread "C2 CompilerThread0" daemon [_thread_blocked, id=15172, stack(0x0000005fd4d00000,0x0000005fd4e00000)]
  0x00000166b8399000 JavaThread "Attach Listener" daemon [_thread_blocked, id=17296, stack(0x0000005fd4c00000,0x0000005fd4d00000)]
  0x00000166b8398000 JavaThread "Signal Dispatcher" daemon [_thread_blocked, id=11792, stack(0x0000005fd4b00000,0x0000005fd4c00000)]
  0x00000166b8371800 JavaThread "Finalizer" daemon [_thread_blocked, id=12172, stack(0x0000005fd4a00000,0x0000005fd4b00000)]
  0x00000166b836a800 JavaThread "Reference Handler" daemon [_thread_blocked, id=2856, stack(0x0000005fd4900000,0x0000005fd4a00000)]

Other Threads:
  0x00000166b8342800 VMThread [stack: 0x0000005fd4800000,0x0000005fd4900000] [id=11332]
  0x00000166b8441000 WatcherThread [stack: 0x0000005fd5100000,0x0000005fd5200000] [id=17076]

VM state:not at safepoint (normal execution)

VM Mutex/Monitor currently owned by a thread: None

heap address: 0x00000005c2c00000, size: 8148 MB, Compressed Oops mode: Zero based, Oop shift amount: 3
Narrow klass base: 0x0000000000000000, Narrow klass shift: 3
Compressed class space size: 1073741824 Address: 0x00000007c0000000

Heap:
 PSYoungGen      total 152576K, used 60296K [0x0000000716400000, 0x0000000720e00000, 0x00000007c0000000)
  eden space 131072K, 46% used [0x0000000716400000,0x0000000719ee2318,0x000000071e400000)
  from space 21504K, 0% used [0x000000071f900000,0x000000071f900000,0x0000000720e00000)
  to   space 21504K, 0% used [0x000000071e400000,0x000000071e400000,0x000000071f900000)
 ParOldGen       total 348160K, used 0K [0x00000005c2c00000, 0x00000005d8000000, 0x0000000716400000)
  object space 348160K, 0% used [0x00000005c2c00000,0x00000005c2c00000,0x00000005d8000000)
 Metaspace       used 13671K, capacity 13922K, committed 14208K, reserved 1062912K
  class space    used 1540K, capacity 1623K, committed 1664K, reserved 1048576K

Card table byte_map: [0x00000166a4710000,0x00000166a5700000] byte_map_base: 0x00000166a18fa000

Marking Bits: (ParMarkBitMap*) 0x0000000063c5f940
 Begin Bits: [0x00000166a61a0000, 0x00000166ae0f0000)
 End Bits:   [0x00000166ae0f0000, 0x00000166b6040000)

Polling page: 0x0000016693b70000

CodeCache: size=245760Kb used=3855Kb max_used=3863Kb free=241904Kb
 bounds [0x0000016695350000, 0x0000016695720000, 0x00000166a4350000]
 total_blobs=1561 nmethods=1049 adapters=425
 compilation: enabled

Compilation events (10 events):
Event: 5.813 Thread 0x00000166b83a8000 1044       4       java.util.regex.Pattern$BmpCharProperty::match (50 bytes)
Event: 5.814 Thread 0x00000166b83a4000 nmethod 1038 0x0000016695713650 code [0x0000016695713780, 0x0000016695713838]
Event: 5.814 Thread 0x00000166b83a5800 nmethod 1046 0x0000016695715150 code [0x0000016695715440, 0x0000016695717678]
Event: 5.814 Thread 0x00000166b83a5800 1048       3       java.util.regex.Matcher::end (22 bytes)
Event: 5.814 Thread 0x00000166b83a5800 nmethod 1048 0x0000016695710d90 code [0x0000016695710f00, 0x0000016695711150]
Event: 5.814 Thread 0x00000166b83a5800 1049       1       java.util.Formatter$FormatSpecifier::index (5 bytes)
Event: 5.814 Thread 0x00000166b83a5800 nmethod 1049 0x0000016695710ad0 code [0x0000016695710c20, 0x0000016695710d38]
Event: 5.814 Thread 0x00000166b83a5800 1047       3       java.nio.charset.CoderResult::isUnderflow (13 bytes)
Event: 5.814 Thread 0x00000166b83a5800 nmethod 1047 0x0000016695710750 code [0x00000166957108a0, 0x0000016695710a58]
Event: 5.815 Thread 0x00000166b83a8000 nmethod 1044 0x0000016695710090 code [0x00000166957101e0, 0x0000016695710418]

GC Heap History (0 events):
No events

Deoptimization events (9 events):
Event: 0.103 Thread 0x0000016693948800 Uncommon trap: reason=loop_limit_check action=maybe_recompile pc=0x00000166954ba878 method=java.lang.String.equals(Ljava/lang/Object;)Z @ 56
Event: 0.481 Thread 0x00000166c210e000 Uncommon trap: reason=unstable_if action=reinterpret pc=0x000001669556697c method=java.lang.String.startsWith(Ljava/lang/String;I)Z @ 25
Event: 0.630 Thread 0x00000166c210e000 Uncommon trap: reason=unstable_if action=reinterpret pc=0x000001669569c9b0 method=java.lang.CharacterData.of(I)Ljava/lang/CharacterData; @ 4
Event: 0.636 Thread 0x00000166c210e000 Uncommon trap: reason=unstable_if action=reinterpret pc=0x000001669569d970 method=sun.security.util.DerValue.isPrintableStringChar(C)Z @ 9
Event: 0.649 Thread 0x00000166c210e000 Uncommon trap: reason=class_check action=maybe_recompile pc=0x00000166956b5e28 method=java.io.DataInputStream.readChar()C @ 4
Event: 0.649 Thread 0x00000166c210e000 Uncommon trap: reason=class_check action=maybe_recompile pc=0x00000166956b5e28 method=java.io.DataInputStream.readChar()C @ 4
Event: 0.649 Thread 0x00000166c210e000 Uncommon trap: reason=class_check action=maybe_recompile pc=0x00000166956b5e28 method=java.io.DataInputStream.readChar()C @ 4
Event: 0.649 Thread 0x00000166c210e000 Uncommon trap: reason=class_check action=maybe_recompile pc=0x00000166956b5e28 method=java.io.DataInputStream.readChar()C @ 4
Event: 0.693 Thread 0x00000166c23ac000 Uncommon trap: reason=loop_limit_check action=maybe_recompile pc=0x00000166956e1e34 method=java.util.regex.Pattern$Start.match(Ljava/util/regex/Matcher;ILjava/lang/CharSequence;)Z @ 37

Classes redefined (0 events):
No events

Internal exceptions (10 events):
Event: 0.107 Thread 0x0000016693948800 Exception <a 'sun/nio/fs/WindowsException'> (0x00000007165f2af0) thrown at [C:\workspace\openjdk-build\workspace\build\src\hotspot\src\share\vm\prims\jni.cpp, line 712]
Event: 0.117 Thread 0x0000016693948800 Exception <a 'java/security/PrivilegedActionException'> (0x00000007166177a8) thrown at [C:\workspace\openjdk-build\workspace\build\src\hotspot\src\share\vm\prims\jvm.cpp, line 1514]
Event: 0.117 Thread 0x0000016693948800 Exception <a 'java/security/PrivilegedActionException'> (0x00000007166179b8) thrown at [C:\workspace\openjdk-build\workspace\build\src\hotspot\src\share\vm\prims\jvm.cpp, line 1514]
Event: 0.118 Thread 0x0000016693948800 Exception <a 'java/security/PrivilegedActionException'> (0x000000071661c968) thrown at [C:\workspace\openjdk-build\workspace\build\src\hotspot\src\share\vm\prims\jvm.cpp, line 1514]
Event: 0.118 Thread 0x0000016693948800 Exception <a 'java/security/PrivilegedActionException'> (0x000000071661cb78) thrown at [C:\workspace\openjdk-build\workspace\build\src\hotspot\src\share\vm\prims\jvm.cpp, line 1514]
Event: 0.120 Thread 0x0000016693948800 Exception <a 'java/io/FileNotFoundException'> (0x000000071661f188) thrown at [C:\workspace\openjdk-build\workspace\build\src\hotspot\src\share\vm\prims\jni.cpp, line 712]
Event: 0.128 Thread 0x0000016693948800 Exception <a 'java/lang/ClassNotFoundException': sun/dc/DuctusRenderingEngine> (0x0000000716638a78) thrown at [C:\workspace\openjdk-build\workspace\build\src\hotspot\src\share\vm\classfile\systemDictionary.cpp, line 217]
Event: 0.151 Thread 0x0000016693948800 Exception <a 'java/io/FileNotFoundException'> (0x000000071667cca8) thrown at [C:\workspace\openjdk-build\workspace\build\src\hotspot\src\share\vm\prims\jni.cpp, line 712]
Event: 0.697 Thread 0x00000166c22b4000 Exception <a 'java/net/SocketTimeoutException': Read timed out> (0x00000007186957d0) thrown at [C:\workspace\openjdk-build\workspace\build\src\hotspot\src\share\vm\prims\jni.cpp, line 739]
Event: 0.711 Thread 0x00000166c22b4000 Exception <a 'java/net/SocketTimeoutException': Read timed out> (0x00000007186b20a8) thrown at [C:\workspace\openjdk-build\workspace\build\src\hotspot\src\share\vm\prims\jni.cpp, line 739]

Events (10 events):
Event: 7.978 loading class java/util/Base64$Encoder
Event: 7.978 loading class java/util/Base64$Encoder done
Event: 7.978 loading class sun/nio/cs/ISO_8859_1$Encoder
Event: 7.978 loading class sun/nio/cs/ISO_8859_1$Encoder done
Event: 7.978 Executing VM operation: Deoptimize
Event: 7.979 Executing VM operation: Deoptimize done
Event: 7.979 loading class sun/nio/cs/Surrogate$Parser
Event: 7.979 loading class sun/nio/cs/Surrogate$Parser done
Event: 7.979 loading class sun/nio/cs/Surrogate
Event: 7.979 loading class sun/nio/cs/Surrogate done


Dynamic libraries:
0x00007ff6938e0000 - 0x00007ff69392d000 	C:\Program Files\Eclipse Adoptium\jdk-8.0.482.8-hotspot\bin\java.exe
0x00007ffbc3e10000 - 0x00007ffbc4008000 	C:\Windows\SYSTEM32\ntdll.dll
0x00007ffbc3810000 - 0x00007ffbc38d2000 	C:\Windows\System32\KERNEL32.DLL
0x00007ffbc1a00000 - 0x00007ffbc1cf6000 	C:\Windows\System32\KERNELBASE.dll
0x00007ffbbe060000 - 0x00007ffbbe0f4000 	C:\Windows\SYSTEM32\apphelp.dll
0x00007ffbc3ac0000 - 0x00007ffbc3b71000 	C:\Windows\System32\ADVAPI32.dll
0x00007ffbc38e0000 - 0x00007ffbc397e000 	C:\Windows\System32\msvcrt.dll
0x00007ffbc2f50000 - 0x00007ffbc2fef000 	C:\Windows\System32\sechost.dll
0x00007ffbc3060000 - 0x00007ffbc3180000 	C:\Windows\System32\RPCRT4.dll
0x00007ffbc1610000 - 0x00007ffbc1637000 	C:\Windows\System32\bcrypt.dll
0x00007ffbc2da0000 - 0x00007ffbc2f41000 	C:\Windows\System32\USER32.dll
0x00007ffbc1870000 - 0x00007ffbc1892000 	C:\Windows\System32\win32u.dll
0x00007ffbc3c50000 - 0x00007ffbc3c7b000 	C:\Windows\System32\GDI32.dll
0x00007ffbc14f0000 - 0x00007ffbc1609000 	C:\Windows\System32\gdi32full.dll
0x00007ffbc17d0000 - 0x00007ffbc186d000 	C:\Windows\System32\msvcp_win.dll
0x00007ffbc1640000 - 0x00007ffbc1740000 	C:\Windows\System32\ucrtbase.dll
0x00007ffba7e10000 - 0x00007ffba80ab000 	C:\Windows\WinSxS\amd64_microsoft.windows.common-controls_6595b64144ccf1df_6.0.19041.6456_none_60b8a6cb71f64256\COMCTL32.dll
0x00007ffbc3180000 - 0x00007ffbc31af000 	C:\Windows\System32\IMM32.DLL
0x00007ffb7b590000 - 0x00007ffb7b5ae000 	C:\Program Files\Eclipse Adoptium\jdk-8.0.482.8-hotspot\jre\bin\vcruntime140.dll
0x00007ffb7faa0000 - 0x00007ffb7faac000 	C:\Program Files\Eclipse Adoptium\jdk-8.0.482.8-hotspot\jre\bin\vcruntime140_1.dll
0x00007ffb11b20000 - 0x00007ffb11bad000 	C:\Program Files\Eclipse Adoptium\jdk-8.0.482.8-hotspot\jre\bin\msvcp140.dll
0x0000000063440000 - 0x0000000063cd9000 	C:\Program Files\Eclipse Adoptium\jdk-8.0.482.8-hotspot\jre\bin\server\jvm.dll
0x00007ffbc2160000 - 0x00007ffbc2168000 	C:\Windows\System32\PSAPI.DLL
0x00007ffbb8920000 - 0x00007ffbb8947000 	C:\Windows\SYSTEM32\WINMM.dll
0x00007ffba3d40000 - 0x00007ffba3d49000 	C:\Windows\SYSTEM32\WSOCK32.dll
0x00007ffbbd0f0000 - 0x00007ffbbd0fa000 	C:\Windows\SYSTEM32\VERSION.dll
0x00007ffbc3c80000 - 0x00007ffbc3ceb000 	C:\Windows\System32\WS2_32.dll
0x00007ffbbf330000 - 0x00007ffbbf342000 	C:\Windows\SYSTEM32\kernel.appcore.dll
0x00007ffb7fa10000 - 0x00007ffb7fa20000 	C:\Program Files\Eclipse Adoptium\jdk-8.0.482.8-hotspot\jre\bin\verify.dll
0x00007ffb5f030000 - 0x00007ffb5f05b000 	C:\Program Files\Eclipse Adoptium\jdk-8.0.482.8-hotspot\jre\bin\java.dll
0x00007ffb7adf0000 - 0x00007ffb7ae08000 	C:\Program Files\Eclipse Adoptium\jdk-8.0.482.8-hotspot\jre\bin\zip.dll
0x00007ffbc2170000 - 0x00007ffbc28e0000 	C:\Windows\System32\SHELL32.dll
0x00007ffbbf530000 - 0x00007ffbbfcd5000 	C:\Windows\SYSTEM32\windows.storage.dll
0x00007ffbc28e0000 - 0x00007ffbc2c34000 	C:\Windows\System32\combase.dll
0x00007ffbc0ed0000 - 0x00007ffbc0efb000 	C:\Windows\SYSTEM32\Wldp.dll
0x00007ffbc3b80000 - 0x00007ffbc3c4d000 	C:\Windows\System32\OLEAUT32.dll
0x00007ffbc2c40000 - 0x00007ffbc2ced000 	C:\Windows\System32\SHCORE.dll
0x00007ffbc3a60000 - 0x00007ffbc3abb000 	C:\Windows\System32\shlwapi.dll
0x00007ffbc13d0000 - 0x00007ffbc13f4000 	C:\Windows\SYSTEM32\profapi.dll
0x00007ffb780a0000 - 0x00007ffb780bc000 	C:\Program Files\Eclipse Adoptium\jdk-8.0.482.8-hotspot\jre\bin\net.dll
0x00007ffbc0c30000 - 0x00007ffbc0c9a000 	C:\Windows\system32\mswsock.dll
0x00007ffb5efd0000 - 0x00007ffb5efe3000 	C:\Program Files\Eclipse Adoptium\jdk-8.0.482.8-hotspot\jre\bin\nio.dll
0x00007ffb0e6f0000 - 0x00007ffb0e86d000 	C:\Program Files\Eclipse Adoptium\jdk-8.0.482.8-hotspot\jre\bin\awt.dll
0x00007ffbbee40000 - 0x00007ffbbeede000 	C:\Windows\system32\uxtheme.dll
0x00007ffbc1e30000 - 0x00007ffbc1f45000 	C:\Windows\System32\MSCTF.dll
0x00007ffbc3260000 - 0x00007ffbc338b000 	C:\Windows\System32\ole32.dll
0x00007ffbc1740000 - 0x00007ffbc17c2000 	C:\Windows\System32\bcryptPrimitives.dll
0x00007ffbbf150000 - 0x00007ffbbf17e000 	C:\Windows\system32\DWMAPI.DLL
0x00007ffba7580000 - 0x00007ffba76a8000 	C:\Windows\system32\opengl32.dll
0x00007ffba7130000 - 0x00007ffba715c000 	C:\Windows\SYSTEM32\GLU32.dll
0x00007ffb95840000 - 0x00007ffb95a11000 	C:\Windows\system32\d3d9.dll
0x00007ffbb8e80000 - 0x00007ffbb8f82000 	C:\Windows\System32\DriverStore\FileRepository\nv_dispi.inf_amd64_60daf66a00f2e0b6\nvldumdx.dll
0x00007ffbc1060000 - 0x00007ffbc1072000 	C:\Windows\SYSTEM32\msasn1.dll
0x00007ffbba1a0000 - 0x00007ffbba1d1000 	C:\Windows\SYSTEM32\cryptnet.dll
0x00007ffbc18a0000 - 0x00007ffbc19fd000 	C:\Windows\System32\CRYPT32.dll
0x00007ffbc0e20000 - 0x00007ffbc0e2c000 	C:\Windows\SYSTEM32\cryptbase.dll
0x00007ffbc1db0000 - 0x00007ffbc1e23000 	C:\Windows\System32\WINTRUST.DLL
0x00007ffbc2cf0000 - 0x00007ffbc2d0d000 	C:\Windows\System32\imagehlp.dll
0x00007ffbc0e30000 - 0x00007ffbc0e48000 	C:\Windows\SYSTEM32\CRYPTSP.dll
0x00007ffbc04e0000 - 0x00007ffbc0518000 	C:\Windows\system32\rsaenh.dll
0x00007ffb3b610000 - 0x00007ffb3d02b000 	C:\Windows\System32\DriverStore\FileRepository\nv_dispi.inf_amd64_60daf66a00f2e0b6\nvd3dumx.dll
0x00007ffb52200000 - 0x00007ffb523ad000 	C:\Windows\System32\DriverStore\FileRepository\iigd_dch.inf_amd64_99115f8a30a091a2\igdumdim64.dll
0x00007ffb333a0000 - 0x00007ffb36444000 	C:\Windows\System32\DriverStore\FileRepository\iigd_dch.inf_amd64_99115f8a30a091a2\igd9dxva64.dll
0x00007ffbc33a0000 - 0x00007ffbc3810000 	C:\Windows\System32\SETUPAPI.dll
0x00007ffbc14a0000 - 0x00007ffbc14ee000 	C:\Windows\System32\cfgmgr32.dll
0x00007ffbb1a30000 - 0x00007ffbb1e39000 	C:\Windows\System32\DriverStore\FileRepository\iigd_dch.inf_amd64_99115f8a30a091a2\igdgmm64.dll
0x00007ffbbfcf0000 - 0x00007ffbbfd13000 	C:\Windows\SYSTEM32\gpapi.dll
0x00007ffbbb950000 - 0x00007ffbbb98b000 	C:\Windows\SYSTEM32\dxcore.dll
0x00007ffb0e660000 - 0x00007ffb0e6e6000 	C:\Program Files\Eclipse Adoptium\jdk-8.0.482.8-hotspot\jre\bin\freetype.dll
0x00007ffb550b0000 - 0x00007ffb55100000 	C:\Program Files\Eclipse Adoptium\jdk-8.0.482.8-hotspot\jre\bin\fontmanager.dll
0x00007ffbba070000 - 0x00007ffbba11e000 	C:\Windows\SYSTEM32\mscms.dll
0x00007ffbc1390000 - 0x00007ffbc13be000 	C:\Windows\SYSTEM32\USERENV.dll
0x00007ffbba9c0000 - 0x00007ffbba9d1000 	C:\Windows\SYSTEM32\ColorAdapterClient.dll
0x00007ffba6480000 - 0x00007ffba64c5000 	C:\Windows\SYSTEM32\icm32.dll
0x00007ffba0b00000 - 0x00007ffba0b17000 	C:\Windows\system32\napinsp.dll
0x00007ffba0ad0000 - 0x00007ffba0aeb000 	C:\Windows\system32\pnrpnsp.dll
0x00007ffba0a20000 - 0x00007ffba0a3d000 	C:\Windows\system32\wshbth.dll
0x00007ffbbcd70000 - 0x00007ffbbcd8d000 	C:\Windows\system32\NLAapi.dll
0x00007ffbc08c0000 - 0x00007ffbc08fb000 	C:\Windows\SYSTEM32\IPHLPAPI.DLL
0x00007ffbc0900000 - 0x00007ffbc09ca000 	C:\Windows\SYSTEM32\DNSAPI.dll
0x00007ffbc3390000 - 0x00007ffbc3398000 	C:\Windows\System32\NSI.dll
0x00007ffba09d0000 - 0x00007ffba09e2000 	C:\Windows\System32\winrnr.dll
0x00007ffbba620000 - 0x00007ffbba62a000 	C:\Windows\System32\rasadhlp.dll
0x00007ffbba360000 - 0x00007ffbba3e0000 	C:\Windows\System32\fwpuclnt.dll
0x00007ffb54c10000 - 0x00007ffb54c35000 	C:\Program Files\Eclipse Adoptium\jdk-8.0.482.8-hotspot\jre\bin\sunec.dll
0x00007ffb7eb50000 - 0x00007ffb7eb5e000 	C:\Program Files\Eclipse Adoptium\jdk-8.0.482.8-hotspot\jre\bin\sunmscapi.dll
0x00007ffbc0f40000 - 0x00007ffbc0f67000 	C:\Windows\SYSTEM32\ncrypt.dll
0x00007ffbc0f00000 - 0x00007ffbc0f3b000 	C:\Windows\SYSTEM32\NTASN1.dll
0x00007ffbbb910000 - 0x00007ffbbb927000 	C:\Windows\SYSTEM32\dhcpcsvc6.DLL
0x00007ffbbb8e0000 - 0x00007ffbbb8fd000 	C:\Windows\SYSTEM32\dhcpcsvc.DLL
0x00007ffb16c80000 - 0x00007ffb16cca000 	C:\Windows\System32\libzkfp.dll
0x00007ffb7e120000 - 0x00007ffb7e13e000 	C:\Windows\SYSTEM32\ZKFPCap.dll
0x00007ffb0e560000 - 0x00007ffb0e652000 	C:\Windows\SYSTEM32\fpslib.dll
0x00007ffb7e100000 - 0x00007ffb7e11d000 	C:\Windows\SYSTEM32\ZKFPSensors\libidfprcap.dll
0x00007ffb7da20000 - 0x00007ffb7da4d000 	C:\Windows\SYSTEM32\ZKFPSensors\libsilkidcap.dll
0x00007ffb7d960000 - 0x00007ffb7d97c000 	C:\Windows\SYSTEM32\libzksensorcore.dll
0x0000000063420000 - 0x0000000063435000 	C:\Windows\SYSTEM32\libusb0.dll
0x00007ffb10210000 - 0x00007ffb10258000 	C:\Windows\SYSTEM32\ZKFPSensors\libzklibcap.dll
0x0000000180000000 - 0x0000000180022000 	C:\Windows\SYSTEM32\zkfpslibLow.dll
0x00000166c16b0000 - 0x00000166c1dc0000 	C:\Windows\SYSTEM32\fppswsk.dll
0x00007ffb94350000 - 0x00007ffb943f4000 	C:\Windows\SYSTEM32\WINSPOOL.DRV
0x00007ffbc1230000 - 0x00007ffbc1263000 	C:\Windows\SYSTEM32\DEVOBJ.dll
0x00007ffba8780000 - 0x00007ffba8981000 	C:\Windows\SYSTEM32\dbghelp.dll

VM Arguments:
jvm_args: -Dfile.encoding=UTF-8 -Duser.country=US -Duser.language=en -Duser.variant 
java_command: com.f6.Main
java_class_path (initial): C:\Users\Administrador\Desktop\proyectos\gestlab-client\build\classes\java\main;C:\Users\Administrador\Desktop\proyectos\gestlab-client\build\resources\main;C:\Users\Administrador\.gradle\caches\modules-2\files-2.1\io.socket\socket.io-client\2.0.1\d132c5928e7e93c43b8be0e0513c3e12309523e2\socket.io-client-2.0.1.jar;C:\Users\Administrador\.gradle\caches\modules-2\files-2.1\io.socket\engine.io-client\2.0.0\9d4a84db8ab071574e62cfce67e35bf5194f4c76\engine.io-client-2.0.0.jar;C:\Users\Administrador\.gradle\caches\modules-2\files-2.1\org.json\json\20210307\528c8df3757e8bcf151817b1d7b9b434f6aa08d5\json-20210307.jar;C:\Users\Administrador\Desktop\proyectos\gestlab-client\lib\zkfinger-2.0.jar;C:\Users\Administrador\.gradle\caches\modules-2\files-2.1\com.squareup.okhttp3\okhttp\3.12.12\d3e1ce1d2b3119adf270b2d00d947beb03fe3321\okhttp-3.12.12.jar;C:\Users\Administrador\.gradle\caches\modules-2\files-2.1\com.squareup.okio\okio\1.15.0\bc28b5a964c8f5721eb58ee3f3c47a9bcbf4f4d8\okio-1.15.0.jar
Launcher Type: SUN_STANDARD

Environment Variables:
JAVA_HOME=C:\Program Files\Eclipse Adoptium\jdk-21.0.11.10-hotspot\
USERNAME=Administrador
OS=Windows_NT
PROCESSOR_IDENTIFIER=Intel64 Family 6 Model 158 Stepping 10, GenuineIntel



---------------  S Y S T E M  ---------------

OS: Windows 10 , 64 bit Build 19041 (10.0.19041.5915)

CPU:total 6 (initial active 6) (6 cores per cpu, 1 threads per core) family 6 model 158 stepping 10, cmov, cx8, fxsr, mmx, sse, sse2, sse3, ssse3, sse4.1, sse4.2, popcnt, avx, avx2, aes, clmul, erms, rtm, 3dnowpref, lzcnt, tsc, tscinvbit, bmi1, bmi2, adx

Memory: 4k page, physical 33373432k(15614624k free), swap 38354168k(13734856k free)

vm_info: OpenJDK 64-Bit Server VM (25.482-b08) for windows-amd64 JRE (1.8.0_482-b08), built on Jan 21 2026 06:10:28 by "ContainerUser" with unknown MS VC++:1937

time: Fri May 22 16:34:06 2026
timezone: Venezuela Standard Time
elapsed time: 7.994792 seconds (0d 0h 0m 7s)

