#
# A fatal error has been detected by the Java Runtime Environment:
#
#  EXCEPTION_ACCESS_VIOLATION (0xc0000005) at pc=0x0000000180009bf2, pid=9540, tid=0x0000000000002c84
#
# JRE version: OpenJDK Runtime Environment (8.0_482-b08) (build 1.8.0_482-b08)
# Java VM: OpenJDK 64-Bit Server VM (25.482-b08 mixed mode windows-amd64 compressed oops)
# Problematic frame:
# C  [zkfpslibLow.dll+0x9bf2]
#
# Failed to write core dump. Minidumps are not enabled by default on client versions of Windows
#
# If you would like to submit a bug report, please visit:
#   https://github.com/adoptium/adoptium-support/issues
# The crash happened outside the Java Virtual Machine in native code.
# See problematic frame for where to report the bug.
#

---------------  T H R E A D  ---------------

Current thread (0x000001ed2c0cf000):  JavaThread "EventThread" [_thread_in_native, id=11396, stack(0x0000007785d00000,0x0000007785e00000)]

siginfo: ExceptionCode=0xc0000005, writing address 0x000000018001f000

Registers:
RAX=0x0000000000000000, RBX=0x00000000000004a4, RCX=0x000000018001f010, RDX=0x000001eba33ee850
RSP=0x0000007785dfe4a8, RBP=0x000001ed2340b070, RSI=0x000001ed2b419d50, RDI=0x000001ed2b419d20
R8 =0x0000000000003081, R9 =0x0000000000000004, R10=0x0000000000000000, R11=0x000000018001c010
R12=0x000001ed2340a860, R13=0x0000000000000800, R14=0x0000007785dfe678, R15=0x000001ed2c0cf000
RIP=0x0000000180009bf2, EFLAGS=0x0000000000010202

Top of Stack: (sp=0x0000007785dfe4a8)
0x0000007785dfe4a8:   00000001800039dc 000000000000001e
0x0000007785dfe4b8:   0000000180003252 00007ffb0e7c24e0
0x0000007785dfe4c8:   0000000000000000 000001ed2340b070
0x0000007785dfe4d8:   000001ed2b2f1c80 0000007785dfe650
0x0000007785dfe4e8:   00007ffb0e6e30cd 0000000000000000
0x0000007785dfe4f8:   00007ffb0e7c24e0 000001ed2340a860
0x0000007785dfe508:   0000000000000000 0000000000000001
0x0000007785dfe518:   0000007785dfe4f0 000001ed2340a860
0x0000007785dfe528:   00007ffb550b4caf 000001ed2340b070
0x0000007785dfe538:   0000007785dfe670 000001ed2340a860
0x0000007785dfe548:   000001ed2c0cf260 000001ed2c0cf260
0x0000007785dfe558:   00007ffb550b36da 000001ed2340b070
0x0000007785dfe568:   0000007785dfe670 0000007785dfe678
0x0000007785dfe578:   00000000000001b0 0000007700000800
0x0000007785dfe588:   000001ed2d1459c8 0000007785dfe618
0x0000007785dfe598:   0000007785dfe560 000001ed2340a860 

Instructions: (pc=0x0000000180009bf2)
0x0000000180009bd2:   04 0a 4c 8b 54 0a 08 48 83 c1 20 48 89 41 e0 4c
0x0000000180009be2:   89 51 e8 48 8b 44 0a f0 4c 8b 54 0a f8 49 ff c9
0x0000000180009bf2:   48 89 41 f0 4c 89 51 f8 75 d4 49 83 e0 1f e9 71
0x0000000180009c02:   ff ff ff 66 66 66 0f 1f 84 00 00 00 00 00 66 90 


Register to memory mapping:

RAX=0x0000000000000000 is an unknown value
RBX=0x00000000000004a4 is an unknown value
RCX=0x000000018001f010 is an unknown value
RDX=0x000001eba33ee850 is an unknown value
RSP=0x0000007785dfe4a8 is pointing into the stack for thread: 0x000001ed2c0cf000
RBP=0x000001ed2340b070 is an unknown value
RSI=0x000001ed2b419d50 is an unknown value
RDI=0x000001ed2b419d20 is an unknown value
R8 =0x0000000000003081 is an unknown value
R9 =0x0000000000000004 is an unknown value
R10=0x0000000000000000 is an unknown value
R11=0x000000018001c010 is an unknown value
R12=0x000001ed2340a860 is an unknown value
R13=0x0000000000000800 is an unknown value
R14=0x0000007785dfe678 is pointing into the stack for thread: 0x000001ed2c0cf000
R15=0x000001ed2c0cf000 is a thread


Stack: [0x0000007785d00000,0x0000007785e00000],  sp=0x0000007785dfe4a8,  free space=1017k
Native frames: (J=compiled Java code, j=interpreted, Vv=VM code, C=native code)
C  [zkfpslibLow.dll+0x9bf2]

Java frames: (J=compiled Java code, j=interpreted, Vv=VM code)
j  com.zkteco.biometric.ZKFPService.MatchFP([B[B)I+0
j  com.zkteco.biometric.FingerprintSensorEx.DBMatch(J[B[B)I+12
j  com.f6.functions.Lector.verifyFinger(Lorg/json/JSONArray;)Ljava/lang/String;+191
j  com.f6.Main$7.call([Ljava/lang/Object;)V+76
j  io.socket.emitter.Emitter.emit(Ljava/lang/String;[Ljava/lang/Object;)Lio/socket/emitter/Emitter;+49
j  io.socket.client.Socket.onevent(Lio/socket/parser/Packet;)V+118
j  io.socket.client.Socket.onpacket(Lio/socket/parser/Packet;)V+136
j  io.socket.client.Socket.access$100(Lio/socket/client/Socket;Lio/socket/parser/Packet;)V+2
j  io.socket.client.Socket$2$2.call([Ljava/lang/Object;)V+13
j  io.socket.emitter.Emitter.emit(Ljava/lang/String;[Ljava/lang/Object;)Lio/socket/emitter/Emitter;+49
j  io.socket.client.Manager.ondecoded(Lio/socket/parser/Packet;)V+11
j  io.socket.client.Manager.access$1200(Lio/socket/client/Manager;Lio/socket/parser/Packet;)V+2
j  io.socket.client.Manager$5.call(Lio/socket/parser/Packet;)V+5
j  io.socket.parser.IOParser$Decoder.add(Ljava/lang/String;)V+79
j  io.socket.client.Manager$2.call([Ljava/lang/Object;)V+22
j  io.socket.emitter.Emitter.emit(Ljava/lang/String;[Ljava/lang/Object;)Lio/socket/emitter/Emitter;+49
j  io.socket.engineio.client.Socket.onPacket(Lio/socket/engineio/parser/Packet;)V+257
j  io.socket.engineio.client.Socket.access$1000(Lio/socket/engineio/client/Socket;Lio/socket/engineio/parser/Packet;)V+2
j  io.socket.engineio.client.Socket$5.call([Ljava/lang/Object;)V+19
j  io.socket.emitter.Emitter.emit(Ljava/lang/String;[Ljava/lang/Object;)Lio/socket/emitter/Emitter;+49
j  io.socket.engineio.client.Transport.onPacket(Lio/socket/engineio/parser/Packet;)V+11
j  io.socket.engineio.client.Transport.onData(Ljava/lang/String;)V+5
j  io.socket.engineio.client.transports.WebSocket.access$100(Lio/socket/engineio/client/transports/WebSocket;Ljava/lang/String;)V+2
j  io.socket.engineio.client.transports.WebSocket$1$2.run()V+11
j  io.socket.thread.EventThread$2.run()V+4
j  java.util.concurrent.ThreadPoolExecutor.runWorker(Ljava/util/concurrent/ThreadPoolExecutor$Worker;)V+95
j  java.util.concurrent.ThreadPoolExecutor$Worker.run()V+5
j  java.lang.Thread.run()V+11
v  ~StubRoutines::call_stub

---------------  P R O C E S S  ---------------

Java Threads: ( => current thread )
=>0x000001ed2c0cf000 JavaThread "EventThread" [_thread_in_native, id=11396, stack(0x0000007785d00000,0x0000007785e00000)]
  0x000001ed2c0cf800 JavaThread "OkHttp WebSocket http://localhost:3000/..." [_thread_blocked, id=2544, stack(0x0000007786600000,0x0000007786700000)]
  0x000001ed2c0cc800 JavaThread "OkHttp Dispatcher" [_thread_blocked, id=6004, stack(0x0000007786500000,0x0000007786600000)]
  0x000001ed2c0d1800 JavaThread "pool-1-thread-1" [_thread_blocked, id=17048, stack(0x0000007786400000,0x0000007786500000)]
  0x000001ed2c0ce000 JavaThread "OkHttp http://localhost:3000/..." [_thread_in_native, id=19620, stack(0x0000007785f00000,0x0000007786000000)]
  0x000001ed2c0cc000 JavaThread "Okio Watchdog" daemon [_thread_blocked, id=15616, stack(0x0000007786200000,0x0000007786300000)]
  0x000001ed23430800 JavaThread "OkHttp ConnectionPool" daemon [_thread_blocked, id=19088, stack(0x0000007786100000,0x0000007786200000)]
  0x000001ed23431000 JavaThread "OkHttp Dispatcher" [_thread_blocked, id=14488, stack(0x0000007786000000,0x0000007786100000)]
  0x000001ed23436000 JavaThread "DestroyJavaVM" [_thread_blocked, id=15948, stack(0x0000007784600000,0x0000007784700000)]
  0x000001ed2342f800 JavaThread "AWT-EventQueue-0" [_thread_blocked, id=16012, stack(0x0000007785c00000,0x0000007785d00000)]
  0x000001ed23435000 JavaThread "AWT-Windows" daemon [_thread_in_native, id=14900, stack(0x0000007785900000,0x0000007785a00000)]
  0x000001ed23433800 JavaThread "AWT-Shutdown" [_thread_blocked, id=3736, stack(0x0000007785800000,0x0000007785900000)]
  0x000001ed23434800 JavaThread "Java2D Disposer" daemon [_thread_blocked, id=4392, stack(0x0000007785700000,0x0000007785800000)]
  0x000001ed221da000 JavaThread "Service Thread" daemon [_thread_blocked, id=16840, stack(0x0000007785500000,0x0000007785600000)]
  0x000001ed22144800 JavaThread "C1 CompilerThread2" daemon [_thread_blocked, id=14632, stack(0x0000007785400000,0x0000007785500000)]
  0x000001ed22143800 JavaThread "C2 CompilerThread1" daemon [_thread_blocked, id=20120, stack(0x0000007785300000,0x0000007785400000)]
  0x000001ed22141000 JavaThread "C2 CompilerThread0" daemon [_thread_blocked, id=4776, stack(0x0000007785200000,0x0000007785300000)]
  0x000001ed22139800 JavaThread "Attach Listener" daemon [_thread_blocked, id=11776, stack(0x0000007785100000,0x0000007785200000)]
  0x000001ed22138000 JavaThread "Signal Dispatcher" daemon [_thread_blocked, id=12800, stack(0x0000007785000000,0x0000007785100000)]
  0x000001ed22112800 JavaThread "Finalizer" daemon [_thread_blocked, id=11684, stack(0x0000007784f00000,0x0000007785000000)]
  0x000001ed2210a800 JavaThread "Reference Handler" daemon [_thread_blocked, id=12944, stack(0x0000007784e00000,0x0000007784f00000)]

Other Threads:
  0x000001ed2177e800 VMThread [stack: 0x0000007784d00000,0x0000007784e00000] [id=2244]
  0x000001ed221dd000 WatcherThread [stack: 0x0000007785600000,0x0000007785700000] [id=7572]

VM state:not at safepoint (normal execution)

VM Mutex/Monitor currently owned by a thread: None

heap address: 0x00000005c2c00000, size: 8148 MB, Compressed Oops mode: Zero based, Oop shift amount: 3
Narrow klass base: 0x0000000000000000, Narrow klass shift: 3
Compressed class space size: 1073741824 Address: 0x00000007c0000000

Heap:
 PSYoungGen      total 152576K, used 65537K [0x0000000716400000, 0x0000000720e00000, 0x00000007c0000000)
  eden space 131072K, 50% used [0x0000000716400000,0x000000071a400718,0x000000071e400000)
  from space 21504K, 0% used [0x000000071f900000,0x000000071f900000,0x0000000720e00000)
  to   space 21504K, 0% used [0x000000071e400000,0x000000071e400000,0x000000071f900000)
 ParOldGen       total 348160K, used 0K [0x00000005c2c00000, 0x00000005d8000000, 0x0000000716400000)
  object space 348160K, 0% used [0x00000005c2c00000,0x00000005c2c00000,0x00000005d8000000)
 Metaspace       used 13679K, capacity 13922K, committed 14208K, reserved 1062912K
  class space    used 1539K, capacity 1623K, committed 1664K, reserved 1048576K

Card table byte_map: [0x000001ed0f000000,0x000001ed0fff0000] byte_map_base: 0x000001ed0c1ea000

Marking Bits: (ParMarkBitMap*) 0x0000000063c5f940
 Begin Bits: [0x000001ed0fff0000, 0x000001ed17f40000)
 End Bits:   [0x000001ed17f40000, 0x000001ed1fe90000)

Polling page: 0x000001ed7d8f0000

CodeCache: size=245760Kb used=3848Kb max_used=3857Kb free=241912Kb
 bounds [0x000001ed00000000, 0x000001ed003d0000, 0x000001ed0f000000]
 total_blobs=1572 nmethods=1060 adapters=425
 compilation: enabled

Compilation events (10 events):
Event: 11.270 Thread 0x000001ed22143800 1053       4       java.util.regex.Pattern$BmpCharProperty::match (50 bytes)
Event: 11.270 Thread 0x000001ed22144800 nmethod 1058 0x000001ed003c1f90 code [0x000001ed003c2280, 0x000001ed003c44b8]
Event: 11.270 Thread 0x000001ed22144800 1057       3       java.util.Locale::hashCode (41 bytes)
Event: 11.270 Thread 0x000001ed22144800 nmethod 1057 0x000001ed003bd9d0 code [0x000001ed003bdb40, 0x000001ed003bdec0]
Event: 11.270 Thread 0x000001ed22144800 1060       1       java.util.Formatter$FormatSpecifier::index (5 bytes)
Event: 11.270 Thread 0x000001ed22144800 nmethod 1060 0x000001ed003bd710 code [0x000001ed003bd860, 0x000001ed003bd978]
Event: 11.270 Thread 0x000001ed22144800 1059       3       java.util.regex.Pattern$CharProperty::match (56 bytes)
Event: 11.270 Thread 0x000001ed22141000 nmethod 1046 0x000001ed003bfb50 code [0x000001ed003bfca0, 0x000001ed003bffd8]
Event: 11.270 Thread 0x000001ed22144800 nmethod 1059 0x000001ed003bf350 code [0x000001ed003bf4e0, 0x000001ed003bf9d0]
Event: 11.271 Thread 0x000001ed22143800 nmethod 1053 0x000001ed003beb50 code [0x000001ed003beca0, 0x000001ed003beed8]

GC Heap History (0 events):
No events

Deoptimization events (10 events):
Event: 0.643 Thread 0x000001ed23430800 Uncommon trap: reason=unstable_if action=reinterpret pc=0x000001ed003436b0 method=java.lang.CharacterData.of(I)Ljava/lang/CharacterData; @ 4
Event: 0.663 Thread 0x000001ed23430800 Uncommon trap: reason=class_check action=maybe_recompile pc=0x000001ed00368544 method=java.io.DataInputStream.readInt()I @ 4
Event: 0.663 Thread 0x000001ed23430800 Uncommon trap: reason=class_check action=maybe_recompile pc=0x000001ed00368544 method=java.io.DataInputStream.readInt()I @ 4
Event: 0.663 Thread 0x000001ed23430800 Uncommon trap: reason=class_check action=maybe_recompile pc=0x000001ed00368544 method=java.io.DataInputStream.readInt()I @ 4
Event: 0.663 Thread 0x000001ed23430800 Uncommon trap: reason=class_check action=maybe_recompile pc=0x000001ed00368544 method=java.io.DataInputStream.readInt()I @ 4
Event: 0.663 Thread 0x000001ed23430800 Uncommon trap: reason=class_check action=maybe_recompile pc=0x000001ed0035aba8 method=java.io.DataInputStream.readChar()C @ 4
Event: 0.663 Thread 0x000001ed23430800 Uncommon trap: reason=class_check action=maybe_recompile pc=0x000001ed0035aba8 method=java.io.DataInputStream.readChar()C @ 4
Event: 0.663 Thread 0x000001ed23430800 Uncommon trap: reason=class_check action=maybe_recompile pc=0x000001ed0035aba8 method=java.io.DataInputStream.readChar()C @ 4
Event: 0.663 Thread 0x000001ed23430800 Uncommon trap: reason=class_check action=maybe_recompile pc=0x000001ed0035aba8 method=java.io.DataInputStream.readChar()C @ 4
Event: 0.708 Thread 0x000001ed2c0cd800 Uncommon trap: reason=loop_limit_check action=maybe_recompile pc=0x000001ed0038d358 method=java.util.regex.Pattern$Start.match(Ljava/util/regex/Matcher;ILjava/lang/CharSequence;)Z @ 37

Classes redefined (0 events):
No events

Internal exceptions (10 events):
Event: 0.107 Thread 0x000001ed7d776800 Exception <a 'sun/nio/fs/WindowsException'> (0x00000007165f2af0) thrown at [C:\workspace\openjdk-build\workspace\build\src\hotspot\src\share\vm\prims\jni.cpp, line 712]
Event: 0.119 Thread 0x000001ed7d776800 Exception <a 'java/security/PrivilegedActionException'> (0x00000007166177a8) thrown at [C:\workspace\openjdk-build\workspace\build\src\hotspot\src\share\vm\prims\jvm.cpp, line 1514]
Event: 0.119 Thread 0x000001ed7d776800 Exception <a 'java/security/PrivilegedActionException'> (0x00000007166179b8) thrown at [C:\workspace\openjdk-build\workspace\build\src\hotspot\src\share\vm\prims\jvm.cpp, line 1514]
Event: 0.119 Thread 0x000001ed7d776800 Exception <a 'java/security/PrivilegedActionException'> (0x000000071661c968) thrown at [C:\workspace\openjdk-build\workspace\build\src\hotspot\src\share\vm\prims\jvm.cpp, line 1514]
Event: 0.119 Thread 0x000001ed7d776800 Exception <a 'java/security/PrivilegedActionException'> (0x000000071661cb78) thrown at [C:\workspace\openjdk-build\workspace\build\src\hotspot\src\share\vm\prims\jvm.cpp, line 1514]
Event: 0.124 Thread 0x000001ed7d776800 Exception <a 'java/io/FileNotFoundException'> (0x000000071661f188) thrown at [C:\workspace\openjdk-build\workspace\build\src\hotspot\src\share\vm\prims\jni.cpp, line 712]
Event: 0.132 Thread 0x000001ed7d776800 Exception <a 'java/lang/ClassNotFoundException': sun/dc/DuctusRenderingEngine> (0x0000000716638a78) thrown at [C:\workspace\openjdk-build\workspace\build\src\hotspot\src\share\vm\classfile\systemDictionary.cpp, line 217]
Event: 0.156 Thread 0x000001ed7d776800 Exception <a 'java/io/FileNotFoundException'> (0x000000071667cca8) thrown at [C:\workspace\openjdk-build\workspace\build\src\hotspot\src\share\vm\prims\jni.cpp, line 712]
Event: 0.712 Thread 0x000001ed23431000 Exception <a 'java/net/SocketTimeoutException': Read timed out> (0x0000000718695020) thrown at [C:\workspace\openjdk-build\workspace\build\src\hotspot\src\share\vm\prims\jni.cpp, line 739]
Event: 0.728 Thread 0x000001ed2c0cc800 Exception <a 'java/net/SocketTimeoutException': Read timed out> (0x0000000719219800) thrown at [C:\workspace\openjdk-build\workspace\build\src\hotspot\src\share\vm\prims\jni.cpp, line 739]

Events (10 events):
Event: 13.758 loading class java/util/Base64$Encoder
Event: 13.758 loading class java/util/Base64$Encoder done
Event: 13.758 loading class sun/nio/cs/ISO_8859_1$Encoder
Event: 13.758 loading class sun/nio/cs/ISO_8859_1$Encoder done
Event: 13.758 Executing VM operation: Deoptimize
Event: 13.758 Executing VM operation: Deoptimize done
Event: 13.758 loading class sun/nio/cs/Surrogate$Parser
Event: 13.758 loading class sun/nio/cs/Surrogate$Parser done
Event: 13.758 loading class sun/nio/cs/Surrogate
Event: 13.758 loading class sun/nio/cs/Surrogate done


Dynamic libraries:
0x00007ff6938e0000 - 0x00007ff69392d000 	C:\Program Files\Eclipse Adoptium\jdk-8.0.482.8-hotspot\bin\java.exe
0x00007ffbc3e10000 - 0x00007ffbc4008000 	C:\Windows\SYSTEM32\ntdll.dll
0x00007ffbc3810000 - 0x00007ffbc38d2000 	C:\Windows\System32\KERNEL32.DLL
0x00007ffbc1a00000 - 0x00007ffbc1cf6000 	C:\Windows\System32\KERNELBASE.dll
0x00007ffbbe060000 - 0x00007ffbbe0f4000 	C:\Windows\SYSTEM32\apphelp.dll
0x00007ffbc3ac0000 - 0x00007ffbc3b71000 	C:\Windows\System32\ADVAPI32.dll
0x00007ffbc38e0000 - 0x00007ffbc397e000 	C:\Windows\System32\msvcrt.dll
0x00007ffbc2f50000 - 0x00007ffbc2fef000 	C:\Windows\System32\sechost.dll
0x00007ffbc3060000 - 0x00007ffbc3180000 	C:\Windows\System32\RPCRT4.dll
0x00007ffbc1610000 - 0x00007ffbc1637000 	C:\Windows\System32\bcrypt.dll
0x00007ffbc2da0000 - 0x00007ffbc2f41000 	C:\Windows\System32\USER32.dll
0x00007ffbc1870000 - 0x00007ffbc1892000 	C:\Windows\System32\win32u.dll
0x00007ffbc3c50000 - 0x00007ffbc3c7b000 	C:\Windows\System32\GDI32.dll
0x00007ffbc14f0000 - 0x00007ffbc1609000 	C:\Windows\System32\gdi32full.dll
0x00007ffbc17d0000 - 0x00007ffbc186d000 	C:\Windows\System32\msvcp_win.dll
0x00007ffbc1640000 - 0x00007ffbc1740000 	C:\Windows\System32\ucrtbase.dll
0x00007ffba7e10000 - 0x00007ffba80ab000 	C:\Windows\WinSxS\amd64_microsoft.windows.common-controls_6595b64144ccf1df_6.0.19041.6456_none_60b8a6cb71f64256\COMCTL32.dll
0x00007ffbc3180000 - 0x00007ffbc31af000 	C:\Windows\System32\IMM32.DLL
0x00007ffb7b590000 - 0x00007ffb7b5ae000 	C:\Program Files\Eclipse Adoptium\jdk-8.0.482.8-hotspot\jre\bin\vcruntime140.dll
0x00007ffb7faa0000 - 0x00007ffb7faac000 	C:\Program Files\Eclipse Adoptium\jdk-8.0.482.8-hotspot\jre\bin\vcruntime140_1.dll
0x00007ffb11b20000 - 0x00007ffb11bad000 	C:\Program Files\Eclipse Adoptium\jdk-8.0.482.8-hotspot\jre\bin\msvcp140.dll
0x0000000063440000 - 0x0000000063cd9000 	C:\Program Files\Eclipse Adoptium\jdk-8.0.482.8-hotspot\jre\bin\server\jvm.dll
0x00007ffbc2160000 - 0x00007ffbc2168000 	C:\Windows\System32\PSAPI.DLL
0x00007ffba3d40000 - 0x00007ffba3d49000 	C:\Windows\SYSTEM32\WSOCK32.dll
0x00007ffbb8920000 - 0x00007ffbb8947000 	C:\Windows\SYSTEM32\WINMM.dll
0x00007ffbbd0f0000 - 0x00007ffbbd0fa000 	C:\Windows\SYSTEM32\VERSION.dll
0x00007ffbc3c80000 - 0x00007ffbc3ceb000 	C:\Windows\System32\WS2_32.dll
0x00007ffbbf330000 - 0x00007ffbbf342000 	C:\Windows\SYSTEM32\kernel.appcore.dll
0x00007ffb7fa10000 - 0x00007ffb7fa20000 	C:\Program Files\Eclipse Adoptium\jdk-8.0.482.8-hotspot\jre\bin\verify.dll
0x00007ffb5f030000 - 0x00007ffb5f05b000 	C:\Program Files\Eclipse Adoptium\jdk-8.0.482.8-hotspot\jre\bin\java.dll
0x00007ffb7adf0000 - 0x00007ffb7ae08000 	C:\Program Files\Eclipse Adoptium\jdk-8.0.482.8-hotspot\jre\bin\zip.dll
0x00007ffbc2170000 - 0x00007ffbc28e0000 	C:\Windows\System32\SHELL32.dll
0x00007ffbbf530000 - 0x00007ffbbfcd5000 	C:\Windows\SYSTEM32\windows.storage.dll
0x00007ffbc28e0000 - 0x00007ffbc2c34000 	C:\Windows\System32\combase.dll
0x00007ffbc0ed0000 - 0x00007ffbc0efb000 	C:\Windows\SYSTEM32\Wldp.dll
0x00007ffbc3b80000 - 0x00007ffbc3c4d000 	C:\Windows\System32\OLEAUT32.dll
0x00007ffbc2c40000 - 0x00007ffbc2ced000 	C:\Windows\System32\SHCORE.dll
0x00007ffbc3a60000 - 0x00007ffbc3abb000 	C:\Windows\System32\shlwapi.dll
0x00007ffbc13d0000 - 0x00007ffbc13f4000 	C:\Windows\SYSTEM32\profapi.dll
0x00007ffb780a0000 - 0x00007ffb780bc000 	C:\Program Files\Eclipse Adoptium\jdk-8.0.482.8-hotspot\jre\bin\net.dll
0x00007ffbc0c30000 - 0x00007ffbc0c9a000 	C:\Windows\system32\mswsock.dll
0x00007ffb5efd0000 - 0x00007ffb5efe3000 	C:\Program Files\Eclipse Adoptium\jdk-8.0.482.8-hotspot\jre\bin\nio.dll
0x00007ffb0e190000 - 0x00007ffb0e30d000 	C:\Program Files\Eclipse Adoptium\jdk-8.0.482.8-hotspot\jre\bin\awt.dll
0x00007ffbbee40000 - 0x00007ffbbeede000 	C:\Windows\system32\uxtheme.dll
0x00007ffbc1e30000 - 0x00007ffbc1f45000 	C:\Windows\System32\MSCTF.dll
0x00007ffbc3260000 - 0x00007ffbc338b000 	C:\Windows\System32\ole32.dll
0x00007ffbc1740000 - 0x00007ffbc17c2000 	C:\Windows\System32\bcryptPrimitives.dll
0x00007ffbbf150000 - 0x00007ffbbf17e000 	C:\Windows\system32\DWMAPI.DLL
0x00007ffba7580000 - 0x00007ffba76a8000 	C:\Windows\system32\opengl32.dll
0x00007ffba7130000 - 0x00007ffba715c000 	C:\Windows\SYSTEM32\GLU32.dll
0x00007ffb95840000 - 0x00007ffb95a11000 	C:\Windows\system32\d3d9.dll
0x00007ffbb8e80000 - 0x00007ffbb8f82000 	C:\Windows\System32\DriverStore\FileRepository\nv_dispi.inf_amd64_60daf66a00f2e0b6\nvldumdx.dll
0x00007ffbc1060000 - 0x00007ffbc1072000 	C:\Windows\SYSTEM32\msasn1.dll
0x00007ffbba1a0000 - 0x00007ffbba1d1000 	C:\Windows\SYSTEM32\cryptnet.dll
0x00007ffbc18a0000 - 0x00007ffbc19fd000 	C:\Windows\System32\CRYPT32.dll
0x00007ffbc0e20000 - 0x00007ffbc0e2c000 	C:\Windows\SYSTEM32\cryptbase.dll
0x00007ffbc1db0000 - 0x00007ffbc1e23000 	C:\Windows\System32\WINTRUST.DLL
0x00007ffbc2cf0000 - 0x00007ffbc2d0d000 	C:\Windows\System32\imagehlp.dll
0x00007ffbc0e30000 - 0x00007ffbc0e48000 	C:\Windows\SYSTEM32\CRYPTSP.dll
0x00007ffbc04e0000 - 0x00007ffbc0518000 	C:\Windows\system32\rsaenh.dll
0x00007ffb3b610000 - 0x00007ffb3d02b000 	C:\Windows\System32\DriverStore\FileRepository\nv_dispi.inf_amd64_60daf66a00f2e0b6\nvd3dumx.dll
0x00007ffb52200000 - 0x00007ffb523ad000 	C:\Windows\System32\DriverStore\FileRepository\iigd_dch.inf_amd64_99115f8a30a091a2\igdumdim64.dll
0x00007ffb333a0000 - 0x00007ffb36444000 	C:\Windows\System32\DriverStore\FileRepository\iigd_dch.inf_amd64_99115f8a30a091a2\igd9dxva64.dll
0x00007ffbc33a0000 - 0x00007ffbc3810000 	C:\Windows\System32\SETUPAPI.dll
0x00007ffbc14a0000 - 0x00007ffbc14ee000 	C:\Windows\System32\cfgmgr32.dll
0x00007ffbb1a30000 - 0x00007ffbb1e39000 	C:\Windows\System32\DriverStore\FileRepository\iigd_dch.inf_amd64_99115f8a30a091a2\igdgmm64.dll
0x00007ffbbfcf0000 - 0x00007ffbbfd13000 	C:\Windows\SYSTEM32\gpapi.dll
0x00007ffbbb950000 - 0x00007ffbbb98b000 	C:\Windows\SYSTEM32\dxcore.dll
0x00007ffb0e7e0000 - 0x00007ffb0e866000 	C:\Program Files\Eclipse Adoptium\jdk-8.0.482.8-hotspot\jre\bin\freetype.dll
0x00007ffb7e100000 - 0x00007ffb7e150000 	C:\Program Files\Eclipse Adoptium\jdk-8.0.482.8-hotspot\jre\bin\fontmanager.dll
0x00007ffbba070000 - 0x00007ffbba11e000 	C:\Windows\SYSTEM32\mscms.dll
0x00007ffbc1390000 - 0x00007ffbc13be000 	C:\Windows\SYSTEM32\USERENV.dll
0x00007ffbba9c0000 - 0x00007ffbba9d1000 	C:\Windows\SYSTEM32\ColorAdapterClient.dll
0x00007ffba6480000 - 0x00007ffba64c5000 	C:\Windows\SYSTEM32\icm32.dll
0x00007ffba0b00000 - 0x00007ffba0b17000 	C:\Windows\system32\napinsp.dll
0x00007ffba0ad0000 - 0x00007ffba0aeb000 	C:\Windows\system32\pnrpnsp.dll
0x00007ffba0a20000 - 0x00007ffba0a3d000 	C:\Windows\system32\wshbth.dll
0x00007ffbbcd70000 - 0x00007ffbbcd8d000 	C:\Windows\system32\NLAapi.dll
0x00007ffbc08c0000 - 0x00007ffbc08fb000 	C:\Windows\SYSTEM32\IPHLPAPI.DLL
0x00007ffbc0900000 - 0x00007ffbc09ca000 	C:\Windows\SYSTEM32\DNSAPI.dll
0x00007ffbc3390000 - 0x00007ffbc3398000 	C:\Windows\System32\NSI.dll
0x00007ffba09d0000 - 0x00007ffba09e2000 	C:\Windows\System32\winrnr.dll
0x00007ffbba620000 - 0x00007ffbba62a000 	C:\Windows\System32\rasadhlp.dll
0x00007ffbba360000 - 0x00007ffbba3e0000 	C:\Windows\System32\fwpuclnt.dll
0x00007ffb54c10000 - 0x00007ffb54c35000 	C:\Program Files\Eclipse Adoptium\jdk-8.0.482.8-hotspot\jre\bin\sunec.dll
0x00007ffb7eb50000 - 0x00007ffb7eb5e000 	C:\Program Files\Eclipse Adoptium\jdk-8.0.482.8-hotspot\jre\bin\sunmscapi.dll
0x00007ffbc0f40000 - 0x00007ffbc0f67000 	C:\Windows\SYSTEM32\ncrypt.dll
0x00007ffbc0f00000 - 0x00007ffbc0f3b000 	C:\Windows\SYSTEM32\NTASN1.dll
0x00007ffbbb910000 - 0x00007ffbbb927000 	C:\Windows\SYSTEM32\dhcpcsvc6.DLL
0x00007ffbbb8e0000 - 0x00007ffbbb8fd000 	C:\Windows\SYSTEM32\dhcpcsvc.DLL
0x00007ffb550b0000 - 0x00007ffb550fa000 	C:\Windows\System32\libzkfp.dll
0x00007ffb7da30000 - 0x00007ffb7da4e000 	C:\Windows\SYSTEM32\ZKFPCap.dll
0x00007ffb0e6e0000 - 0x00007ffb0e7d2000 	C:\Windows\SYSTEM32\fpslib.dll
0x00007ffb7d960000 - 0x00007ffb7d97d000 	C:\Windows\SYSTEM32\ZKFPSensors\libidfprcap.dll
0x00007ffb16ca0000 - 0x00007ffb16ccd000 	C:\Windows\SYSTEM32\ZKFPSensors\libsilkidcap.dll
0x00007ffb7bc60000 - 0x00007ffb7bc7c000 	C:\Windows\SYSTEM32\libzksensorcore.dll
0x0000000063420000 - 0x0000000063435000 	C:\Windows\SYSTEM32\libusb0.dll
0x00007ffb10210000 - 0x00007ffb10258000 	C:\Windows\SYSTEM32\ZKFPSensors\libzklibcap.dll
0x0000000180000000 - 0x0000000180022000 	C:\Windows\SYSTEM32\zkfpslibLow.dll
0x000001ed2b4c0000 - 0x000001ed2bbd0000 	C:\Windows\SYSTEM32\fppswsk.dll
0x00007ffb94350000 - 0x00007ffb943f4000 	C:\Windows\SYSTEM32\WINSPOOL.DRV
0x00007ffbc1230000 - 0x00007ffbc1263000 	C:\Windows\SYSTEM32\DEVOBJ.dll
0x00007ffba8780000 - 0x00007ffba8981000 	C:\Windows\SYSTEM32\dbghelp.dll

VM Arguments:
jvm_args: -Dfile.encoding=UTF-8 -Duser.country=US -Duser.language=en -Duser.variant 
java_command: com.f6.Main
java_class_path (initial): C:\Users\Administrador\Desktop\proyectos\gestlab-client\build\classes\java\main;C:\Users\Administrador\Desktop\proyectos\gestlab-client\build\resources\main;C:\Users\Administrador\.gradle\caches\modules-2\files-2.1\io.socket\socket.io-client\2.0.1\d132c5928e7e93c43b8be0e0513c3e12309523e2\socket.io-client-2.0.1.jar;C:\Users\Administrador\.gradle\caches\modules-2\files-2.1\io.socket\engine.io-client\2.0.0\9d4a84db8ab071574e62cfce67e35bf5194f4c76\engine.io-client-2.0.0.jar;C:\Users\Administrador\.gradle\caches\modules-2\files-2.1\org.json\json\20210307\528c8df3757e8bcf151817b1d7b9b434f6aa08d5\json-20210307.jar;C:\Users\Administrador\Desktop\proyectos\gestlab-client\lib\zkfinger-2.0.jar;C:\Users\Administrador\.gradle\caches\modules-2\files-2.1\com.squareup.okhttp3\okhttp\3.12.12\d3e1ce1d2b3119adf270b2d00d947beb03fe3321\okhttp-3.12.12.jar;C:\Users\Administrador\.gradle\caches\modules-2\files-2.1\com.squareup.okio\okio\1.15.0\bc28b5a964c8f5721eb58ee3f3c47a9bcbf4f4d8\okio-1.15.0.jar
Launcher Type: SUN_STANDARD

Environment Variables:
JAVA_HOME=C:\Program Files\Eclipse Adoptium\jdk-21.0.11.10-hotspot\
USERNAME=Administrador
OS=Windows_NT
PROCESSOR_IDENTIFIER=Intel64 Family 6 Model 158 Stepping 10, GenuineIntel



---------------  S Y S T E M  ---------------

OS: Windows 10 , 64 bit Build 19041 (10.0.19041.5915)

CPU:total 6 (initial active 6) (6 cores per cpu, 1 threads per core) family 6 model 158 stepping 10, cmov, cx8, fxsr, mmx, sse, sse2, sse3, ssse3, sse4.1, sse4.2, popcnt, avx, avx2, aes, clmul, erms, rtm, 3dnowpref, lzcnt, tsc, tscinvbit, bmi1, bmi2, adx

Memory: 4k page, physical 33373432k(15715264k free), swap 38354168k(13542468k free)

vm_info: OpenJDK 64-Bit Server VM (25.482-b08) for windows-amd64 JRE (1.8.0_482-b08), built on Jan 21 2026 06:10:28 by "ContainerUser" with unknown MS VC++:1937

time: Fri May 22 16:43:01 2026
timezone: Venezuela Standard Time
elapsed time: 13.773585 seconds (0d 0h 0m 13s)

