#
# A fatal error has been detected by the Java Runtime Environment:
#
#  EXCEPTION_ACCESS_VIOLATION (0xc0000005) at pc=0x0000000180009bf2, pid=20220, tid=0x000000000000539c
#
# JRE version: OpenJDK Runtime Environment (8.0_482-b08) (build 1.8.0_482-b08)
# Java VM: OpenJDK 64-Bit Server VM (25.482-b08 mixed mode windows-amd64 compressed oops)
# Problematic frame:
# C  [zkfpslibLow.dll+0x9bf2]
#
# Failed to write core dump. Minidumps are not enabled by default on client versions of Windows
#
# If you would like to submit a bug report, please visit:
#   https://github.com/adoptium/adoptium-support/issues
# The crash happened outside the Java Virtual Machine in native code.
# See problematic frame for where to report the bug.
#

---------------  T H R E A D  ---------------

Current thread (0x0000019e99070800):  JavaThread "EventThread" [_thread_in_native, id=21404, stack(0x00000009b4800000,0x00000009b4900000)]

siginfo: ExceptionCode=0xc0000005, writing address 0x000000018001f000

Registers:
RAX=0x0000000000000000, RBX=0x000000000000042a, RCX=0x000000018001f010, RDX=0x0000019d11514ea0
RSP=0x00000009b48fe3e8, RBP=0x0000019e915316c0, RSI=0x0000019e97f59d40, RDI=0x0000019e97f59cf0
R8 =0x0000000000003081, R9 =0x0000000000000004, R10=0x0000000000000000, R11=0x000000018001c010
R12=0x0000019e91530eb0, R13=0x0000000000000800, R14=0x00000009b48fe5c0, R15=0x0000019e99070800
RIP=0x0000000180009bf2, EFLAGS=0x0000000000010202

Top of Stack: (sp=0x00000009b48fe3e8)
0x00000009b48fe3e8:   00000001800039dc 000000000000001e
0x00000009b48fe3f8:   0000000180003252 00007ffec67a24e0
0x00000009b48fe408:   0000000000000000 0000019e915316c0
0x00000009b48fe418:   0000019e97f91c80 00000009b48fe598
0x00000009b48fe428:   00007ffec66c30cd 0000000000000000
0x00000009b48fe438:   00007ffec67a24e0 0000019e91530eb0
0x00000009b48fe448:   0000000000000000 0000000000000001
0x00000009b48fe458:   00000009b48fe430 0000019e91530eb0
0x00000009b48fe468:   00007ffec67c4caf 0000019e915316c0
0x00000009b48fe478:   00000009b48fe5b8 0000019e91530eb0
0x00000009b48fe488:   0000019e99070a60 0000019e99070a60
0x00000009b48fe498:   00007ffec67c36da 0000019e915316c0
0x00000009b48fe4a8:   00000009b48fe5b8 00000009b48fe5c0
0x00000009b48fe4b8:   0000000000000141 0000000000000800
0x00000009b48fe4c8:   00000009b48fe4c8 0000019e9a6e61e0
0x00000009b48fe4d8:   00000009b48fe4a0 0000019e91530eb0 

Instructions: (pc=0x0000000180009bf2)
0x0000000180009bd2:   04 0a 4c 8b 54 0a 08 48 83 c1 20 48 89 41 e0 4c
0x0000000180009be2:   89 51 e8 48 8b 44 0a f0 4c 8b 54 0a f8 49 ff c9
0x0000000180009bf2:   48 89 41 f0 4c 89 51 f8 75 d4 49 83 e0 1f e9 71
0x0000000180009c02:   ff ff ff 66 66 66 0f 1f 84 00 00 00 00 00 66 90 


Register to memory mapping:

RAX=0x0000000000000000 is an unknown value
RBX=0x000000000000042a is an unknown value
RCX=0x000000018001f010 is an unknown value
RDX=0x0000019d11514ea0 is an unknown value
RSP=0x00000009b48fe3e8 is pointing into the stack for thread: 0x0000019e99070800
RBP=0x0000019e915316c0 is an unknown value
RSI=0x0000019e97f59d40 is an unknown value
RDI=0x0000019e97f59cf0 is an unknown value
R8 =0x0000000000003081 is an unknown value
R9 =0x0000000000000004 is an unknown value
R10=0x0000000000000000 is an unknown value
R11=0x000000018001c010 is an unknown value
R12=0x0000019e91530eb0 is an unknown value
R13=0x0000000000000800 is an unknown value
R14=0x00000009b48fe5c0 is pointing into the stack for thread: 0x0000019e99070800
R15=0x0000019e99070800 is a thread


Stack: [0x00000009b4800000,0x00000009b4900000],  sp=0x00000009b48fe3e8,  free space=1016k
Native frames: (J=compiled Java code, j=interpreted, Vv=VM code, C=native code)
C  [zkfpslibLow.dll+0x9bf2]

Java frames: (J=compiled Java code, j=interpreted, Vv=VM code)
j  com.zkteco.biometric.ZKFPService.MatchFP([B[B)I+0
j  com.zkteco.biometric.FingerprintSensorEx.DBMatch(J[B[B)I+12
j  com.f6.functions.Lector.verifyFinger(Lorg/json/JSONArray;)Ljava/lang/String;+503
j  com.f6.Main$7.call([Ljava/lang/Object;)V+76
j  io.socket.emitter.Emitter.emit(Ljava/lang/String;[Ljava/lang/Object;)Lio/socket/emitter/Emitter;+49
j  io.socket.client.Socket.onevent(Lio/socket/parser/Packet;)V+118
j  io.socket.client.Socket.onpacket(Lio/socket/parser/Packet;)V+136
j  io.socket.client.Socket.access$100(Lio/socket/client/Socket;Lio/socket/parser/Packet;)V+2
j  io.socket.client.Socket$2$2.call([Ljava/lang/Object;)V+13
j  io.socket.emitter.Emitter.emit(Ljava/lang/String;[Ljava/lang/Object;)Lio/socket/emitter/Emitter;+49
j  io.socket.client.Manager.ondecoded(Lio/socket/parser/Packet;)V+11
j  io.socket.client.Manager.access$1200(Lio/socket/client/Manager;Lio/socket/parser/Packet;)V+2
j  io.socket.client.Manager$5.call(Lio/socket/parser/Packet;)V+5
j  io.socket.parser.IOParser$Decoder.add(Ljava/lang/String;)V+79
j  io.socket.client.Manager$2.call([Ljava/lang/Object;)V+22
j  io.socket.emitter.Emitter.emit(Ljava/lang/String;[Ljava/lang/Object;)Lio/socket/emitter/Emitter;+49
j  io.socket.engineio.client.Socket.onPacket(Lio/socket/engineio/parser/Packet;)V+257
j  io.socket.engineio.client.Socket.access$1000(Lio/socket/engineio/client/Socket;Lio/socket/engineio/parser/Packet;)V+2
j  io.socket.engineio.client.Socket$5.call([Ljava/lang/Object;)V+19
j  io.socket.emitter.Emitter.emit(Ljava/lang/String;[Ljava/lang/Object;)Lio/socket/emitter/Emitter;+49
j  io.socket.engineio.client.Transport.onPacket(Lio/socket/engineio/parser/Packet;)V+11
j  io.socket.engineio.client.Transport.onData(Ljava/lang/String;)V+5
j  io.socket.engineio.client.transports.WebSocket.access$100(Lio/socket/engineio/client/transports/WebSocket;Ljava/lang/String;)V+2
j  io.socket.engineio.client.transports.WebSocket$1$2.run()V+11
j  io.socket.thread.EventThread$2.run()V+4
j  java.util.concurrent.ThreadPoolExecutor.runWorker(Ljava/util/concurrent/ThreadPoolExecutor$Worker;)V+95
j  java.util.concurrent.ThreadPoolExecutor$Worker.run()V+5
j  java.lang.Thread.run()V+11
v  ~StubRoutines::call_stub

---------------  P R O C E S S  ---------------

Java Threads: ( => current thread )
=>0x0000019e99070800 JavaThread "EventThread" [_thread_in_native, id=21404, stack(0x00000009b4800000,0x00000009b4900000)]
  0x0000019e9906f000 JavaThread "OkHttp WebSocket http://localhost:3000/..." [_thread_blocked, id=20552, stack(0x00000009b4b00000,0x00000009b4c00000)]
  0x0000019e99072000 JavaThread "OkHttp Dispatcher" [_thread_blocked, id=20548, stack(0x00000009b4a00000,0x00000009b4b00000)]
  0x0000019e9906f800 JavaThread "pool-1-thread-1" [_thread_blocked, id=20544, stack(0x00000009b4900000,0x00000009b4a00000)]
  0x0000019e99071000 JavaThread "OkHttp http://localhost:3000/..." [_thread_in_native, id=20540, stack(0x00000009b4400000,0x00000009b4500000)]
  0x0000019e99087800 JavaThread "Okio Watchdog" daemon [_thread_blocked, id=20528, stack(0x00000009b4700000,0x00000009b4800000)]
  0x0000019e98e8b000 JavaThread "OkHttp ConnectionPool" daemon [_thread_blocked, id=20524, stack(0x00000009b4600000,0x00000009b4700000)]
  0x0000019e99062800 JavaThread "OkHttp Dispatcher" [_thread_blocked, id=20488, stack(0x00000009b4500000,0x00000009b4600000)]
  0x0000019eea6c8800 JavaThread "DestroyJavaVM" [_thread_blocked, id=19736, stack(0x00000009b2b00000,0x00000009b2c00000)]
  0x0000019e91b8d000 JavaThread "AWT-EventQueue-0" [_thread_blocked, id=19884, stack(0x00000009b4100000,0x00000009b4200000)]
  0x0000019e9040a800 JavaThread "AWT-Windows" daemon [_thread_in_native, id=18076, stack(0x00000009b3e00000,0x00000009b3f00000)]
  0x0000019e9041a800 JavaThread "AWT-Shutdown" [_thread_blocked, id=7908, stack(0x00000009b3d00000,0x00000009b3e00000)]
  0x0000019e9041a000 JavaThread "Java2D Disposer" daemon [_thread_blocked, id=18440, stack(0x00000009b3c00000,0x00000009b3d00000)]
  0x0000019eff27d800 JavaThread "Service Thread" daemon [_thread_blocked, id=11756, stack(0x00000009b3a00000,0x00000009b3b00000)]
  0x0000019eff1e8000 JavaThread "C1 CompilerThread2" daemon [_thread_blocked, id=11384, stack(0x00000009b3900000,0x00000009b3a00000)]
  0x0000019eff1e5000 JavaThread "C2 CompilerThread1" daemon [_thread_blocked, id=3308, stack(0x00000009b3800000,0x00000009b3900000)]
  0x0000019eff1e1800 JavaThread "C2 CompilerThread0" daemon [_thread_blocked, id=16964, stack(0x00000009b3700000,0x00000009b3800000)]
  0x0000019eff1da000 JavaThread "Attach Listener" daemon [_thread_blocked, id=16504, stack(0x00000009b3600000,0x00000009b3700000)]
  0x0000019eff1d8800 JavaThread "Signal Dispatcher" daemon [_thread_blocked, id=16916, stack(0x00000009b3500000,0x00000009b3600000)]
  0x0000019eff1b4000 JavaThread "Finalizer" daemon [_thread_blocked, id=18232, stack(0x00000009b3400000,0x00000009b3500000)]
  0x0000019eff1ad000 JavaThread "Reference Handler" daemon [_thread_blocked, id=10348, stack(0x00000009b3300000,0x00000009b3400000)]

Other Threads:
  0x0000019eff183000 VMThread [stack: 0x00000009b3200000,0x00000009b3300000] [id=18976]
  0x0000019eff27f800 WatcherThread [stack: 0x00000009b3b00000,0x00000009b3c00000] [id=20188]

VM state:not at safepoint (normal execution)

VM Mutex/Monitor currently owned by a thread: None

heap address: 0x00000005c2c00000, size: 8148 MB, Compressed Oops mode: Zero based, Oop shift amount: 3
Narrow klass base: 0x0000000000000000, Narrow klass shift: 3
Compressed class space size: 1073741824 Address: 0x00000007c0000000

Heap:
 PSYoungGen      total 152576K, used 68159K [0x0000000716400000, 0x0000000720e00000, 0x00000007c0000000)
  eden space 131072K, 52% used [0x0000000716400000,0x000000071a68fda8,0x000000071e400000)
  from space 21504K, 0% used [0x000000071f900000,0x000000071f900000,0x0000000720e00000)
  to   space 21504K, 0% used [0x000000071e400000,0x000000071e400000,0x000000071f900000)
 ParOldGen       total 348160K, used 0K [0x00000005c2c00000, 0x00000005d8000000, 0x0000000716400000)
  object space 348160K, 0% used [0x00000005c2c00000,0x00000005c2c00000,0x00000005d8000000)
 Metaspace       used 13682K, capacity 13922K, committed 14208K, reserved 1062912K
  class space    used 1541K, capacity 1623K, committed 1664K, reserved 1048576K

Card table byte_map: [0x0000019efb400000,0x0000019efc3f0000] byte_map_base: 0x0000019ef85ea000

Marking Bits: (ParMarkBitMap*) 0x000000006ea1f940
 Begin Bits: [0x0000019e80000000, 0x0000019e87f50000)
 End Bits:   [0x0000019e87f50000, 0x0000019e8fea0000)

Polling page: 0x0000019eea7e0000

CodeCache: size=245760Kb used=3839Kb max_used=3839Kb free=241920Kb
 bounds [0x0000019eec040000, 0x0000019eec410000, 0x0000019efb040000]
 total_blobs=1591 nmethods=1079 adapters=425
 compilation: enabled

Compilation events (10 events):
Event: 42.974 Thread 0x0000019eff1e8000 1075       3       sun.util.calendar.BaseCalendar$Date::<init> (32 bytes)
Event: 42.974 Thread 0x0000019eff1e8000 nmethod 1075 0x0000019eec3ff4d0 code [0x0000019eec3ff640, 0x0000019eec3ff898]
Event: 42.974 Thread 0x0000019eff1e8000 1076       3       sun.util.calendar.CalendarDate::<init> (16 bytes)
Event: 42.974 Thread 0x0000019eff1e8000 nmethod 1076 0x0000019eec3ff990 code [0x0000019eec3ffae0, 0x0000019eec3ffcb8]
Event: 46.593 Thread 0x0000019eff1e8000 1078       3       java.nio.charset.CoderResult::isUnderflow (13 bytes)
Event: 46.593 Thread 0x0000019eff1e8000 nmethod 1078 0x0000019eec3ffd50 code [0x0000019eec3ffea0, 0x0000019eec400058]
Event: 46.593 Thread 0x0000019eff1e8000 1077       3       java.nio.Buffer::<init> (121 bytes)
Event: 46.594 Thread 0x0000019eff1e8000 nmethod 1077 0x0000019eec4000d0 code [0x0000019eec4003a0, 0x0000019eec401850]
Event: 46.649 Thread 0x0000019eff1e8000 1079       3       java.nio.ByteBuffer::array (35 bytes)
Event: 46.649 Thread 0x0000019eff1e8000 nmethod 1079 0x0000019eec4021d0 code [0x0000019eec402360, 0x0000019eec402680]

GC Heap History (0 events):
No events

Deoptimization events (10 events):
Event: 1.073 Thread 0x0000019e98e8b000 Uncommon trap: reason=class_check action=maybe_recompile pc=0x0000019eec392068 method=java.io.DataInputStream.readChar()C @ 4
Event: 1.073 Thread 0x0000019e98e8b000 Uncommon trap: reason=class_check action=maybe_recompile pc=0x0000019eec392068 method=java.io.DataInputStream.readChar()C @ 4
Event: 1.073 Thread 0x0000019e98e8b000 Uncommon trap: reason=class_check action=maybe_recompile pc=0x0000019eec392068 method=java.io.DataInputStream.readChar()C @ 4
Event: 1.073 Thread 0x0000019e98e8b000 Uncommon trap: reason=class_check action=maybe_recompile pc=0x0000019eec392068 method=java.io.DataInputStream.readChar()C @ 4
Event: 1.073 Thread 0x0000019e98e8b000 Uncommon trap: reason=unstable_if action=reinterpret pc=0x0000019eec38c2b0 method=sun.security.util.DerValue.isPrintableStringChar(C)Z @ 9
Event: 1.088 Thread 0x0000019e98e8b000 Uncommon trap: reason=class_check action=maybe_recompile pc=0x0000019eec3a3104 method=java.io.DataInputStream.readInt()I @ 4
Event: 1.088 Thread 0x0000019e98e8b000 Uncommon trap: reason=class_check action=maybe_recompile pc=0x0000019eec3a3104 method=java.io.DataInputStream.readInt()I @ 4
Event: 1.088 Thread 0x0000019e98e8b000 Uncommon trap: reason=class_check action=maybe_recompile pc=0x0000019eec3a3104 method=java.io.DataInputStream.readInt()I @ 4
Event: 1.088 Thread 0x0000019e98e8b000 Uncommon trap: reason=class_check action=maybe_recompile pc=0x0000019eec3a3104 method=java.io.DataInputStream.readInt()I @ 4
Event: 1.140 Thread 0x0000019e99070800 Uncommon trap: reason=loop_limit_check action=maybe_recompile pc=0x0000019eec3cfad8 method=java.util.regex.Pattern$Start.match(Ljava/util/regex/Matcher;ILjava/lang/CharSequence;)Z @ 37

Classes redefined (0 events):
No events

Internal exceptions (10 events):
Event: 0.109 Thread 0x0000019eea6c8800 Exception <a 'java/lang/NoSuchFieldError': method resolution failed> (0x0000000716573130) thrown at [C:\workspace\openjdk-build\workspace\build\src\hotspot\src\share\vm\prims\methodHandles.cpp, line 1194]
Event: 0.124 Thread 0x0000019eea6c8800 Exception <a 'sun/nio/fs/WindowsException'> (0x00000007165f2818) thrown at [C:\workspace\openjdk-build\workspace\build\src\hotspot\src\share\vm\prims\jni.cpp, line 712]
Event: 0.136 Thread 0x0000019eea6c8800 Exception <a 'java/security/PrivilegedActionException'> (0x00000007166174d0) thrown at [C:\workspace\openjdk-build\workspace\build\src\hotspot\src\share\vm\prims\jvm.cpp, line 1514]
Event: 0.136 Thread 0x0000019eea6c8800 Exception <a 'java/security/PrivilegedActionException'> (0x00000007166176e0) thrown at [C:\workspace\openjdk-build\workspace\build\src\hotspot\src\share\vm\prims\jvm.cpp, line 1514]
Event: 0.137 Thread 0x0000019eea6c8800 Exception <a 'java/security/PrivilegedActionException'> (0x000000071661c690) thrown at [C:\workspace\openjdk-build\workspace\build\src\hotspot\src\share\vm\prims\jvm.cpp, line 1514]
Event: 0.137 Thread 0x0000019eea6c8800 Exception <a 'java/security/PrivilegedActionException'> (0x000000071661c8a0) thrown at [C:\workspace\openjdk-build\workspace\build\src\hotspot\src\share\vm\prims\jvm.cpp, line 1514]
Event: 0.140 Thread 0x0000019eea6c8800 Exception <a 'java/io/FileNotFoundException'> (0x000000071661eeb0) thrown at [C:\workspace\openjdk-build\workspace\build\src\hotspot\src\share\vm\prims\jni.cpp, line 712]
Event: 0.149 Thread 0x0000019eea6c8800 Exception <a 'java/lang/ClassNotFoundException': sun/dc/DuctusRenderingEngine> (0x0000000716638710) thrown at [C:\workspace\openjdk-build\workspace\build\src\hotspot\src\share\vm\classfile\systemDictionary.cpp, line 217]
Event: 0.175 Thread 0x0000019eea6c8800 Exception <a 'java/io/FileNotFoundException'> (0x000000071667c940) thrown at [C:\workspace\openjdk-build\workspace\build\src\hotspot\src\share\vm\prims\jni.cpp, line 712]
Event: 1.146 Thread 0x0000019e99062800 Exception <a 'java/net/SocketTimeoutException': Read timed out> (0x0000000718695080) thrown at [C:\workspace\openjdk-build\workspace\build\src\hotspot\src\share\vm\prims\jni.cpp, line 739]

Events (10 events):
Event: 46.649 loading class java/util/Base64$Decoder
Event: 46.649 loading class java/util/Base64$Decoder done
Event: 46.649 loading class sun/nio/cs/ISO_8859_1$Encoder
Event: 46.649 loading class sun/nio/cs/ISO_8859_1$Encoder done
Event: 46.649 Executing VM operation: Deoptimize
Event: 46.649 Executing VM operation: Deoptimize done
Event: 46.649 loading class sun/nio/cs/Surrogate$Parser
Event: 46.650 loading class sun/nio/cs/Surrogate$Parser done
Event: 46.650 loading class sun/nio/cs/Surrogate
Event: 46.650 loading class sun/nio/cs/Surrogate done


Dynamic libraries:
0x00007ff6ff570000 - 0x00007ff6ff5bd000 	C:\Program Files\Eclipse Adoptium\jdk-8.0.482.8-hotspot\bin\java.exe
0x00007ffefd6d0000 - 0x00007ffefd8c8000 	C:\Windows\SYSTEM32\ntdll.dll
0x00007ffefb990000 - 0x00007ffefba52000 	C:\Windows\System32\KERNEL32.DLL
0x00007ffefb0d0000 - 0x00007ffefb3c6000 	C:\Windows\System32\KERNELBASE.dll
0x00007ffef7870000 - 0x00007ffef7904000 	C:\Windows\SYSTEM32\apphelp.dll
0x00007ffefcde0000 - 0x00007ffefce91000 	C:\Windows\System32\ADVAPI32.dll
0x00007ffefd1f0000 - 0x00007ffefd28e000 	C:\Windows\System32\msvcrt.dll
0x00007ffefd4c0000 - 0x00007ffefd55f000 	C:\Windows\System32\sechost.dll
0x00007ffefd560000 - 0x00007ffefd680000 	C:\Windows\System32\RPCRT4.dll
0x00007ffefb540000 - 0x00007ffefb567000 	C:\Windows\System32\bcrypt.dll
0x00007ffefb6f0000 - 0x00007ffefb891000 	C:\Windows\System32\USER32.dll
0x00007ffefaf70000 - 0x00007ffefaf92000 	C:\Windows\System32\win32u.dll
0x00007ffefd2a0000 - 0x00007ffefd2cb000 	C:\Windows\System32\GDI32.dll
0x00007ffefb420000 - 0x00007ffefb539000 	C:\Windows\System32\gdi32full.dll
0x00007ffefb030000 - 0x00007ffefb0cd000 	C:\Windows\System32\msvcp_win.dll
0x00007ffefb5f0000 - 0x00007ffefb6f0000 	C:\Windows\System32\ucrtbase.dll
0x00007ffedfcf0000 - 0x00007ffedff8b000 	C:\Windows\WinSxS\amd64_microsoft.windows.common-controls_6595b64144ccf1df_6.0.19041.6456_none_60b8a6cb71f64256\COMCTL32.dll
0x00007ffefca30000 - 0x00007ffefca5f000 	C:\Windows\System32\IMM32.DLL
0x00007ffee0910000 - 0x00007ffee092e000 	C:\Program Files\Eclipse Adoptium\jdk-8.0.482.8-hotspot\jre\bin\vcruntime140.dll
0x00007ffef3de0000 - 0x00007ffef3dec000 	C:\Program Files\Eclipse Adoptium\jdk-8.0.482.8-hotspot\jre\bin\vcruntime140_1.dll
0x00007ffec0020000 - 0x00007ffec00ad000 	C:\Program Files\Eclipse Adoptium\jdk-8.0.482.8-hotspot\jre\bin\msvcp140.dll
0x000000006e200000 - 0x000000006ea99000 	C:\Program Files\Eclipse Adoptium\jdk-8.0.482.8-hotspot\jre\bin\server\jvm.dll
0x00007ffefcf50000 - 0x00007ffefcf58000 	C:\Windows\System32\PSAPI.DLL
0x00007ffef19e0000 - 0x00007ffef1a07000 	C:\Windows\SYSTEM32\WINMM.dll
0x00007ffedc620000 - 0x00007ffedc629000 	C:\Windows\SYSTEM32\WSOCK32.dll
0x00007ffef6000000 - 0x00007ffef600a000 	C:\Windows\SYSTEM32\VERSION.dll
0x00007ffefc420000 - 0x00007ffefc48b000 	C:\Windows\System32\WS2_32.dll
0x00007ffef8bf0000 - 0x00007ffef8c02000 	C:\Windows\SYSTEM32\kernel.appcore.dll
0x00007ffef3c30000 - 0x00007ffef3c40000 	C:\Program Files\Eclipse Adoptium\jdk-8.0.482.8-hotspot\jre\bin\verify.dll
0x00007ffecd6c0000 - 0x00007ffecd6eb000 	C:\Program Files\Eclipse Adoptium\jdk-8.0.482.8-hotspot\jre\bin\java.dll
0x00007ffecd6a0000 - 0x00007ffecd6b8000 	C:\Program Files\Eclipse Adoptium\jdk-8.0.482.8-hotspot\jre\bin\zip.dll
0x00007ffefbb80000 - 0x00007ffefc2f0000 	C:\Windows\System32\SHELL32.dll
0x00007ffef8df0000 - 0x00007ffef9595000 	C:\Windows\SYSTEM32\windows.storage.dll
0x00007ffefca80000 - 0x00007ffefcdd4000 	C:\Windows\System32\combase.dll
0x00007ffefa790000 - 0x00007ffefa7bb000 	C:\Windows\SYSTEM32\Wldp.dll
0x00007ffefc960000 - 0x00007ffefca2d000 	C:\Windows\System32\OLEAUT32.dll
0x00007ffefcea0000 - 0x00007ffefcf4d000 	C:\Windows\System32\SHCORE.dll
0x00007ffefb930000 - 0x00007ffefb98b000 	C:\Windows\System32\shlwapi.dll
0x00007ffefac90000 - 0x00007ffefacb4000 	C:\Windows\SYSTEM32\profapi.dll
0x00007ffeccac0000 - 0x00007ffeccadc000 	C:\Program Files\Eclipse Adoptium\jdk-8.0.482.8-hotspot\jre\bin\net.dll
0x00007ffefa4f0000 - 0x00007ffefa55a000 	C:\Windows\system32\mswsock.dll
0x00007ffec7060000 - 0x00007ffec7073000 	C:\Program Files\Eclipse Adoptium\jdk-8.0.482.8-hotspot\jre\bin\nio.dll
0x00007ffec6850000 - 0x00007ffec69cd000 	C:\Program Files\Eclipse Adoptium\jdk-8.0.482.8-hotspot\jre\bin\awt.dll
0x00007ffef8700000 - 0x00007ffef879e000 	C:\Windows\system32\uxtheme.dll
0x00007ffefba60000 - 0x00007ffefbb75000 	C:\Windows\System32\MSCTF.dll
0x00007ffefc2f0000 - 0x00007ffefc41b000 	C:\Windows\System32\ole32.dll
0x00007ffefafa0000 - 0x00007ffefb022000 	C:\Windows\System32\bcryptPrimitives.dll
0x00007ffef8a10000 - 0x00007ffef8a3e000 	C:\Windows\system32\DWMAPI.DLL
0x00007ffedfb60000 - 0x00007ffedfc88000 	C:\Windows\system32\opengl32.dll
0x00007ffedf6a0000 - 0x00007ffedf6cc000 	C:\Windows\SYSTEM32\GLU32.dll
0x00007ffef0ec0000 - 0x00007ffef1091000 	C:\Windows\system32\d3d9.dll
0x00007ffef1f10000 - 0x00007ffef2012000 	C:\Windows\System32\DriverStore\FileRepository\nv_dispi.inf_amd64_60daf66a00f2e0b6\nvldumdx.dll
0x00007ffefa920000 - 0x00007ffefa932000 	C:\Windows\SYSTEM32\msasn1.dll
0x00007ffef3720000 - 0x00007ffef3751000 	C:\Windows\SYSTEM32\cryptnet.dll
0x00007ffefae10000 - 0x00007ffefaf6d000 	C:\Windows\System32\CRYPT32.dll
0x00007ffefa6e0000 - 0x00007ffefa6ec000 	C:\Windows\SYSTEM32\cryptbase.dll
0x00007ffefb570000 - 0x00007ffefb5e3000 	C:\Windows\System32\WINTRUST.DLL
0x00007ffefca60000 - 0x00007ffefca7d000 	C:\Windows\System32\imagehlp.dll
0x00007ffefa6f0000 - 0x00007ffefa708000 	C:\Windows\SYSTEM32\CRYPTSP.dll
0x00007ffef9da0000 - 0x00007ffef9dd8000 	C:\Windows\system32\rsaenh.dll
0x00007ffe8f790000 - 0x00007ffe911ab000 	C:\Windows\System32\DriverStore\FileRepository\nv_dispi.inf_amd64_60daf66a00f2e0b6\nvd3dumx.dll
0x00007ffe8f5e0000 - 0x00007ffe8f78d000 	C:\Windows\System32\DriverStore\FileRepository\iigd_dch.inf_amd64_99115f8a30a091a2\igdumdim64.dll
0x00007ffe782e0000 - 0x00007ffe7b384000 	C:\Windows\System32\DriverStore\FileRepository\iigd_dch.inf_amd64_99115f8a30a091a2\igd9dxva64.dll
0x00007ffefc490000 - 0x00007ffefc900000 	C:\Windows\System32\SETUPAPI.dll
0x00007ffefb3d0000 - 0x00007ffefb41e000 	C:\Windows\System32\cfgmgr32.dll
0x00007ffee81f0000 - 0x00007ffee85f9000 	C:\Windows\System32\DriverStore\FileRepository\iigd_dch.inf_amd64_99115f8a30a091a2\igdgmm64.dll
0x00007ffef95b0000 - 0x00007ffef95d3000 	C:\Windows\SYSTEM32\gpapi.dll
0x00007ffef5230000 - 0x00007ffef526b000 	C:\Windows\SYSTEM32\dxcore.dll
0x00007ffeccbb0000 - 0x00007ffeccc36000 	C:\Program Files\Eclipse Adoptium\jdk-8.0.482.8-hotspot\jre\bin\freetype.dll
0x00007ffeccb60000 - 0x00007ffeccbb0000 	C:\Program Files\Eclipse Adoptium\jdk-8.0.482.8-hotspot\jre\bin\fontmanager.dll
0x00007ffef3e80000 - 0x00007ffef3f2e000 	C:\Windows\SYSTEM32\mscms.dll
0x00007ffefac50000 - 0x00007ffefac7e000 	C:\Windows\SYSTEM32\USERENV.dll
0x00007ffef4170000 - 0x00007ffef4181000 	C:\Windows\SYSTEM32\ColorAdapterClient.dll
0x00007ffedd080000 - 0x00007ffedd0c5000 	C:\Windows\SYSTEM32\icm32.dll
0x00007ffeda5b0000 - 0x00007ffeda5c7000 	C:\Windows\system32\napinsp.dll
0x00007ffeda2e0000 - 0x00007ffeda2fb000 	C:\Windows\system32\pnrpnsp.dll
0x00007ffeda260000 - 0x00007ffeda27d000 	C:\Windows\system32\wshbth.dll
0x00007ffef6590000 - 0x00007ffef65ad000 	C:\Windows\system32\NLAapi.dll
0x00007ffefa180000 - 0x00007ffefa1bb000 	C:\Windows\SYSTEM32\IPHLPAPI.DLL
0x00007ffefa1c0000 - 0x00007ffefa28a000 	C:\Windows\SYSTEM32\DNSAPI.dll
0x00007ffefd680000 - 0x00007ffefd688000 	C:\Windows\System32\NSI.dll
0x00007ffeda230000 - 0x00007ffeda242000 	C:\Windows\System32\winrnr.dll
0x00007ffef4710000 - 0x00007ffef471a000 	C:\Windows\System32\rasadhlp.dll
0x00007ffef36a0000 - 0x00007ffef3720000 	C:\Windows\System32\fwpuclnt.dll
0x00007ffebf010000 - 0x00007ffebf035000 	C:\Program Files\Eclipse Adoptium\jdk-8.0.482.8-hotspot\jre\bin\sunec.dll
0x00007ffedf470000 - 0x00007ffedf47e000 	C:\Program Files\Eclipse Adoptium\jdk-8.0.482.8-hotspot\jre\bin\sunmscapi.dll
0x00007ffefa800000 - 0x00007ffefa827000 	C:\Windows\SYSTEM32\ncrypt.dll
0x00007ffefa7c0000 - 0x00007ffefa7fb000 	C:\Windows\SYSTEM32\NTASN1.dll
0x00007ffef5530000 - 0x00007ffef5547000 	C:\Windows\SYSTEM32\dhcpcsvc6.DLL
0x00007ffef53c0000 - 0x00007ffef53dd000 	C:\Windows\SYSTEM32\dhcpcsvc.DLL
0x00007ffec67c0000 - 0x00007ffec680a000 	C:\Windows\System32\libzkfp.dll
0x00007ffeccb40000 - 0x00007ffeccb5e000 	C:\Windows\SYSTEM32\ZKFPCap.dll
0x00007ffec66c0000 - 0x00007ffec67b2000 	C:\Windows\SYSTEM32\fpslib.dll
0x00007ffeccb20000 - 0x00007ffeccb3d000 	C:\Windows\SYSTEM32\ZKFPSensors\libidfprcap.dll
0x00007ffec7d80000 - 0x00007ffec7dad000 	C:\Windows\SYSTEM32\ZKFPSensors\libsilkidcap.dll
0x00007ffec7040000 - 0x00007ffec705c000 	C:\Windows\SYSTEM32\libzksensorcore.dll
0x000000006ff20000 - 0x000000006ff35000 	C:\Windows\SYSTEM32\libusb0.dll
0x00007ffec6520000 - 0x00007ffec6568000 	C:\Windows\SYSTEM32\ZKFPSensors\libzklibcap.dll
0x0000000180000000 - 0x0000000180022000 	C:\Windows\SYSTEM32\zkfpslibLow.dll
0x0000019e982d0000 - 0x0000019e989e0000 	C:\Windows\SYSTEM32\fppswsk.dll
0x00007ffed52a0000 - 0x00007ffed5344000 	C:\Windows\SYSTEM32\WINSPOOL.DRV
0x00007ffefaaf0000 - 0x00007ffefab23000 	C:\Windows\SYSTEM32\DEVOBJ.dll
0x00007ffee06f0000 - 0x00007ffee08f1000 	C:\Windows\SYSTEM32\dbghelp.dll

VM Arguments:
jvm_args: -Dfile.encoding=UTF-8 -Duser.country=US -Duser.language=en -Duser.variant 
java_command: com.f6.Main
java_class_path (initial): C:\Users\Administrador\Desktop\proyectos\gestlab-client\build\classes\java\main;C:\Users\Administrador\Desktop\proyectos\gestlab-client\build\resources\main;C:\Users\Administrador\.gradle\caches\modules-2\files-2.1\io.socket\socket.io-client\2.0.1\d132c5928e7e93c43b8be0e0513c3e12309523e2\socket.io-client-2.0.1.jar;C:\Users\Administrador\.gradle\caches\modules-2\files-2.1\io.socket\engine.io-client\2.0.0\9d4a84db8ab071574e62cfce67e35bf5194f4c76\engine.io-client-2.0.0.jar;C:\Users\Administrador\.gradle\caches\modules-2\files-2.1\org.json\json\20210307\528c8df3757e8bcf151817b1d7b9b434f6aa08d5\json-20210307.jar;C:\Users\Administrador\Desktop\proyectos\gestlab-client\lib\zkfinger-2.0.jar;C:\Users\Administrador\.gradle\caches\modules-2\files-2.1\com.squareup.okhttp3\okhttp\3.12.12\d3e1ce1d2b3119adf270b2d00d947beb03fe3321\okhttp-3.12.12.jar;C:\Users\Administrador\.gradle\caches\modules-2\files-2.1\com.squareup.okio\okio\1.15.0\bc28b5a964c8f5721eb58ee3f3c47a9bcbf4f4d8\okio-1.15.0.jar
Launcher Type: SUN_STANDARD

Environment Variables:
JAVA_HOME=C:\Program Files\Eclipse Adoptium\jdk-21.0.11.10-hotspot\
USERNAME=Administrador
OS=Windows_NT
PROCESSOR_IDENTIFIER=Intel64 Family 6 Model 158 Stepping 10, GenuineIntel



---------------  S Y S T E M  ---------------

OS: Windows 10 , 64 bit Build 19041 (10.0.19041.5915)

CPU:total 6 (initial active 6) (6 cores per cpu, 1 threads per core) family 6 model 158 stepping 10, cmov, cx8, fxsr, mmx, sse, sse2, sse3, ssse3, sse4.1, sse4.2, popcnt, avx, avx2, aes, clmul, erms, rtm, 3dnowpref, lzcnt, tsc, tscinvbit, bmi1, bmi2, adx

Memory: 4k page, physical 33373432k(16673788k free), swap 38354168k(16382544k free)

vm_info: OpenJDK 64-Bit Server VM (25.482-b08) for windows-amd64 JRE (1.8.0_482-b08), built on Jan 21 2026 06:10:28 by "ContainerUser" with unknown MS VC++:1937

time: Tue May 26 10:32:52 2026
timezone: Venezuela Standard Time
elapsed time: 46.664451 seconds (0d 0h 0m 46s)

