#
# A fatal error has been detected by the Java Runtime Environment:
#
#  EXCEPTION_ACCESS_VIOLATION (0xc0000005) at pc=0x0000000180009bf2, pid=13704, tid=0x0000000000004460
#
# JRE version: OpenJDK Runtime Environment (8.0_482-b08) (build 1.8.0_482-b08)
# Java VM: OpenJDK 64-Bit Server VM (25.482-b08 mixed mode windows-amd64 compressed oops)
# Problematic frame:
# C  [zkfpslibLow.dll+0x9bf2]
#
# Failed to write core dump. Minidumps are not enabled by default on client versions of Windows
#
# If you would like to submit a bug report, please visit:
#   https://github.com/adoptium/adoptium-support/issues
# The crash happened outside the Java Virtual Machine in native code.
# See problematic frame for where to report the bug.
#

---------------  T H R E A D  ---------------

Current thread (0x000002bdc5e42000):  JavaThread "EventThread" [_thread_in_native, id=17504, stack(0x000000da36d00000,0x000000da36e00000)]

siginfo: ExceptionCode=0xc0000005, writing address 0x000000018001f000

Registers:
RAX=0x0000000000000000, RBX=0x00000000000004be, RCX=0x000000018001f010, RDX=0x000002bc1754b2d0
RSP=0x000000da36dfe4a8, RBP=0x000002bd97569320, RSI=0x000002bdc50c9bb0, RDI=0x000002bdc50c9d20
R8 =0x0000000000003081, R9 =0x0000000000000004, R10=0x0000000000000000, R11=0x000000018001c010
R12=0x000002bd975672e0, R13=0x0000000000000800, R14=0x000000da36dfe680, R15=0x000002bdc5e42000
RIP=0x0000000180009bf2, EFLAGS=0x0000000000010202

Top of Stack: (sp=0x000000da36dfe4a8)
0x000000da36dfe4a8:   00000001800039dc 000000000000001e
0x000000da36dfe4b8:   0000000180003252 00007ffe4b0524e0
0x000000da36dfe4c8:   0000000000000000 000002bd97569320
0x000000da36dfe4d8:   000002bdc5041c80 000000da36dfe658
0x000000da36dfe4e8:   00007ffe4af730cd 0000000000000000
0x000000da36dfe4f8:   00007ffe4b0524e0 000002bd975672e0
0x000000da36dfe508:   0000000000000000 0000000000000001
0x000000da36dfe518:   000000da36dfe4f0 000002bd975672e0
0x000000da36dfe528:   00007ffec6534caf 000002bd97569320
0x000000da36dfe538:   000000da36dfe678 000002bd975672e0
0x000000da36dfe548:   000002bdc5e42260 000002bdc5e42260
0x000000da36dfe558:   00007ffec65336da 000002bd97569320
0x000000da36dfe568:   000000da36dfe678 000000da36dfe680
0x000000da36dfe578:   0000000000000141 0000000000000800
0x000000da36dfe588:   000000da36dfe588 000002bdc4b13500
0x000000da36dfe598:   000000da36dfe560 000002bd975672e0 

Instructions: (pc=0x0000000180009bf2)
0x0000000180009bd2:   04 0a 4c 8b 54 0a 08 48 83 c1 20 48 89 41 e0 4c
0x0000000180009be2:   89 51 e8 48 8b 44 0a f0 4c 8b 54 0a f8 49 ff c9
0x0000000180009bf2:   48 89 41 f0 4c 89 51 f8 75 d4 49 83 e0 1f e9 71
0x0000000180009c02:   ff ff ff 66 66 66 0f 1f 84 00 00 00 00 00 66 90 


Register to memory mapping:

RAX=0x0000000000000000 is an unknown value
RBX=0x00000000000004be is an unknown value
RCX=0x000000018001f010 is an unknown value
RDX=0x000002bc1754b2d0 is an unknown value
RSP=0x000000da36dfe4a8 is pointing into the stack for thread: 0x000002bdc5e42000
RBP=0x000002bd97569320 is an unknown value
RSI=0x000002bdc50c9bb0 is an unknown value
RDI=0x000002bdc50c9d20 is an unknown value
R8 =0x0000000000003081 is an unknown value
R9 =0x0000000000000004 is an unknown value
R10=0x0000000000000000 is an unknown value
R11=0x000000018001c010 is an unknown value
R12=0x000002bd975672e0 is an unknown value
R13=0x0000000000000800 is an unknown value
R14=0x000000da36dfe680 is pointing into the stack for thread: 0x000002bdc5e42000
R15=0x000002bdc5e42000 is a thread


Stack: [0x000000da36d00000,0x000000da36e00000],  sp=0x000000da36dfe4a8,  free space=1017k
Native frames: (J=compiled Java code, j=interpreted, Vv=VM code, C=native code)
C  [zkfpslibLow.dll+0x9bf2]

Java frames: (J=compiled Java code, j=interpreted, Vv=VM code)
j  com.zkteco.biometric.ZKFPService.MatchFP([B[B)I+0
j  com.zkteco.biometric.FingerprintSensorEx.DBMatch(J[B[B)I+12
j  com.f6.functions.Lector.verifyFinger(Lorg/json/JSONArray;)Ljava/lang/String;+380
j  com.f6.Main$7.call([Ljava/lang/Object;)V+76
j  io.socket.emitter.Emitter.emit(Ljava/lang/String;[Ljava/lang/Object;)Lio/socket/emitter/Emitter;+49
j  io.socket.client.Socket.onevent(Lio/socket/parser/Packet;)V+118
j  io.socket.client.Socket.onpacket(Lio/socket/parser/Packet;)V+136
j  io.socket.client.Socket.access$100(Lio/socket/client/Socket;Lio/socket/parser/Packet;)V+2
j  io.socket.client.Socket$2$2.call([Ljava/lang/Object;)V+13
j  io.socket.emitter.Emitter.emit(Ljava/lang/String;[Ljava/lang/Object;)Lio/socket/emitter/Emitter;+49
j  io.socket.client.Manager.ondecoded(Lio/socket/parser/Packet;)V+11
j  io.socket.client.Manager.access$1200(Lio/socket/client/Manager;Lio/socket/parser/Packet;)V+2
j  io.socket.client.Manager$5.call(Lio/socket/parser/Packet;)V+5
j  io.socket.parser.IOParser$Decoder.add(Ljava/lang/String;)V+79
j  io.socket.client.Manager$2.call([Ljava/lang/Object;)V+22
j  io.socket.emitter.Emitter.emit(Ljava/lang/String;[Ljava/lang/Object;)Lio/socket/emitter/Emitter;+49
j  io.socket.engineio.client.Socket.onPacket(Lio/socket/engineio/parser/Packet;)V+257
j  io.socket.engineio.client.Socket.access$1000(Lio/socket/engineio/client/Socket;Lio/socket/engineio/parser/Packet;)V+2
j  io.socket.engineio.client.Socket$5.call([Ljava/lang/Object;)V+19
j  io.socket.emitter.Emitter.emit(Ljava/lang/String;[Ljava/lang/Object;)Lio/socket/emitter/Emitter;+49
j  io.socket.engineio.client.Transport.onPacket(Lio/socket/engineio/parser/Packet;)V+11
j  io.socket.engineio.client.Transport.onData(Ljava/lang/String;)V+5
j  io.socket.engineio.client.transports.WebSocket.access$100(Lio/socket/engineio/client/transports/WebSocket;Ljava/lang/String;)V+2
j  io.socket.engineio.client.transports.WebSocket$1$2.run()V+11
j  io.socket.thread.EventThread$2.run()V+4
j  java.util.concurrent.ThreadPoolExecutor.runWorker(Ljava/util/concurrent/ThreadPoolExecutor$Worker;)V+95
j  java.util.concurrent.ThreadPoolExecutor$Worker.run()V+5
j  java.lang.Thread.run()V+11
v  ~StubRoutines::call_stub

---------------  P R O C E S S  ---------------

Java Threads: ( => current thread )
=>0x000002bdc5e42000 JavaThread "EventThread" [_thread_in_native, id=17504, stack(0x000000da36d00000,0x000000da36e00000)]
  0x000002bdc5e3f000 JavaThread "OkHttp WebSocket http://localhost:3000/..." [_thread_blocked, id=2480, stack(0x000000da37600000,0x000000da37700000)]
  0x000002bdc5e45800 JavaThread "OkHttp Dispatcher" [_thread_blocked, id=4488, stack(0x000000da37500000,0x000000da37600000)]
  0x000002bdc5e3e800 JavaThread "pool-1-thread-1" [_thread_blocked, id=6360, stack(0x000000da37400000,0x000000da37500000)]
  0x000002bdc5e40000 JavaThread "OkHttp http://localhost:3000/..." [_thread_in_native, id=9344, stack(0x000000da36f00000,0x000000da37000000)]
  0x000002bdc5e81800 JavaThread "Okio Watchdog" daemon [_thread_blocked, id=1352, stack(0x000000da37200000,0x000000da37300000)]
  0x000002bdc5e81000 JavaThread "OkHttp ConnectionPool" daemon [_thread_blocked, id=8496, stack(0x000000da37100000,0x000000da37200000)]
  0x000002bdc5e79000 JavaThread "OkHttp Dispatcher" [_thread_blocked, id=21028, stack(0x000000da37000000,0x000000da37100000)]
  0x000002bd9757f800 JavaThread "DestroyJavaVM" [_thread_blocked, id=21020, stack(0x000000da35600000,0x000000da35700000)]
  0x000002bdbe93d000 JavaThread "AWT-EventQueue-0" [_thread_blocked, id=13940, stack(0x000000da36c00000,0x000000da36d00000)]
  0x000002bdbd1e2800 JavaThread "AWT-Windows" daemon [_thread_in_native, id=600, stack(0x000000da36900000,0x000000da36a00000)]
  0x000002bdbd1e2000 JavaThread "AWT-Shutdown" [_thread_blocked, id=17560, stack(0x000000da36800000,0x000000da36900000)]
  0x000002bdbd1d7000 JavaThread "Java2D Disposer" daemon [_thread_blocked, id=3524, stack(0x000000da36700000,0x000000da36800000)]
  0x000002bdbb6fb000 JavaThread "Service Thread" daemon [_thread_blocked, id=17792, stack(0x000000da36500000,0x000000da36600000)]
  0x000002bdbb66e800 JavaThread "C1 CompilerThread2" daemon [_thread_blocked, id=3424, stack(0x000000da36400000,0x000000da36500000)]
  0x000002bdbb66e000 JavaThread "C2 CompilerThread1" daemon [_thread_blocked, id=7908, stack(0x000000da36300000,0x000000da36400000)]
  0x000002bdbb66b000 JavaThread "C2 CompilerThread0" daemon [_thread_blocked, id=11640, stack(0x000000da36200000,0x000000da36300000)]
  0x000002bdbb666800 JavaThread "Attach Listener" daemon [_thread_blocked, id=21128, stack(0x000000da36100000,0x000000da36200000)]
  0x000002bdbb665800 JavaThread "Signal Dispatcher" daemon [_thread_blocked, id=19996, stack(0x000000da36000000,0x000000da36100000)]
  0x000002bdbb63a800 JavaThread "Finalizer" daemon [_thread_blocked, id=19924, stack(0x000000da35f00000,0x000000da36000000)]
  0x000002bdbb633000 JavaThread "Reference Handler" daemon [_thread_blocked, id=12820, stack(0x000000da35e00000,0x000000da35f00000)]

Other Threads:
  0x000002bdbb60b000 VMThread [stack: 0x000000da35d00000,0x000000da35e00000] [id=12956]
  0x000002bdbb6fd800 WatcherThread [stack: 0x000000da36600000,0x000000da36700000] [id=4324]

VM state:not at safepoint (normal execution)

VM Mutex/Monitor currently owned by a thread: None

heap address: 0x00000005c2c00000, size: 8148 MB, Compressed Oops mode: Zero based, Oop shift amount: 3
Narrow klass base: 0x0000000000000000, Narrow klass shift: 3
Compressed class space size: 1073741824 Address: 0x00000007c0000000

Heap:
 PSYoungGen      total 152576K, used 62918K [0x0000000716400000, 0x0000000720e00000, 0x00000007c0000000)
  eden space 131072K, 48% used [0x0000000716400000,0x000000071a171940,0x000000071e400000)
  from space 21504K, 0% used [0x000000071f900000,0x000000071f900000,0x0000000720e00000)
  to   space 21504K, 0% used [0x000000071e400000,0x000000071e400000,0x000000071f900000)
 ParOldGen       total 348160K, used 0K [0x00000005c2c00000, 0x00000005d8000000, 0x0000000716400000)
  object space 348160K, 0% used [0x00000005c2c00000,0x00000005c2c00000,0x00000005d8000000)
 Metaspace       used 13667K, capacity 13922K, committed 14208K, reserved 1062912K
  class space    used 1540K, capacity 1623K, committed 1664K, reserved 1048576K

Card table byte_map: [0x000002bda8260000,0x000002bda9250000] byte_map_base: 0x000002bda544a000

Marking Bits: (ParMarkBitMap*) 0x000000006ea1f940
 Begin Bits: [0x000002bda9cf0000, 0x000002bdb1c40000)
 End Bits:   [0x000002bdb1c40000, 0x000002bdb9b90000)

Polling page: 0x000002bd98e70000

CodeCache: size=245760Kb used=3819Kb max_used=3836Kb free=241940Kb
 bounds [0x000002bd98ea0000, 0x000002bd99270000, 0x000002bda7ea0000]
 total_blobs=1559 nmethods=1047 adapters=425
 compilation: enabled

Compilation events (10 events):
Event: 5.625 Thread 0x000002bdbb66e800 1045       3       java.lang.StringBuilder::append (8 bytes)
Event: 5.625 Thread 0x000002bdbb66e800 nmethod 1045 0x000002bd9925a590 code [0x000002bd9925a700, 0x000002bd9925a890]
Event: 5.625 Thread 0x000002bdbb66e800 1046       3       java.lang.AbstractStringBuilder::append (54 bytes)
Event: 5.625 Thread 0x000002bdbb66e800 nmethod 1046 0x000002bd9925a910 code [0x000002bd9925aae0, 0x000002bd9925b3f0]
Event: 5.625 Thread 0x000002bdbb66e800 1047       1       java.util.Formatter$FormatSpecifier::index (5 bytes)
Event: 5.625 Thread 0x000002bdbb66e800 nmethod 1047 0x000002bd99256f90 code [0x000002bd992570e0, 0x000002bd992571f8]
Event: 5.625 Thread 0x000002bdbb66b000 nmethod 1030 0x000002bd99261490 code [0x000002bd992615e0, 0x000002bd992619b8]
Event: 5.625 Thread 0x000002bdbb66b000 1039       4       java.util.regex.Pattern$BmpCharProperty::match (50 bytes)
Event: 5.625 Thread 0x000002bdbb66e000 nmethod 1032 0x000002bd9925ded0 code [0x000002bd9925e020, 0x000002bd9925e358]
Event: 5.627 Thread 0x000002bdbb66b000 nmethod 1039 0x000002bd9925c3d0 code [0x000002bd9925c520, 0x000002bd9925c758]

GC Heap History (0 events):
No events

Deoptimization events (10 events):
Event: 0.633 Thread 0x000002bdc5cdc800 Uncommon trap: reason=unstable_if action=reinterpret pc=0x000002bd991e46f0 method=java.lang.CharacterData.of(I)Ljava/lang/CharacterData; @ 4
Event: 0.652 Thread 0x000002bdc5cdc800 Uncommon trap: reason=class_check action=maybe_recompile pc=0x000002bd991fed84 method=java.io.DataInputStream.readInt()I @ 4
Event: 0.652 Thread 0x000002bdc5cdc800 Uncommon trap: reason=class_check action=maybe_recompile pc=0x000002bd991fed84 method=java.io.DataInputStream.readInt()I @ 4
Event: 0.652 Thread 0x000002bdc5cdc800 Uncommon trap: reason=class_check action=maybe_recompile pc=0x000002bd991fed84 method=java.io.DataInputStream.readInt()I @ 4
Event: 0.652 Thread 0x000002bdc5cdc800 Uncommon trap: reason=class_check action=maybe_recompile pc=0x000002bd991fed84 method=java.io.DataInputStream.readInt()I @ 4
Event: 0.652 Thread 0x000002bdc5cdc800 Uncommon trap: reason=class_check action=maybe_recompile pc=0x000002bd991f55a8 method=java.io.DataInputStream.readChar()C @ 4
Event: 0.652 Thread 0x000002bdc5cdc800 Uncommon trap: reason=class_check action=maybe_recompile pc=0x000002bd991f55a8 method=java.io.DataInputStream.readChar()C @ 4
Event: 0.652 Thread 0x000002bdc5cdc800 Uncommon trap: reason=class_check action=maybe_recompile pc=0x000002bd991f55a8 method=java.io.DataInputStream.readChar()C @ 4
Event: 0.652 Thread 0x000002bdc5cdc800 Uncommon trap: reason=class_check action=maybe_recompile pc=0x000002bd991f55a8 method=java.io.DataInputStream.readChar()C @ 4
Event: 0.695 Thread 0x000002bdc5e41800 Uncommon trap: reason=loop_limit_check action=maybe_recompile pc=0x000002bd9922fd34 method=java.util.regex.Pattern$Start.match(Ljava/util/regex/Matcher;ILjava/lang/CharSequence;)Z @ 37

Classes redefined (0 events):
No events

Internal exceptions (10 events):
Event: 0.105 Thread 0x000002bd9757f800 Exception <a 'sun/nio/fs/WindowsException'> (0x00000007165f2af0) thrown at [C:\workspace\openjdk-build\workspace\build\src\hotspot\src\share\vm\prims\jni.cpp, line 712]
Event: 0.116 Thread 0x000002bd9757f800 Exception <a 'java/security/PrivilegedActionException'> (0x00000007166177a8) thrown at [C:\workspace\openjdk-build\workspace\build\src\hotspot\src\share\vm\prims\jvm.cpp, line 1514]
Event: 0.116 Thread 0x000002bd9757f800 Exception <a 'java/security/PrivilegedActionException'> (0x00000007166179b8) thrown at [C:\workspace\openjdk-build\workspace\build\src\hotspot\src\share\vm\prims\jvm.cpp, line 1514]
Event: 0.116 Thread 0x000002bd9757f800 Exception <a 'java/security/PrivilegedActionException'> (0x000000071661c968) thrown at [C:\workspace\openjdk-build\workspace\build\src\hotspot\src\share\vm\prims\jvm.cpp, line 1514]
Event: 0.116 Thread 0x000002bd9757f800 Exception <a 'java/security/PrivilegedActionException'> (0x000000071661cb78) thrown at [C:\workspace\openjdk-build\workspace\build\src\hotspot\src\share\vm\prims\jvm.cpp, line 1514]
Event: 0.118 Thread 0x000002bd9757f800 Exception <a 'java/io/FileNotFoundException'> (0x000000071661f188) thrown at [C:\workspace\openjdk-build\workspace\build\src\hotspot\src\share\vm\prims\jni.cpp, line 712]
Event: 0.129 Thread 0x000002bd9757f800 Exception <a 'java/lang/ClassNotFoundException': sun/dc/DuctusRenderingEngine> (0x0000000716638a78) thrown at [C:\workspace\openjdk-build\workspace\build\src\hotspot\src\share\vm\classfile\systemDictionary.cpp, line 217]
Event: 0.155 Thread 0x000002bd9757f800 Exception <a 'java/io/FileNotFoundException'> (0x000000071667cca8) thrown at [C:\workspace\openjdk-build\workspace\build\src\hotspot\src\share\vm\prims\jni.cpp, line 712]
Event: 0.700 Thread 0x000002bdc5e79000 Exception <a 'java/net/SocketTimeoutException': Read timed out> (0x0000000718695820) thrown at [C:\workspace\openjdk-build\workspace\build\src\hotspot\src\share\vm\prims\jni.cpp, line 739]
Event: 0.716 Thread 0x000002bdc5e45800 Exception <a 'java/net/SocketTimeoutException': Read timed out> (0x000000071921c670) thrown at [C:\workspace\openjdk-build\workspace\build\src\hotspot\src\share\vm\prims\jni.cpp, line 739]

Events (10 events):
Event: 10.304 loading class java/util/Base64$Decoder
Event: 10.304 loading class java/util/Base64$Decoder done
Event: 10.304 loading class sun/nio/cs/ISO_8859_1$Encoder
Event: 10.304 loading class sun/nio/cs/ISO_8859_1$Encoder done
Event: 10.304 Executing VM operation: Deoptimize
Event: 10.304 Executing VM operation: Deoptimize done
Event: 10.304 loading class sun/nio/cs/Surrogate$Parser
Event: 10.304 loading class sun/nio/cs/Surrogate$Parser done
Event: 10.304 loading class sun/nio/cs/Surrogate
Event: 10.304 loading class sun/nio/cs/Surrogate done


Dynamic libraries:
0x00007ff6ff570000 - 0x00007ff6ff5bd000 	C:\Program Files\Eclipse Adoptium\jdk-8.0.482.8-hotspot\bin\java.exe
0x00007ffefd6d0000 - 0x00007ffefd8c8000 	C:\Windows\SYSTEM32\ntdll.dll
0x00007ffefb990000 - 0x00007ffefba52000 	C:\Windows\System32\KERNEL32.DLL
0x00007ffefb0d0000 - 0x00007ffefb3c6000 	C:\Windows\System32\KERNELBASE.dll
0x00007ffef7870000 - 0x00007ffef7904000 	C:\Windows\SYSTEM32\apphelp.dll
0x00007ffefcde0000 - 0x00007ffefce91000 	C:\Windows\System32\ADVAPI32.dll
0x00007ffefd1f0000 - 0x00007ffefd28e000 	C:\Windows\System32\msvcrt.dll
0x00007ffefd4c0000 - 0x00007ffefd55f000 	C:\Windows\System32\sechost.dll
0x00007ffefd560000 - 0x00007ffefd680000 	C:\Windows\System32\RPCRT4.dll
0x00007ffefb540000 - 0x00007ffefb567000 	C:\Windows\System32\bcrypt.dll
0x00007ffefb6f0000 - 0x00007ffefb891000 	C:\Windows\System32\USER32.dll
0x00007ffefaf70000 - 0x00007ffefaf92000 	C:\Windows\System32\win32u.dll
0x00007ffefd2a0000 - 0x00007ffefd2cb000 	C:\Windows\System32\GDI32.dll
0x00007ffefb420000 - 0x00007ffefb539000 	C:\Windows\System32\gdi32full.dll
0x00007ffefb030000 - 0x00007ffefb0cd000 	C:\Windows\System32\msvcp_win.dll
0x00007ffefb5f0000 - 0x00007ffefb6f0000 	C:\Windows\System32\ucrtbase.dll
0x00007ffedfcf0000 - 0x00007ffedff8b000 	C:\Windows\WinSxS\amd64_microsoft.windows.common-controls_6595b64144ccf1df_6.0.19041.6456_none_60b8a6cb71f64256\COMCTL32.dll
0x00007ffefca30000 - 0x00007ffefca5f000 	C:\Windows\System32\IMM32.DLL
0x00007ffee0910000 - 0x00007ffee092e000 	C:\Program Files\Eclipse Adoptium\jdk-8.0.482.8-hotspot\jre\bin\vcruntime140.dll
0x00007ffef3de0000 - 0x00007ffef3dec000 	C:\Program Files\Eclipse Adoptium\jdk-8.0.482.8-hotspot\jre\bin\vcruntime140_1.dll
0x00007ffec0020000 - 0x00007ffec00ad000 	C:\Program Files\Eclipse Adoptium\jdk-8.0.482.8-hotspot\jre\bin\msvcp140.dll
0x000000006e200000 - 0x000000006ea99000 	C:\Program Files\Eclipse Adoptium\jdk-8.0.482.8-hotspot\jre\bin\server\jvm.dll
0x00007ffefcf50000 - 0x00007ffefcf58000 	C:\Windows\System32\PSAPI.DLL
0x00007ffedc620000 - 0x00007ffedc629000 	C:\Windows\SYSTEM32\WSOCK32.dll
0x00007ffef6000000 - 0x00007ffef600a000 	C:\Windows\SYSTEM32\VERSION.dll
0x00007ffef19e0000 - 0x00007ffef1a07000 	C:\Windows\SYSTEM32\WINMM.dll
0x00007ffefc420000 - 0x00007ffefc48b000 	C:\Windows\System32\WS2_32.dll
0x00007ffef8bf0000 - 0x00007ffef8c02000 	C:\Windows\SYSTEM32\kernel.appcore.dll
0x00007ffef3c30000 - 0x00007ffef3c40000 	C:\Program Files\Eclipse Adoptium\jdk-8.0.482.8-hotspot\jre\bin\verify.dll
0x00007ffecd6c0000 - 0x00007ffecd6eb000 	C:\Program Files\Eclipse Adoptium\jdk-8.0.482.8-hotspot\jre\bin\java.dll
0x00007ffecd6a0000 - 0x00007ffecd6b8000 	C:\Program Files\Eclipse Adoptium\jdk-8.0.482.8-hotspot\jre\bin\zip.dll
0x00007ffefbb80000 - 0x00007ffefc2f0000 	C:\Windows\System32\SHELL32.dll
0x00007ffef8df0000 - 0x00007ffef9595000 	C:\Windows\SYSTEM32\windows.storage.dll
0x00007ffefca80000 - 0x00007ffefcdd4000 	C:\Windows\System32\combase.dll
0x00007ffefa790000 - 0x00007ffefa7bb000 	C:\Windows\SYSTEM32\Wldp.dll
0x00007ffefc960000 - 0x00007ffefca2d000 	C:\Windows\System32\OLEAUT32.dll
0x00007ffefcea0000 - 0x00007ffefcf4d000 	C:\Windows\System32\SHCORE.dll
0x00007ffefb930000 - 0x00007ffefb98b000 	C:\Windows\System32\shlwapi.dll
0x00007ffefac90000 - 0x00007ffefacb4000 	C:\Windows\SYSTEM32\profapi.dll
0x00007ffeccac0000 - 0x00007ffeccadc000 	C:\Program Files\Eclipse Adoptium\jdk-8.0.482.8-hotspot\jre\bin\net.dll
0x00007ffefa4f0000 - 0x00007ffefa55a000 	C:\Windows\system32\mswsock.dll
0x00007ffec7060000 - 0x00007ffec7073000 	C:\Program Files\Eclipse Adoptium\jdk-8.0.482.8-hotspot\jre\bin\nio.dll
0x00007ffe4a130000 - 0x00007ffe4a2ad000 	C:\Program Files\Eclipse Adoptium\jdk-8.0.482.8-hotspot\jre\bin\awt.dll
0x00007ffef8700000 - 0x00007ffef879e000 	C:\Windows\system32\uxtheme.dll
0x00007ffefba60000 - 0x00007ffefbb75000 	C:\Windows\System32\MSCTF.dll
0x00007ffefc2f0000 - 0x00007ffefc41b000 	C:\Windows\System32\ole32.dll
0x00007ffefafa0000 - 0x00007ffefb022000 	C:\Windows\System32\bcryptPrimitives.dll
0x00007ffef8a10000 - 0x00007ffef8a3e000 	C:\Windows\system32\DWMAPI.DLL
0x00007ffedfb60000 - 0x00007ffedfc88000 	C:\Windows\system32\opengl32.dll
0x00007ffedf6a0000 - 0x00007ffedf6cc000 	C:\Windows\SYSTEM32\GLU32.dll
0x00007ffef0ec0000 - 0x00007ffef1091000 	C:\Windows\system32\d3d9.dll
0x00007ffef1f10000 - 0x00007ffef2012000 	C:\Windows\System32\DriverStore\FileRepository\nv_dispi.inf_amd64_60daf66a00f2e0b6\nvldumdx.dll
0x00007ffefa920000 - 0x00007ffefa932000 	C:\Windows\SYSTEM32\msasn1.dll
0x00007ffef3720000 - 0x00007ffef3751000 	C:\Windows\SYSTEM32\cryptnet.dll
0x00007ffefae10000 - 0x00007ffefaf6d000 	C:\Windows\System32\CRYPT32.dll
0x00007ffefa6e0000 - 0x00007ffefa6ec000 	C:\Windows\SYSTEM32\cryptbase.dll
0x00007ffefb570000 - 0x00007ffefb5e3000 	C:\Windows\System32\WINTRUST.DLL
0x00007ffefca60000 - 0x00007ffefca7d000 	C:\Windows\System32\imagehlp.dll
0x00007ffefa6f0000 - 0x00007ffefa708000 	C:\Windows\SYSTEM32\CRYPTSP.dll
0x00007ffef9da0000 - 0x00007ffef9dd8000 	C:\Windows\system32\rsaenh.dll
0x00007ffe8f790000 - 0x00007ffe911ab000 	C:\Windows\System32\DriverStore\FileRepository\nv_dispi.inf_amd64_60daf66a00f2e0b6\nvd3dumx.dll
0x00007ffe8f5e0000 - 0x00007ffe8f78d000 	C:\Windows\System32\DriverStore\FileRepository\iigd_dch.inf_amd64_99115f8a30a091a2\igdumdim64.dll
0x00007ffe782e0000 - 0x00007ffe7b384000 	C:\Windows\System32\DriverStore\FileRepository\iigd_dch.inf_amd64_99115f8a30a091a2\igd9dxva64.dll
0x00007ffefc490000 - 0x00007ffefc900000 	C:\Windows\System32\SETUPAPI.dll
0x00007ffefb3d0000 - 0x00007ffefb41e000 	C:\Windows\System32\cfgmgr32.dll
0x00007ffee81f0000 - 0x00007ffee85f9000 	C:\Windows\System32\DriverStore\FileRepository\iigd_dch.inf_amd64_99115f8a30a091a2\igdgmm64.dll
0x00007ffef95b0000 - 0x00007ffef95d3000 	C:\Windows\SYSTEM32\gpapi.dll
0x00007ffef5230000 - 0x00007ffef526b000 	C:\Windows\SYSTEM32\dxcore.dll
0x00007ffec6580000 - 0x00007ffec6606000 	C:\Program Files\Eclipse Adoptium\jdk-8.0.482.8-hotspot\jre\bin\freetype.dll
0x00007ffeccf80000 - 0x00007ffeccfd0000 	C:\Program Files\Eclipse Adoptium\jdk-8.0.482.8-hotspot\jre\bin\fontmanager.dll
0x00007ffef3e80000 - 0x00007ffef3f2e000 	C:\Windows\SYSTEM32\mscms.dll
0x00007ffef4170000 - 0x00007ffef4181000 	C:\Windows\SYSTEM32\ColorAdapterClient.dll
0x00007ffefac50000 - 0x00007ffefac7e000 	C:\Windows\SYSTEM32\USERENV.dll
0x00007ffedd080000 - 0x00007ffedd0c5000 	C:\Windows\SYSTEM32\icm32.dll
0x00007ffeda5b0000 - 0x00007ffeda5c7000 	C:\Windows\system32\napinsp.dll
0x00007ffeda2e0000 - 0x00007ffeda2fb000 	C:\Windows\system32\pnrpnsp.dll
0x00007ffeda260000 - 0x00007ffeda27d000 	C:\Windows\system32\wshbth.dll
0x00007ffef6590000 - 0x00007ffef65ad000 	C:\Windows\system32\NLAapi.dll
0x00007ffefa180000 - 0x00007ffefa1bb000 	C:\Windows\SYSTEM32\IPHLPAPI.DLL
0x00007ffefa1c0000 - 0x00007ffefa28a000 	C:\Windows\SYSTEM32\DNSAPI.dll
0x00007ffefd680000 - 0x00007ffefd688000 	C:\Windows\System32\NSI.dll
0x00007ffeda230000 - 0x00007ffeda242000 	C:\Windows\System32\winrnr.dll
0x00007ffef4710000 - 0x00007ffef471a000 	C:\Windows\System32\rasadhlp.dll
0x00007ffef36a0000 - 0x00007ffef3720000 	C:\Windows\System32\fwpuclnt.dll
0x00007ffebf010000 - 0x00007ffebf035000 	C:\Program Files\Eclipse Adoptium\jdk-8.0.482.8-hotspot\jre\bin\sunec.dll
0x00007ffedf470000 - 0x00007ffedf47e000 	C:\Program Files\Eclipse Adoptium\jdk-8.0.482.8-hotspot\jre\bin\sunmscapi.dll
0x00007ffefa800000 - 0x00007ffefa827000 	C:\Windows\SYSTEM32\ncrypt.dll
0x00007ffefa7c0000 - 0x00007ffefa7fb000 	C:\Windows\SYSTEM32\NTASN1.dll
0x00007ffef5530000 - 0x00007ffef5547000 	C:\Windows\SYSTEM32\dhcpcsvc6.DLL
0x00007ffef53c0000 - 0x00007ffef53dd000 	C:\Windows\SYSTEM32\dhcpcsvc.DLL
0x00007ffec6530000 - 0x00007ffec657a000 	C:\Windows\System32\libzkfp.dll
0x00007ffec7040000 - 0x00007ffec705e000 	C:\Windows\SYSTEM32\ZKFPCap.dll
0x00007ffe4af70000 - 0x00007ffe4b062000 	C:\Windows\SYSTEM32\fpslib.dll
0x00007ffec62f0000 - 0x00007ffec630d000 	C:\Windows\SYSTEM32\ZKFPSensors\libidfprcap.dll
0x00007ffec62c0000 - 0x00007ffec62ed000 	C:\Windows\SYSTEM32\ZKFPSensors\libsilkidcap.dll
0x00007ffec62a0000 - 0x00007ffec62bc000 	C:\Windows\SYSTEM32\libzksensorcore.dll
0x000000006ff20000 - 0x000000006ff35000 	C:\Windows\SYSTEM32\libusb0.dll
0x00007ffe7b3f0000 - 0x00007ffe7b438000 	C:\Windows\SYSTEM32\ZKFPSensors\libzklibcap.dll
0x0000000180000000 - 0x0000000180022000 	C:\Windows\SYSTEM32\zkfpslibLow.dll
0x000002bdc5190000 - 0x000002bdc58a0000 	C:\Windows\SYSTEM32\fppswsk.dll
0x00007ffed52a0000 - 0x00007ffed5344000 	C:\Windows\SYSTEM32\WINSPOOL.DRV
0x00007ffefaaf0000 - 0x00007ffefab23000 	C:\Windows\SYSTEM32\DEVOBJ.dll
0x00007ffee06f0000 - 0x00007ffee08f1000 	C:\Windows\SYSTEM32\dbghelp.dll

VM Arguments:
jvm_args: -Dfile.encoding=UTF-8 -Duser.country=US -Duser.language=en -Duser.variant 
java_command: com.f6.Main
java_class_path (initial): C:\Users\Administrador\Desktop\proyectos\gestlab-client\build\classes\java\main;C:\Users\Administrador\Desktop\proyectos\gestlab-client\build\resources\main;C:\Users\Administrador\.gradle\caches\modules-2\files-2.1\io.socket\socket.io-client\2.0.1\d132c5928e7e93c43b8be0e0513c3e12309523e2\socket.io-client-2.0.1.jar;C:\Users\Administrador\.gradle\caches\modules-2\files-2.1\io.socket\engine.io-client\2.0.0\9d4a84db8ab071574e62cfce67e35bf5194f4c76\engine.io-client-2.0.0.jar;C:\Users\Administrador\.gradle\caches\modules-2\files-2.1\org.json\json\20210307\528c8df3757e8bcf151817b1d7b9b434f6aa08d5\json-20210307.jar;C:\Users\Administrador\Desktop\proyectos\gestlab-client\lib\zkfinger-2.0.jar;C:\Users\Administrador\.gradle\caches\modules-2\files-2.1\com.squareup.okhttp3\okhttp\3.12.12\d3e1ce1d2b3119adf270b2d00d947beb03fe3321\okhttp-3.12.12.jar;C:\Users\Administrador\.gradle\caches\modules-2\files-2.1\com.squareup.okio\okio\1.15.0\bc28b5a964c8f5721eb58ee3f3c47a9bcbf4f4d8\okio-1.15.0.jar
Launcher Type: SUN_STANDARD

Environment Variables:
JAVA_HOME=C:\Program Files\Eclipse Adoptium\jdk-21.0.11.10-hotspot\
USERNAME=Administrador
OS=Windows_NT
PROCESSOR_IDENTIFIER=Intel64 Family 6 Model 158 Stepping 10, GenuineIntel



---------------  S Y S T E M  ---------------

OS: Windows 10 , 64 bit Build 19041 (10.0.19041.5915)

CPU:total 6 (initial active 6) (6 cores per cpu, 1 threads per core) family 6 model 158 stepping 10, cmov, cx8, fxsr, mmx, sse, sse2, sse3, ssse3, sse4.1, sse4.2, popcnt, avx, avx2, aes, clmul, erms, rtm, 3dnowpref, lzcnt, tsc, tscinvbit, bmi1, bmi2, adx

Memory: 4k page, physical 33373432k(17254752k free), swap 38354168k(16172984k free)

vm_info: OpenJDK 64-Bit Server VM (25.482-b08) for windows-amd64 JRE (1.8.0_482-b08), built on Jan 21 2026 06:10:28 by "ContainerUser" with unknown MS VC++:1937

time: Tue May 26 10:56:32 2026
timezone: Venezuela Standard Time
elapsed time: 10.317673 seconds (0d 0h 0m 10s)

