#
# A fatal error has been detected by the Java Runtime Environment:
#
#  EXCEPTION_ACCESS_VIOLATION (0xc0000005) at pc=0x0000000180009bf2, pid=19560, tid=0x0000000000000094
#
# JRE version: OpenJDK Runtime Environment (8.0_482-b08) (build 1.8.0_482-b08)
# Java VM: OpenJDK 64-Bit Server VM (25.482-b08 mixed mode windows-amd64 compressed oops)
# Problematic frame:
# C  [zkfpslibLow.dll+0x9bf2]
#
# Failed to write core dump. Minidumps are not enabled by default on client versions of Windows
#
# If you would like to submit a bug report, please visit:
#   https://github.com/adoptium/adoptium-support/issues
# The crash happened outside the Java Virtual Machine in native code.
# See problematic frame for where to report the bug.
#

---------------  T H R E A D  ---------------

Current thread (0x000001abfc0be800):  JavaThread "EventThread" [_thread_in_native, id=148, stack(0x0000002ccd700000,0x0000002ccd800000)]

siginfo: ExceptionCode=0xc0000005, writing address 0x000000018001f000

Registers:
RAX=0x0000000000000000, RBX=0x00000000000003be, RCX=0x000000018001f010, RDX=0x000001aa7c0ead10
RSP=0x0000002ccd7fe368, RBP=0x000001abfc107530, RSI=0x000001abfb229d00, RDI=0x000001abfb229c30
R8 =0x0000000000003081, R9 =0x0000000000000004, R10=0x0000000000000000, R11=0x000000018001c010
R12=0x000001abfc106d20, R13=0x0000000000000800, R14=0x0000002ccd7fe540, R15=0x000001abfc0be800
RIP=0x0000000180009bf2, EFLAGS=0x0000000000010202

Top of Stack: (sp=0x0000002ccd7fe368)
0x0000002ccd7fe368:   00000001800039dc 000000000000001e
0x0000002ccd7fe378:   0000000180003252 00007ffc901424e0
0x0000002ccd7fe388:   0000000000000000 000001abfc107530
0x0000002ccd7fe398:   000001abfb3c1c80 0000002ccd7fe518
0x0000002ccd7fe3a8:   00007ffc900630cd 0000000000000000
0x0000002ccd7fe3b8:   00007ffc901424e0 000001abfc106d20
0x0000002ccd7fe3c8:   0000000000000000 0000000000000001
0x0000002ccd7fe3d8:   0000002ccd7fe3b0 000001abfc106d20
0x0000002ccd7fe3e8:   00007ffce9d44caf 000001abfc107530
0x0000002ccd7fe3f8:   0000002ccd7fe538 000001abfc106d20
0x0000002ccd7fe408:   000001abfc0bea60 000001abfc0bea60
0x0000002ccd7fe418:   00007ffce9d436da 000001abfc107530
0x0000002ccd7fe428:   0000002ccd7fe538 0000002ccd7fe540
0x0000002ccd7fe438:   0000000000000141 0000000000000800
0x0000002ccd7fe448:   0000002ccd7fe448 000001abfd0c3fb8
0x0000002ccd7fe458:   0000002ccd7fe420 000001abfc106d20 

Instructions: (pc=0x0000000180009bf2)
0x0000000180009bd2:   04 0a 4c 8b 54 0a 08 48 83 c1 20 48 89 41 e0 4c
0x0000000180009be2:   89 51 e8 48 8b 44 0a f0 4c 8b 54 0a f8 49 ff c9
0x0000000180009bf2:   48 89 41 f0 4c 89 51 f8 75 d4 49 83 e0 1f e9 71
0x0000000180009c02:   ff ff ff 66 66 66 0f 1f 84 00 00 00 00 00 66 90 


Register to memory mapping:

RAX=0x0000000000000000 is an unknown value
RBX=0x00000000000003be is an unknown value
RCX=0x000000018001f010 is an unknown value
RDX=0x000001aa7c0ead10 is an unknown value
RSP=0x0000002ccd7fe368 is pointing into the stack for thread: 0x000001abfc0be800
RBP=0x000001abfc107530 is an unknown value
RSI=0x000001abfb229d00 is an unknown value
RDI=0x000001abfb229c30 is an unknown value
R8 =0x0000000000003081 is an unknown value
R9 =0x0000000000000004 is an unknown value
R10=0x0000000000000000 is an unknown value
R11=0x000000018001c010 is an unknown value
R12=0x000001abfc106d20 is an unknown value
R13=0x0000000000000800 is an unknown value
R14=0x0000002ccd7fe540 is pointing into the stack for thread: 0x000001abfc0be800
R15=0x000001abfc0be800 is a thread


Stack: [0x0000002ccd700000,0x0000002ccd800000],  sp=0x0000002ccd7fe368,  free space=1016k
Native frames: (J=compiled Java code, j=interpreted, Vv=VM code, C=native code)
C  [zkfpslibLow.dll+0x9bf2]

Java frames: (J=compiled Java code, j=interpreted, Vv=VM code)
j  com.zkteco.biometric.ZKFPService.MatchFP([B[B)I+0
j  com.zkteco.biometric.FingerprintSensorEx.DBMatch(J[B[B)I+12
j  com.f6.functions.Lector.verifyFinger(Lorg/json/JSONArray;)Ljava/lang/String;+378
j  com.f6.Main$7.call([Ljava/lang/Object;)V+76
j  io.socket.emitter.Emitter.emit(Ljava/lang/String;[Ljava/lang/Object;)Lio/socket/emitter/Emitter;+49
j  io.socket.client.Socket.onevent(Lio/socket/parser/Packet;)V+118
j  io.socket.client.Socket.onpacket(Lio/socket/parser/Packet;)V+136
j  io.socket.client.Socket.access$100(Lio/socket/client/Socket;Lio/socket/parser/Packet;)V+2
j  io.socket.client.Socket$2$2.call([Ljava/lang/Object;)V+13
j  io.socket.emitter.Emitter.emit(Ljava/lang/String;[Ljava/lang/Object;)Lio/socket/emitter/Emitter;+49
j  io.socket.client.Manager.ondecoded(Lio/socket/parser/Packet;)V+11
j  io.socket.client.Manager.access$1200(Lio/socket/client/Manager;Lio/socket/parser/Packet;)V+2
j  io.socket.client.Manager$5.call(Lio/socket/parser/Packet;)V+5
j  io.socket.parser.IOParser$Decoder.add(Ljava/lang/String;)V+79
j  io.socket.client.Manager$2.call([Ljava/lang/Object;)V+22
j  io.socket.emitter.Emitter.emit(Ljava/lang/String;[Ljava/lang/Object;)Lio/socket/emitter/Emitter;+49
j  io.socket.engineio.client.Socket.onPacket(Lio/socket/engineio/parser/Packet;)V+257
j  io.socket.engineio.client.Socket.access$1000(Lio/socket/engineio/client/Socket;Lio/socket/engineio/parser/Packet;)V+2
j  io.socket.engineio.client.Socket$5.call([Ljava/lang/Object;)V+19
j  io.socket.emitter.Emitter.emit(Ljava/lang/String;[Ljava/lang/Object;)Lio/socket/emitter/Emitter;+49
j  io.socket.engineio.client.Transport.onPacket(Lio/socket/engineio/parser/Packet;)V+11
j  io.socket.engineio.client.Transport.onData(Ljava/lang/String;)V+5
j  io.socket.engineio.client.transports.WebSocket.access$100(Lio/socket/engineio/client/transports/WebSocket;Ljava/lang/String;)V+2
j  io.socket.engineio.client.transports.WebSocket$1$2.run()V+11
j  io.socket.thread.EventThread$2.run()V+4
j  java.util.concurrent.ThreadPoolExecutor.runWorker(Ljava/util/concurrent/ThreadPoolExecutor$Worker;)V+95
j  java.util.concurrent.ThreadPoolExecutor$Worker.run()V+5
j  java.lang.Thread.run()V+11
v  ~StubRoutines::call_stub

---------------  P R O C E S S  ---------------

Java Threads: ( => current thread )
=>0x000001abfc0be800 JavaThread "EventThread" [_thread_in_native, id=148, stack(0x0000002ccd700000,0x0000002ccd800000)]
  0x000001abfc0bd800 JavaThread "OkHttp Dispatcher" [_thread_blocked, id=17192, stack(0x0000002cce000000,0x0000002cce100000)]
  0x000001abfc0c1800 JavaThread "OkHttp WebSocket http://localhost:3000/..." [_thread_blocked, id=19964, stack(0x0000002ccdf00000,0x0000002cce000000)]
  0x000001abfc0bc000 JavaThread "pool-1-thread-1" [_thread_blocked, id=19796, stack(0x0000002ccde00000,0x0000002ccdf00000)]
  0x000001abfc0c0800 JavaThread "OkHttp http://localhost:3000/..." [_thread_in_native, id=18416, stack(0x0000002ccd900000,0x0000002ccda00000)]
  0x000001abfc0b6800 JavaThread "Okio Watchdog" daemon [_thread_blocked, id=3104, stack(0x0000002ccdc00000,0x0000002ccdd00000)]
  0x000001abfc0a6800 JavaThread "OkHttp ConnectionPool" daemon [_thread_blocked, id=19624, stack(0x0000002ccdb00000,0x0000002ccdc00000)]
  0x000001abfc0a5800 JavaThread "OkHttp Dispatcher" [_thread_blocked, id=15900, stack(0x0000002ccda00000,0x0000002ccdb00000)]
  0x000001abcd6d2800 JavaThread "DestroyJavaVM" [_thread_blocked, id=3576, stack(0x0000002ccc000000,0x0000002ccc100000)]
  0x000001abf4b1d800 JavaThread "AWT-EventQueue-0" [_thread_blocked, id=5868, stack(0x0000002ccd600000,0x0000002ccd700000)]
  0x000001abf33b7800 JavaThread "AWT-Windows" daemon [_thread_in_native, id=2740, stack(0x0000002ccd300000,0x0000002ccd400000)]
  0x000001abf33b4800 JavaThread "AWT-Shutdown" [_thread_blocked, id=16372, stack(0x0000002ccd200000,0x0000002ccd300000)]
  0x000001abf33b4000 JavaThread "Java2D Disposer" daemon [_thread_blocked, id=2936, stack(0x0000002ccd100000,0x0000002ccd200000)]
  0x000001abf2137800 JavaThread "Service Thread" daemon [_thread_blocked, id=6096, stack(0x0000002cccf00000,0x0000002ccd000000)]
  0x000001abf20a4800 JavaThread "C1 CompilerThread2" daemon [_thread_blocked, id=12960, stack(0x0000002ccce00000,0x0000002cccf00000)]
  0x000001abf20a2000 JavaThread "C2 CompilerThread1" daemon [_thread_blocked, id=20664, stack(0x0000002cccd00000,0x0000002ccce00000)]
  0x000001abf20a0800 JavaThread "C2 CompilerThread0" daemon [_thread_blocked, id=18380, stack(0x0000002cccc00000,0x0000002cccd00000)]
  0x000001abf209b000 JavaThread "Attach Listener" daemon [_thread_blocked, id=14968, stack(0x0000002cccb00000,0x0000002cccc00000)]
  0x000001abf209a000 JavaThread "Signal Dispatcher" daemon [_thread_blocked, id=15412, stack(0x0000002ccca00000,0x0000002cccb00000)]
  0x000001abf2072000 JavaThread "Finalizer" daemon [_thread_blocked, id=14472, stack(0x0000002ccc900000,0x0000002ccca00000)]
  0x000001abf206a800 JavaThread "Reference Handler" daemon [_thread_blocked, id=19724, stack(0x0000002ccc800000,0x0000002ccc900000)]

Other Threads:
  0x000001abf2042800 VMThread [stack: 0x0000002ccc700000,0x0000002ccc800000] [id=1244]
  0x000001abf2139800 WatcherThread [stack: 0x0000002ccd000000,0x0000002ccd100000] [id=17828]

VM state:not at safepoint (normal execution)

VM Mutex/Monitor currently owned by a thread: None

heap address: 0x00000005c2c00000, size: 8148 MB, Compressed Oops mode: Zero based, Oop shift amount: 3
Narrow klass base: 0x0000000000000000, Narrow klass shift: 3
Compressed class space size: 1073741824 Address: 0x00000007c0000000

Heap:
 PSYoungGen      total 152576K, used 60296K [0x0000000716400000, 0x0000000720e00000, 0x00000007c0000000)
  eden space 131072K, 46% used [0x0000000716400000,0x0000000719ee22d8,0x000000071e400000)
  from space 21504K, 0% used [0x000000071f900000,0x000000071f900000,0x0000000720e00000)
  to   space 21504K, 0% used [0x000000071e400000,0x000000071e400000,0x000000071f900000)
 ParOldGen       total 348160K, used 0K [0x00000005c2c00000, 0x00000005d8000000, 0x0000000716400000)
  object space 348160K, 0% used [0x00000005c2c00000,0x00000005c2c00000,0x00000005d8000000)
 Metaspace       used 13675K, capacity 13922K, committed 14208K, reserved 1062912K
  class space    used 1540K, capacity 1623K, committed 1664K, reserved 1048576K

Card table byte_map: [0x000001abde4c0000,0x000001abdf4b0000] byte_map_base: 0x000001abdb6aa000

Marking Bits: (ParMarkBitMap*) 0x000000006e2df940
 Begin Bits: [0x000001abdff50000, 0x000001abe7ea0000)
 End Bits:   [0x000001abe7ea0000, 0x000001abefdf0000)

Polling page: 0x000001abcd880000

CodeCache: size=245760Kb used=3854Kb max_used=3862Kb free=241905Kb
 bounds [0x000001abcf100000, 0x000001abcf4d0000, 0x000001abde100000]
 total_blobs=1556 nmethods=1044 adapters=425
 compilation: enabled

Compilation events (10 events):
Event: 8.199 Thread 0x000001abf20a0800 1036       4       java.util.regex.Pattern$BmpCharProperty::match (50 bytes)
Event: 8.199 Thread 0x000001abf20a2000 nmethod 1029 0x000001abcf4c20d0 code [0x000001abcf4c2200, 0x000001abcf4c22b8]
Event: 8.200 Thread 0x000001abf20a4800 nmethod 1041 0x000001abcf4c3bd0 code [0x000001abcf4c3ec0, 0x000001abcf4c60f8]
Event: 8.200 Thread 0x000001abf20a4800 1042       1       java.util.Calendar::internalSet (8 bytes)
Event: 8.200 Thread 0x000001abf20a4800 nmethod 1042 0x000001abcf4ba310 code [0x000001abcf4ba460, 0x000001abcf4ba598]
Event: 8.200 Thread 0x000001abf20a4800 1044       1       java.util.Formatter$FormatSpecifier::index (5 bytes)
Event: 8.200 Thread 0x000001abf20a4800 nmethod 1044 0x000001abcf4bf9d0 code [0x000001abcf4bfb20, 0x000001abcf4bfc38]
Event: 8.200 Thread 0x000001abf20a4800 1043       3       java.util.regex.Pattern$CharProperty::match (56 bytes)
Event: 8.200 Thread 0x000001abf20a4800 nmethod 1043 0x000001abcf4bf1d0 code [0x000001abcf4bf360, 0x000001abcf4bf850]
Event: 8.201 Thread 0x000001abf20a0800 nmethod 1036 0x000001abcf4beb10 code [0x000001abcf4bec60, 0x000001abcf4bee98]

GC Heap History (0 events):
No events

Deoptimization events (10 events):
Event: 0.627 Thread 0x000001abfbf26800 Uncommon trap: reason=unstable_if action=reinterpret pc=0x000001abcf456af0 method=java.lang.CharacterData.of(I)Ljava/lang/CharacterData; @ 4
Event: 0.633 Thread 0x000001abfbf26800 Uncommon trap: reason=class_check action=maybe_recompile pc=0x000001abcf45e4a8 method=java.io.DataInputStream.readChar()C @ 4
Event: 0.633 Thread 0x000001abfbf26800 Uncommon trap: reason=class_check action=maybe_recompile pc=0x000001abcf45e4a8 method=java.io.DataInputStream.readChar()C @ 4
Event: 0.633 Thread 0x000001abfbf26800 Uncommon trap: reason=class_check action=maybe_recompile pc=0x000001abcf45e4a8 method=java.io.DataInputStream.readChar()C @ 4
Event: 0.633 Thread 0x000001abfbf26800 Uncommon trap: reason=class_check action=maybe_recompile pc=0x000001abcf45e4a8 method=java.io.DataInputStream.readChar()C @ 4
Event: 0.647 Thread 0x000001abfbf26800 Uncommon trap: reason=class_check action=maybe_recompile pc=0x000001abcf476284 method=java.io.DataInputStream.readInt()I @ 4
Event: 0.647 Thread 0x000001abfbf26800 Uncommon trap: reason=class_check action=maybe_recompile pc=0x000001abcf476284 method=java.io.DataInputStream.readInt()I @ 4
Event: 0.647 Thread 0x000001abfbf26800 Uncommon trap: reason=class_check action=maybe_recompile pc=0x000001abcf476284 method=java.io.DataInputStream.readInt()I @ 4
Event: 0.647 Thread 0x000001abfbf26800 Uncommon trap: reason=class_check action=maybe_recompile pc=0x000001abcf476284 method=java.io.DataInputStream.readInt()I @ 4
Event: 0.689 Thread 0x000001abfc0bb000 Uncommon trap: reason=loop_limit_check action=maybe_recompile pc=0x000001abcf499af4 method=java.util.regex.Pattern$Start.match(Ljava/util/regex/Matcher;ILjava/lang/CharSequence;)Z @ 37

Classes redefined (0 events):
No events

Internal exceptions (10 events):
Event: 0.107 Thread 0x000001abcd6d2800 Exception <a 'sun/nio/fs/WindowsException'> (0x00000007165f2cc8) thrown at [C:\workspace\openjdk-build\workspace\build\src\hotspot\src\share\vm\prims\jni.cpp, line 712]
Event: 0.117 Thread 0x000001abcd6d2800 Exception <a 'java/security/PrivilegedActionException'> (0x0000000716617980) thrown at [C:\workspace\openjdk-build\workspace\build\src\hotspot\src\share\vm\prims\jvm.cpp, line 1514]
Event: 0.117 Thread 0x000001abcd6d2800 Exception <a 'java/security/PrivilegedActionException'> (0x0000000716617b90) thrown at [C:\workspace\openjdk-build\workspace\build\src\hotspot\src\share\vm\prims\jvm.cpp, line 1514]
Event: 0.118 Thread 0x000001abcd6d2800 Exception <a 'java/security/PrivilegedActionException'> (0x000000071661cb40) thrown at [C:\workspace\openjdk-build\workspace\build\src\hotspot\src\share\vm\prims\jvm.cpp, line 1514]
Event: 0.118 Thread 0x000001abcd6d2800 Exception <a 'java/security/PrivilegedActionException'> (0x000000071661cd50) thrown at [C:\workspace\openjdk-build\workspace\build\src\hotspot\src\share\vm\prims\jvm.cpp, line 1514]
Event: 0.120 Thread 0x000001abcd6d2800 Exception <a 'java/io/FileNotFoundException'> (0x000000071661f360) thrown at [C:\workspace\openjdk-build\workspace\build\src\hotspot\src\share\vm\prims\jni.cpp, line 712]
Event: 0.128 Thread 0x000001abcd6d2800 Exception <a 'java/lang/ClassNotFoundException': sun/dc/DuctusRenderingEngine> (0x0000000716638a30) thrown at [C:\workspace\openjdk-build\workspace\build\src\hotspot\src\share\vm\classfile\systemDictionary.cpp, line 217]
Event: 0.154 Thread 0x000001abcd6d2800 Exception <a 'java/io/FileNotFoundException'> (0x000000071667cc60) thrown at [C:\workspace\openjdk-build\workspace\build\src\hotspot\src\share\vm\prims\jni.cpp, line 712]
Event: 0.690 Thread 0x000001abfc0a5800 Exception <a 'java/net/SocketTimeoutException': Read timed out> (0x0000000718695790) thrown at [C:\workspace\openjdk-build\workspace\build\src\hotspot\src\share\vm\prims\jni.cpp, line 739]
Event: 0.706 Thread 0x000001abfc0a5800 Exception <a 'java/net/SocketTimeoutException': Read timed out> (0x00000007186b40a0) thrown at [C:\workspace\openjdk-build\workspace\build\src\hotspot\src\share\vm\prims\jni.cpp, line 739]

Events (10 events):
Event: 12.077 loading class java/util/Base64$Encoder
Event: 12.077 loading class java/util/Base64$Encoder done
Event: 12.077 loading class sun/nio/cs/ISO_8859_1$Encoder
Event: 12.077 loading class sun/nio/cs/ISO_8859_1$Encoder done
Event: 12.077 Executing VM operation: Deoptimize
Event: 12.077 Executing VM operation: Deoptimize done
Event: 12.077 loading class sun/nio/cs/Surrogate$Parser
Event: 12.077 loading class sun/nio/cs/Surrogate$Parser done
Event: 12.077 loading class sun/nio/cs/Surrogate
Event: 12.077 loading class sun/nio/cs/Surrogate done


Dynamic libraries:
0x00007ff7c0000000 - 0x00007ff7c004d000 	C:\Program Files\Eclipse Adoptium\jdk-8.0.482.8-hotspot\bin\java.exe
0x00007ffd1f150000 - 0x00007ffd1f348000 	C:\Windows\SYSTEM32\ntdll.dll
0x00007ffd1eca0000 - 0x00007ffd1ed62000 	C:\Windows\System32\KERNEL32.DLL
0x00007ffd1ccd0000 - 0x00007ffd1cfc6000 	C:\Windows\System32\KERNELBASE.dll
0x00007ffd194a0000 - 0x00007ffd19534000 	C:\Windows\SYSTEM32\apphelp.dll
0x00007ffd1e6d0000 - 0x00007ffd1e781000 	C:\Windows\System32\ADVAPI32.dll
0x00007ffd1ef50000 - 0x00007ffd1efee000 	C:\Windows\System32\msvcrt.dll
0x00007ffd1dca0000 - 0x00007ffd1dd3f000 	C:\Windows\System32\sechost.dll
0x00007ffd1dd50000 - 0x00007ffd1de70000 	C:\Windows\System32\RPCRT4.dll
0x00007ffd1c8e0000 - 0x00007ffd1c907000 	C:\Windows\System32\bcrypt.dll
0x00007ffd1e840000 - 0x00007ffd1e9e1000 	C:\Windows\System32\USER32.dll
0x00007ffd1cca0000 - 0x00007ffd1ccc2000 	C:\Windows\System32\win32u.dll
0x00007ffd1ef20000 - 0x00007ffd1ef4b000 	C:\Windows\System32\GDI32.dll
0x00007ffd1c910000 - 0x00007ffd1ca29000 	C:\Windows\System32\gdi32full.dll
0x00007ffd1d020000 - 0x00007ffd1d0bd000 	C:\Windows\System32\msvcp_win.dll
0x00007ffd1c7e0000 - 0x00007ffd1c8e0000 	C:\Windows\System32\ucrtbase.dll
0x00007ffd03990000 - 0x00007ffd03c2b000 	C:\Windows\WinSxS\amd64_microsoft.windows.common-controls_6595b64144ccf1df_6.0.19041.6456_none_60b8a6cb71f64256\COMCTL32.dll
0x00007ffd1eb20000 - 0x00007ffd1eb4f000 	C:\Windows\System32\IMM32.DLL
0x00007ffcf20a0000 - 0x00007ffcf20be000 	C:\Program Files\Eclipse Adoptium\jdk-8.0.482.8-hotspot\jre\bin\vcruntime140.dll
0x00007ffd10d30000 - 0x00007ffd10d3c000 	C:\Program Files\Eclipse Adoptium\jdk-8.0.482.8-hotspot\jre\bin\vcruntime140_1.dll
0x00007ffcbba10000 - 0x00007ffcbba9d000 	C:\Program Files\Eclipse Adoptium\jdk-8.0.482.8-hotspot\jre\bin\msvcp140.dll
0x000000006dac0000 - 0x000000006e359000 	C:\Program Files\Eclipse Adoptium\jdk-8.0.482.8-hotspot\jre\bin\server\jvm.dll
0x00007ffd1dd40000 - 0x00007ffd1dd48000 	C:\Windows\System32\PSAPI.DLL
0x00007ffcfe620000 - 0x00007ffcfe629000 	C:\Windows\SYSTEM32\WSOCK32.dll
0x00007ffd12ab0000 - 0x00007ffd12ad7000 	C:\Windows\SYSTEM32\WINMM.dll
0x00007ffd1e660000 - 0x00007ffd1e6cb000 	C:\Windows\System32\WS2_32.dll
0x00007ffd18410000 - 0x00007ffd1841a000 	C:\Windows\SYSTEM32\VERSION.dll
0x00007ffd1a670000 - 0x00007ffd1a682000 	C:\Windows\SYSTEM32\kernel.appcore.dll
0x00007ffd0b640000 - 0x00007ffd0b650000 	C:\Program Files\Eclipse Adoptium\jdk-8.0.482.8-hotspot\jre\bin\verify.dll
0x00007ffcbb9e0000 - 0x00007ffcbba0b000 	C:\Program Files\Eclipse Adoptium\jdk-8.0.482.8-hotspot\jre\bin\java.dll
0x00007ffcf0ac0000 - 0x00007ffcf0ad8000 	C:\Program Files\Eclipse Adoptium\jdk-8.0.482.8-hotspot\jre\bin\zip.dll
0x00007ffd1def0000 - 0x00007ffd1e660000 	C:\Windows\System32\SHELL32.dll
0x00007ffd1a870000 - 0x00007ffd1b015000 	C:\Windows\SYSTEM32\windows.storage.dll
0x00007ffd1d1d0000 - 0x00007ffd1d524000 	C:\Windows\System32\combase.dll
0x00007ffd1c210000 - 0x00007ffd1c23b000 	C:\Windows\SYSTEM32\Wldp.dll
0x00007ffd1eb50000 - 0x00007ffd1ec1d000 	C:\Windows\System32\OLEAUT32.dll
0x00007ffd1d9a0000 - 0x00007ffd1da4d000 	C:\Windows\System32\SHCORE.dll
0x00007ffd1db30000 - 0x00007ffd1db8b000 	C:\Windows\System32\shlwapi.dll
0x00007ffd1c710000 - 0x00007ffd1c734000 	C:\Windows\SYSTEM32\profapi.dll
0x00007ffcede20000 - 0x00007ffcede3c000 	C:\Program Files\Eclipse Adoptium\jdk-8.0.482.8-hotspot\jre\bin\net.dll
0x00007ffd1bf70000 - 0x00007ffd1bfda000 	C:\Windows\system32\mswsock.dll
0x00007ffced6e0000 - 0x00007ffced6f3000 	C:\Program Files\Eclipse Adoptium\jdk-8.0.482.8-hotspot\jre\bin\nio.dll
0x00007ffcbc110000 - 0x00007ffcbc28d000 	C:\Program Files\Eclipse Adoptium\jdk-8.0.482.8-hotspot\jre\bin\awt.dll
0x00007ffd1a180000 - 0x00007ffd1a21e000 	C:\Windows\system32\uxtheme.dll
0x00007ffd1eff0000 - 0x00007ffd1f105000 	C:\Windows\System32\MSCTF.dll
0x00007ffd1e9f0000 - 0x00007ffd1eb1b000 	C:\Windows\System32\ole32.dll
0x00007ffd1cab0000 - 0x00007ffd1cb32000 	C:\Windows\System32\bcryptPrimitives.dll
0x00007ffd1a490000 - 0x00007ffd1a4be000 	C:\Windows\system32\DWMAPI.DLL
0x00007ffd036a0000 - 0x00007ffd037c8000 	C:\Windows\system32\opengl32.dll
0x00007ffd03390000 - 0x00007ffd033bc000 	C:\Windows\SYSTEM32\GLU32.dll
0x00007ffcf0070000 - 0x00007ffcf0241000 	C:\Windows\system32\d3d9.dll
0x00007ffd14230000 - 0x00007ffd14332000 	C:\Windows\System32\DriverStore\FileRepository\nv_dispi.inf_amd64_60daf66a00f2e0b6\nvldumdx.dll
0x00007ffd1c3a0000 - 0x00007ffd1c3b2000 	C:\Windows\SYSTEM32\msasn1.dll
0x00007ffd141f0000 - 0x00007ffd14221000 	C:\Windows\SYSTEM32\cryptnet.dll
0x00007ffd1cb40000 - 0x00007ffd1cc9d000 	C:\Windows\System32\CRYPT32.dll
0x00007ffd1c160000 - 0x00007ffd1c16c000 	C:\Windows\SYSTEM32\cryptbase.dll
0x00007ffd1ca30000 - 0x00007ffd1caa3000 	C:\Windows\System32\WINTRUST.DLL
0x00007ffd1ec80000 - 0x00007ffd1ec9d000 	C:\Windows\System32\imagehlp.dll
0x00007ffd1c170000 - 0x00007ffd1c188000 	C:\Windows\SYSTEM32\CRYPTSP.dll
0x00007ffd1b820000 - 0x00007ffd1b858000 	C:\Windows\system32\rsaenh.dll
0x00007ffcb4670000 - 0x00007ffcb608b000 	C:\Windows\System32\DriverStore\FileRepository\nv_dispi.inf_amd64_60daf66a00f2e0b6\nvd3dumx.dll
0x00007ffcb4480000 - 0x00007ffcb462d000 	C:\Windows\System32\DriverStore\FileRepository\iigd_dch.inf_amd64_99115f8a30a091a2\igdumdim64.dll
0x00007ffcaff70000 - 0x00007ffcb3014000 	C:\Windows\System32\DriverStore\FileRepository\iigd_dch.inf_amd64_99115f8a30a091a2\igd9dxva64.dll
0x00007ffd1d530000 - 0x00007ffd1d9a0000 	C:\Windows\System32\SETUPAPI.dll
0x00007ffd1cfd0000 - 0x00007ffd1d01e000 	C:\Windows\System32\cfgmgr32.dll
0x00007ffd0abb0000 - 0x00007ffd0afb9000 	C:\Windows\System32\DriverStore\FileRepository\iigd_dch.inf_amd64_99115f8a30a091a2\igdgmm64.dll
0x00007ffd1b030000 - 0x00007ffd1b053000 	C:\Windows\SYSTEM32\gpapi.dll
0x00007ffd16e00000 - 0x00007ffd16e3b000 	C:\Windows\SYSTEM32\dxcore.dll
0x00007ffce9d90000 - 0x00007ffce9e16000 	C:\Program Files\Eclipse Adoptium\jdk-8.0.482.8-hotspot\jre\bin\freetype.dll
0x00007ffcf1f70000 - 0x00007ffcf1fc0000 	C:\Program Files\Eclipse Adoptium\jdk-8.0.482.8-hotspot\jre\bin\fontmanager.dll
0x00007ffd159e0000 - 0x00007ffd15a8e000 	C:\Windows\SYSTEM32\mscms.dll
0x00007ffd1c690000 - 0x00007ffd1c6be000 	C:\Windows\SYSTEM32\USERENV.dll
0x00007ffd15c00000 - 0x00007ffd15c11000 	C:\Windows\SYSTEM32\ColorAdapterClient.dll
0x00007ffcafb20000 - 0x00007ffcafb65000 	C:\Windows\SYSTEM32\icm32.dll
0x00007ffcfd490000 - 0x00007ffcfd4a7000 	C:\Windows\system32\napinsp.dll
0x00007ffcfd460000 - 0x00007ffcfd47b000 	C:\Windows\system32\pnrpnsp.dll
0x00007ffcfd430000 - 0x00007ffcfd44d000 	C:\Windows\system32\wshbth.dll
0x00007ffd18450000 - 0x00007ffd1846d000 	C:\Windows\system32\NLAapi.dll
0x00007ffd1bc00000 - 0x00007ffd1bc3b000 	C:\Windows\SYSTEM32\IPHLPAPI.DLL
0x00007ffd1bc40000 - 0x00007ffd1bd0a000 	C:\Windows\SYSTEM32\DNSAPI.dll
0x00007ffd1e7a0000 - 0x00007ffd1e7a8000 	C:\Windows\System32\NSI.dll
0x00007ffcfd120000 - 0x00007ffcfd132000 	C:\Windows\System32\winrnr.dll
0x00007ffd157d0000 - 0x00007ffd157da000 	C:\Windows\System32\rasadhlp.dll
0x00007ffd155b0000 - 0x00007ffd15630000 	C:\Windows\System32\fwpuclnt.dll
0x00007ffd0b610000 - 0x00007ffd0b635000 	C:\Program Files\Eclipse Adoptium\jdk-8.0.482.8-hotspot\jre\bin\sunec.dll
0x00007ffd02ac0000 - 0x00007ffd02ace000 	C:\Program Files\Eclipse Adoptium\jdk-8.0.482.8-hotspot\jre\bin\sunmscapi.dll
0x00007ffd1c280000 - 0x00007ffd1c2a7000 	C:\Windows\SYSTEM32\ncrypt.dll
0x00007ffd1c240000 - 0x00007ffd1c27b000 	C:\Windows\SYSTEM32\NTASN1.dll
0x00007ffd16d40000 - 0x00007ffd16d57000 	C:\Windows\SYSTEM32\dhcpcsvc6.DLL
0x00007ffd16d20000 - 0x00007ffd16d3d000 	C:\Windows\SYSTEM32\dhcpcsvc.DLL
0x00007ffce9d40000 - 0x00007ffce9d8a000 	C:\Windows\System32\libzkfp.dll
0x00007ffc90060000 - 0x00007ffc90152000 	C:\Windows\SYSTEM32\fpslib.dll
0x00007ffd0b650000 - 0x00007ffd0b66e000 	C:\Windows\SYSTEM32\ZKFPCap.dll
0x00007ffd02f10000 - 0x00007ffd02f2d000 	C:\Windows\SYSTEM32\ZKFPSensors\libidfprcap.dll
0x00007ffce6770000 - 0x00007ffce679d000 	C:\Windows\SYSTEM32\ZKFPSensors\libsilkidcap.dll
0x00007ffd02c00000 - 0x00007ffd02c1c000 	C:\Windows\SYSTEM32\libzksensorcore.dll
0x000000006da80000 - 0x000000006da95000 	C:\Windows\SYSTEM32\libusb0.dll
0x00007ffcbcce0000 - 0x00007ffcbcd28000 	C:\Windows\SYSTEM32\ZKFPSensors\libzklibcap.dll
0x0000000180000000 - 0x0000000180022000 	C:\Windows\SYSTEM32\zkfpslibLow.dll
0x000001abfd0d0000 - 0x000001abfd7e0000 	C:\Windows\SYSTEM32\fppswsk.dll
0x00007ffcf2210000 - 0x00007ffcf22b4000 	C:\Windows\SYSTEM32\WINSPOOL.DRV
0x00007ffd1c570000 - 0x00007ffd1c5a3000 	C:\Windows\SYSTEM32\DEVOBJ.dll
0x00007ffd043d0000 - 0x00007ffd045d1000 	C:\Windows\SYSTEM32\dbghelp.dll

VM Arguments:
jvm_args: -Dfile.encoding=UTF-8 -Duser.country=US -Duser.language=en -Duser.variant 
java_command: com.f6.Main
java_class_path (initial): C:\Users\Administrador\Desktop\proyectos\gestlab-client\build\classes\java\main;C:\Users\Administrador\Desktop\proyectos\gestlab-client\build\resources\main;C:\Users\Administrador\.gradle\caches\modules-2\files-2.1\io.socket\socket.io-client\2.0.1\d132c5928e7e93c43b8be0e0513c3e12309523e2\socket.io-client-2.0.1.jar;C:\Users\Administrador\.gradle\caches\modules-2\files-2.1\io.socket\engine.io-client\2.0.0\9d4a84db8ab071574e62cfce67e35bf5194f4c76\engine.io-client-2.0.0.jar;C:\Users\Administrador\.gradle\caches\modules-2\files-2.1\org.json\json\20210307\528c8df3757e8bcf151817b1d7b9b434f6aa08d5\json-20210307.jar;C:\Users\Administrador\Desktop\proyectos\gestlab-client\lib\zkfinger-2.0.jar;C:\Users\Administrador\.gradle\caches\modules-2\files-2.1\com.squareup.okhttp3\okhttp\3.12.12\d3e1ce1d2b3119adf270b2d00d947beb03fe3321\okhttp-3.12.12.jar;C:\Users\Administrador\.gradle\caches\modules-2\files-2.1\com.squareup.okio\okio\1.15.0\bc28b5a964c8f5721eb58ee3f3c47a9bcbf4f4d8\okio-1.15.0.jar
Launcher Type: SUN_STANDARD

Environment Variables:
JAVA_HOME=C:\Program Files\Eclipse Adoptium\jdk-25.0.3.9-hotspot\
USERNAME=Administrador
OS=Windows_NT
PROCESSOR_IDENTIFIER=Intel64 Family 6 Model 158 Stepping 10, GenuineIntel



---------------  S Y S T E M  ---------------

OS: Windows 10 , 64 bit Build 19041 (10.0.19041.5915)

CPU:total 6 (initial active 6) (6 cores per cpu, 1 threads per core) family 6 model 158 stepping 10, cmov, cx8, fxsr, mmx, sse, sse2, sse3, ssse3, sse4.1, sse4.2, popcnt, avx, avx2, aes, clmul, erms, rtm, 3dnowpref, lzcnt, tsc, tscinvbit, bmi1, bmi2, adx

Memory: 4k page, physical 33373432k(16252448k free), swap 38354168k(14994676k free)

vm_info: OpenJDK 64-Bit Server VM (25.482-b08) for windows-amd64 JRE (1.8.0_482-b08), built on Jan 21 2026 06:10:28 by "ContainerUser" with unknown MS VC++:1937

time: Thu Jun  4 10:47:23 2026
timezone: Venezuela Standard Time
elapsed time: 12.091291 seconds (0d 0h 0m 12s)

