#
# A fatal error has been detected by the Java Runtime Environment:
#
#  EXCEPTION_ACCESS_VIOLATION (0xc0000005) at pc=0x00007ffc5c966fa4, pid=804, tid=9832
#
# JRE version: OpenJDK Runtime Environment Temurin-21.0.11+10 (21.0.11+10) (build 21.0.11+10-LTS)
# Java VM: OpenJDK 64-Bit Server VM Temurin-21.0.11+10 (21.0.11+10-LTS, mixed mode, sharing, tiered, compressed oops, compressed class ptrs, g1 gc, windows-amd64)
# Problematic frame:
# V  [jvm.dll+0x446fa4]
#
# No core dump will be written. Minidumps are not enabled by default on client versions of Windows
#
# If you would like to submit a bug report, please visit:
#   https://github.com/adoptium/adoptium-support/issues
#

---------------  S U M M A R Y ------------

Command Line: -Djava.library.path=E:\proyectos\gestlab-client\lib -Dfile.encoding=UTF-8 -Duser.country=ES -Duser.language=es -Duser.variant com.f6.Main

Host: Intel(R) Core(TM) i5-8500 CPU @ 3.00GHz, 4 cores, 7G,  Windows 10 , 64 bit Build 19041 (10.0.19041.5915)
Time: Thu Jul 16 14:48:07 2026 Hora estándar de Venezuela elapsed time: 20.836054 seconds (0d 0h 0m 20s)

---------------  T H R E A D  ---------------

Current thread (0x000001cbeb8dc3b0):  JavaThread "EventThread"        [_thread_in_vm, id=9832, stack(0x000000ca87a00000,0x000000ca87b00000) (1024K)]

Stack: [0x000000ca87a00000,0x000000ca87b00000],  sp=0x000000ca87afe950,  free space=1018k
Native frames: (J=compiled Java code, j=interpreted, Vv=VM code, C=native code)
V  [jvm.dll+0x446fa4]
C  [libzkfp.dll+0x2f49]

Java frames: (J=compiled Java code, j=interpreted, Vv=VM code)
j  com.zkteco.biometric.ZKFPService.AcquireTemplate(J[B[B[I)I+0
j  com.zkteco.biometric.FingerprintSensorEx.AcquireFingerprint(J[B[B[I)I+5
j  com.f6.functions.Lector.verifyFinger(Lorg/json/JSONArray;)Ljava/lang/String;+68
j  com.f6.Main$7.call([Ljava/lang/Object;)V+60
j  io.socket.emitter.Emitter.emit(Ljava/lang/String;[Ljava/lang/Object;)Lio/socket/emitter/Emitter;+49
j  io.socket.client.Socket.onevent(Lio/socket/parser/Packet;)V+118
j  io.socket.client.Socket.onpacket(Lio/socket/parser/Packet;)V+136
j  io.socket.client.Socket.access$100(Lio/socket/client/Socket;Lio/socket/parser/Packet;)V+2
j  io.socket.client.Socket$2$2.call([Ljava/lang/Object;)V+13
j  io.socket.emitter.Emitter.emit(Ljava/lang/String;[Ljava/lang/Object;)Lio/socket/emitter/Emitter;+49
j  io.socket.client.Manager.ondecoded(Lio/socket/parser/Packet;)V+11
j  io.socket.client.Manager.access$1200(Lio/socket/client/Manager;Lio/socket/parser/Packet;)V+2
j  io.socket.client.Manager$5.call(Lio/socket/parser/Packet;)V+5
j  io.socket.parser.IOParser$Decoder.add(Ljava/lang/String;)V+79
j  io.socket.client.Manager$2.call([Ljava/lang/Object;)V+22
j  io.socket.emitter.Emitter.emit(Ljava/lang/String;[Ljava/lang/Object;)Lio/socket/emitter/Emitter;+49
j  io.socket.engineio.client.Socket.onPacket(Lio/socket/engineio/parser/Packet;)V+257
j  io.socket.engineio.client.Socket.access$1000(Lio/socket/engineio/client/Socket;Lio/socket/engineio/parser/Packet;)V+2
j  io.socket.engineio.client.Socket$5.call([Ljava/lang/Object;)V+19
j  io.socket.emitter.Emitter.emit(Ljava/lang/String;[Ljava/lang/Object;)Lio/socket/emitter/Emitter;+49
j  io.socket.engineio.client.Transport.onPacket(Lio/socket/engineio/parser/Packet;)V+11
j  io.socket.engineio.client.Transport.onData(Ljava/lang/String;)V+5
j  io.socket.engineio.client.transports.WebSocket.access$100(Lio/socket/engineio/client/transports/WebSocket;Ljava/lang/String;)V+2
j  io.socket.engineio.client.transports.WebSocket$1$2.run()V+11
j  io.socket.thread.EventThread$2.run()V+4
j  java.util.concurrent.ThreadPoolExecutor.runWorker(Ljava/util/concurrent/ThreadPoolExecutor$Worker;)V+92 java.base@21.0.11
j  java.util.concurrent.ThreadPoolExecutor$Worker.run()V+5 java.base@21.0.11
j  java.lang.Thread.runWith(Ljava/lang/Object;Ljava/lang/Runnable;)V+5 java.base@21.0.11
j  java.lang.Thread.run()V+19 java.base@21.0.11
v  ~StubRoutines::call_stub 0x000001cb9871100d

siginfo: EXCEPTION_ACCESS_VIOLATION (0xc0000005), reading address 0x0000000000000000


Registers:
RAX=0x0000000000000000, RBX=0x000001cbeb8dc3b0, RCX=0x000001cbeb8dc770, RDX=0x0000000000000000
RSP=0x000000ca87afe950, RBP=0x000000ca87afeab0, RSI=0x0000000000000000, RDI=0x0000000000000000
R8 =0x0000000000000000, R9 =0x00007ffc5d15c840, R10=0x000000008a3919a0, R11=0x000000ca87afe940
R12=0x0000000000000000, R13=0x000001cbe69b4890, R14=0x0000000000000000, R15=0x0000000000000000
RIP=0x00007ffc5c966fa4, EFLAGS=0x0000000000010293

XMM[0]=0x00f07e8349c93345 0xf0468d49f8468b4d
XMM[1]=0xd23345e0468d4928 0x2454894cd0450f4c
XMM[2]=0x0000000000000000 0x0000000000000000
XMM[3]=0x0000000000000000 0x0000000000000000
XMM[4]=0x0000000000000000 0x0000000000000000
XMM[5]=0xd0450f4c00e07e83 0x49d23345e0468d49
XMM[6]=0x0000000000000000 0x0000000000000000
XMM[7]=0x0000000000000000 0x0000000000000000
XMM[8]=0x0000000000000000 0x0000000000000000
XMM[9]=0x0000000000000000 0x0000000000000000
XMM[10]=0x0000000000000000 0x0000000000000000
XMM[11]=0x0000000000000000 0x0000000000000000
XMM[12]=0x0000000000000000 0x0000000000000000
XMM[13]=0x0000000000000000 0x0000000000000000
XMM[14]=0x0000000000000000 0x0000000000000000
XMM[15]=0x0000000000000000 0x0000000000000000
  MXCSR=0x00001fa0


Register to memory mapping:

RAX=0x0 is null
RBX=0x000001cbeb8dc3b0 is a thread
RCX=0x000001cbeb8dc770 points into unknown readable memory: 0x00007ffc5d15c840 | 40 c8 15 5d fc 7f 00 00
RDX=0x0 is null
RSP=0x000000ca87afe950 is pointing into the stack for thread: 0x000001cbeb8dc3b0
RBP=0x000000ca87afeab0 is pointing into the stack for thread: 0x000001cbeb8dc3b0
RSI=0x0 is null
RDI=0x0 is null
R8 =0x0 is null
R9 =0x00007ffc5d15c840 jvm.dll
R10=
[error occurred during error reporting (printing register info), id 0xc0000005, EXCEPTION_ACCESS_VIOLATION (0xc0000005) at pc=0x00007ffc5c52cad1]
R11=0x000000ca87afe940 is pointing into the stack for thread: 0x000001cbeb8dc3b0
R12=0x0 is null
R13={method} {0x000001cbe69b4898} 'AcquireTemplate' '(J[B[B[I)I' in 'com/zkteco/biometric/ZKFPService'
R14=0x0 is null
R15=0x0 is null

Top of Stack: (sp=0x000000ca87afe950)
0x000000ca87afe950:   000001cbeb8dc3b0 0000000000000000   ................
0x000000ca87afe960:   000001cbeb8e9c90 0000003800000003   ............8...
0x000000ca87afe970:   000001cbeb8e5160 000000ca87afeab0   `Q..............
0x000000ca87afe980:   000001cbeb8dc770 00007ffcadf12f49   p.......I/......
0x000000ca87afe990:   0000000000000001 0000000000000000   ................
0x000000ca87afe9a0:   0000000000000000 00007ffc5c8fff45   ........E..\....
0x000000ca87afe9b0:   000000ca87afe9d0 000001cb9873704c   ........Lps.....
0x000000ca87afe9c0:   00000000001bbb75 000000ca87afe990   u...............
0x000000ca87afe9d0:   000001cbeb8e5160 000001cbeb8dc3b0   `Q..............
0x000000ca87afe9e0:   00000000000025f4 000001cb9871cadc   .%........q.....
0x000000ca87afe9f0:   000001cbeb8dc3b0 000000ca87afeaf0   ................
0x000000ca87afea00:   000001cbe69b4890 0000000000000000   .H..............
0x000000ca87afea10:   00000000000025f4 000001cb9871cc6b   .%......k.q.....
0x000000ca87afea20:   000001cbeb8dc770 000001cbe69b4890   p........H......
0x000000ca87afea30:   0000000000000001 0000000000000000   ................
0x000000ca87afea40:   000000ca87afead8 000000ca87afead0   ................
0x000000ca87afea50:   00000000000025f4 00007ffc5cba44ef   .%.......D.\....
0x000000ca87afea60:   000001cb9871c8ff 000000ca87afea68   ..q.....h.......
0x000000ca87afea70:   000001cbe69b4890 0000000000000008   .H..............
0x000000ca87afea80:   000001cbe69b5318 0000000000000000   .S..............
0x000000ca87afea90:   000000008a390ff0 000001cbe69b4890   ..9......H......
0x000000ca87afeaa0:   0000000000000000 000000ca87afead0   ................
0x000000ca87afeab0:   000000ca87afeb40 000001cb98718988   @.........q.....
0x000000ca87afeac0:   000000008a390ff0 000001cb9871a3d5   ..9.......q.....
0x000000ca87afead0:   000000008a391990 000000008a391f28   ..9.....(.9.....
0x000000ca87afeae0:   0000000000000000 0000000000000000   ................
0x000000ca87afeaf0:   0000000000000000 000000ca87afeaf8   ................
0x000000ca87afeb00:   000001cbe69b2df5 0000000000000006   .-..............
0x000000ca87afeb10:   000001cbe69b3ac8 0000000000000000   .:..............
0x000000ca87afeb20:   000000008a38f3b0 000001cbe69b2e30   ..8.....0.......
0x000000ca87afeb30:   000000ca87afead0 000000ca87afeb50   ........P.......
0x000000ca87afeb40:   000000ca87afebd0 000001cb98718988   ..........q.....

Instructions: (pc=0x00007ffc5c966fa4)
0x00007ffc5c966ea4:   08 48 8b 47 18 48 89 41 18 48 8b 4f 08 48 8b 47
0x00007ffc5c966eb4:   20 48 89 41 20 48 8d 8b a0 03 00 00 e8 9b 7e ed
0x00007ffc5c966ec4:   ff 90 48 8b c6 48 8b 74 24 58 c7 83 4c 04 00 00
0x00007ffc5c966ed4:   04 00 00 00 48 8b 5c 24 50 48 83 c4 40 5f c3 cc
0x00007ffc5c966ee4:   cc cc cc cc cc cc cc cc cc cc cc cc 40 53 55 57
0x00007ffc5c966ef4:   48 83 ec 20 8b 81 b0 00 00 00 48 8d 99 40 fc ff
0x00007ffc5c966f04:   ff 48 89 74 24 40 05 53 21 ff ff 4c 89 7c 24 50
0x00007ffc5c966f14:   49 8b f0 48 8b fa 83 f8 01 77 08 48 8b cb e8 b9
0x00007ffc5c966f24:   e2 fa ff 80 3d 30 fd 85 00 00 c7 83 4c 04 00 00
0x00007ffc5c966f34:   06 00 00 00 75 06 e8 d1 10 28 00 90 48 8b 83 50
0x00007ffc5c966f44:   04 00 00 a8 01 74 0d 45 33 c0 b2 01 48 8b cb e8
0x00007ffc5c966f54:   58 24 2f 00 8b 83 48 04 00 00 a8 0c 74 08 48 8b
0x00007ffc5c966f64:   cb e8 66 f6 fa ff 48 8b c7 c7 83 4c 04 00 00 06
0x00007ffc5c966f74:   00 00 00 83 e0 03 48 83 f8 01 75 0f 48 8d 4f ff
0x00007ffc5c966f84:   ff 15 d6 2a 7f 00 48 8b f8 eb 18 48 83 f8 02 75
0x00007ffc5c966f94:   0f 48 8d 4f fe ff 15 81 a0 7e 00 48 8b f8 eb 03
0x00007ffc5c966fa4:   48 8b 3f 80 3d b1 45 7f 00 00 b9 0c 00 00 00 41
0x00007ffc5c966fb4:   bf 10 00 00 00 41 8b c7 0f 45 c1 48 63 0c 38 85
0x00007ffc5c966fc4:   c9 75 11 48 85 f6 74 02 88 0e e8 8d 10 01 00 48
0x00007ffc5c966fd4:   8b e8 eb 51 4c 89 74 24 48 41 b8 01 00 00 00 b2
0x00007ffc5c966fe4:   09 4c 8b f1 e8 53 a3 c7 ff 48 8b e8 48 85 c0 74
0x00007ffc5c966ff4:   2f 80 3d 63 45 7f 00 00 b9 18 00 00 00 4d 8b c6
0x00007ffc5c967004:   48 8b d5 49 0f 45 cf 33 c0 48 03 cf 48 85 ff 48
0x00007ffc5c967014:   0f 44 c8 e8 b4 5f bc ff 48 85 f6 74 03 c6 06 01
0x00007ffc5c967024:   4c 8b 74 24 48 48 8b bb 98 01 00 00 4c 8b 7c 24
0x00007ffc5c967034:   50 48 8b 74 24 40 48 8b 47 10 48 83 38 00 74 08
0x00007ffc5c967044:   48 8b cf e8 74 08 f6 ff 48 8b 4f 08 48 8b 47 10
0x00007ffc5c967054:   48 89 41 10 48 8b 4f 08 48 8b 47 18 48 89 41 18
0x00007ffc5c967064:   48 8b 4f 08 48 8b 47 20 48 89 41 20 48 8d 8b a0
0x00007ffc5c967074:   03 00 00 e8 e4 7c ed ff 90 48 8b c5 c7 83 4c 04
0x00007ffc5c967084:   00 00 04 00 00 00 48 83 c4 20 5f 5d 5b c3 cc cc
0x00007ffc5c967094:   cc cc cc cc cc cc cc cc cc cc cc cc 40 53 55 57


Stack slot to memory mapping:

stack at sp + 0 slots: 0x000001cbeb8dc3b0 is a thread
stack at sp + 1 slots: 0x0 is null
stack at sp + 2 slots: 0x000001cbeb8e9c90 points into unknown readable memory: 0x00007ffc5ce89420 | 20 94 e8 5c fc 7f 00 00
stack at sp + 3 slots: 0x0000003800000003 is an unknown value
stack at sp + 4 slots: 0x000001cbeb8e5160 points into unknown readable memory: 0x0000656400000800 | 00 08 00 00 64 65 00 00
stack at sp + 5 slots: 0x000000ca87afeab0 is pointing into the stack for thread: 0x000001cbeb8dc3b0
stack at sp + 6 slots: 0x000001cbeb8dc770 points into unknown readable memory: 0x00007ffc5d15c840 | 40 c8 15 5d fc 7f 00 00
stack at sp + 7 slots: 0x00007ffcadf12f49 libzkfp.dll


---------------  P R O C E S S  ---------------

Threads class SMR info:
_java_thread_list=0x000001cbeb9e1ce0, length=23, elements={
0x000001cba4db2940, 0x000001cba4db35a0, 0x000001cba4db4560, 0x000001cba4db7330,
0x000001cba4db7f40, 0x000001cba4db99b0, 0x000001cba4dbe760, 0x000001cba4dc9220,
0x000001cbea0f6170, 0x000001cbea0f4730, 0x000001cbea0f6800, 0x000001cbea0f5ae0,
0x000001cbea0f4dc0, 0x000001cbea0f40a0, 0x000001cbea0f7520, 0x000001cbeb8dca40,
0x000001cbeb8df1a0, 0x000001cbeb8dddf0, 0x000001cbeb8dbd20, 0x000001cbeb8dd760,
0x000001cbeb8d88a0, 0x000001cbeb8dd0d0, 0x000001cbeb8dc3b0
}

Java Threads: ( => current thread )
  0x000001cba4db2940 JavaThread "Reference Handler"          daemon [_thread_blocked, id=3512, stack(0x000000ca87000000,0x000000ca87100000) (1024K)]
  0x000001cba4db35a0 JavaThread "Finalizer"                  daemon [_thread_blocked, id=1192, stack(0x000000ca87100000,0x000000ca87200000) (1024K)]
  0x000001cba4db4560 JavaThread "Signal Dispatcher"          daemon [_thread_blocked, id=9536, stack(0x000000ca87200000,0x000000ca87300000) (1024K)]
  0x000001cba4db7330 JavaThread "Attach Listener"            daemon [_thread_blocked, id=1084, stack(0x000000ca87300000,0x000000ca87400000) (1024K)]
  0x000001cba4db7f40 JavaThread "Service Thread"             daemon [_thread_blocked, id=9868, stack(0x000000ca87400000,0x000000ca87500000) (1024K)]
  0x000001cba4db99b0 JavaThread "Monitor Deflation Thread"   daemon [_thread_blocked, id=10152, stack(0x000000ca87500000,0x000000ca87600000) (1024K)]
  0x000001cba4dbe760 JavaThread "C2 CompilerThread0"         daemon [_thread_blocked, id=5784, stack(0x000000ca87600000,0x000000ca87700000) (1024K)]
  0x000001cba4dc9220 JavaThread "C1 CompilerThread0"         daemon [_thread_blocked, id=2312, stack(0x000000ca87700000,0x000000ca87800000) (1024K)]
  0x000001cbea0f6170 JavaThread "Notification Thread"        daemon [_thread_blocked, id=9716, stack(0x000000ca87800000,0x000000ca87900000) (1024K)]
  0x000001cbea0f4730 JavaThread "Common-Cleaner"             daemon [_thread_blocked, id=7748, stack(0x000000ca87900000,0x000000ca87a00000) (1024K)]
  0x000001cbea0f6800 JavaThread "Java2D Disposer"            daemon [_thread_blocked, id=7568, stack(0x000000ca87b00000,0x000000ca87c00000) (1024K)]
  0x000001cbea0f5ae0 JavaThread "AWT-Shutdown"                      [_thread_blocked, id=4052, stack(0x000000ca87c00000,0x000000ca87d00000) (1024K)]
  0x000001cbea0f4dc0 JavaThread "AWT-Windows"                daemon [_thread_in_native, id=2112, stack(0x000000ca87d00000,0x000000ca87e00000) (1024K)]
  0x000001cbea0f40a0 JavaThread "AWT-EventQueue-0"                  [_thread_blocked, id=9012, stack(0x000000ca87e00000,0x000000ca87f00000) (1024K)]
  0x000001cbea0f7520 JavaThread "DestroyJavaVM"                     [_thread_blocked, id=5124, stack(0x000000ca86800000,0x000000ca86900000) (1024K)]
  0x000001cbeb8dca40 JavaThread "OkHttp Dispatcher"                 [_thread_blocked, id=9420, stack(0x000000ca88500000,0x000000ca88600000) (1024K)]
  0x000001cbeb8df1a0 JavaThread "OkHttp ConnectionPool"      daemon [_thread_blocked, id=8032, stack(0x000000ca88600000,0x000000ca88700000) (1024K)]
  0x000001cbeb8dddf0 JavaThread "Okio Watchdog"              daemon [_thread_blocked, id=6184, stack(0x000000ca88700000,0x000000ca88800000) (1024K)]
  0x000001cbeb8dbd20 JavaThread "OkHttp http://localhost:3000/..."        [_thread_in_native, id=1420, stack(0x000000ca88400000,0x000000ca88500000) (1024K)]
  0x000001cbeb8dd760 JavaThread "pool-1-thread-1"                   [_thread_blocked, id=6740, stack(0x000000ca88900000,0x000000ca88a00000) (1024K)]
  0x000001cbeb8d88a0 JavaThread "OkHttp Dispatcher"                 [_thread_blocked, id=9516, stack(0x000000ca88a00000,0x000000ca88b00000) (1024K)]
  0x000001cbeb8dd0d0 JavaThread "OkHttp WebSocket http://localhost:3000/..."        [_thread_blocked, id=7504, stack(0x000000ca88b00000,0x000000ca88c00000) (1024K)]
=>0x000001cbeb8dc3b0 JavaThread "EventThread"                       [_thread_in_vm, id=9832, stack(0x000000ca87a00000,0x000000ca87b00000) (1024K)]
Total: 23

Other Threads:
  0x000001cba4d95790 VMThread "VM Thread"                           [id=728, stack(0x000000ca86f00000,0x000000ca87000000) (1024K)]
  0x000001cba4d84720 WatcherThread "VM Periodic Task Thread"        [id=3116, stack(0x000000ca86e00000,0x000000ca86f00000) (1024K)]
  0x000001cb88b04000 WorkerThread "GC Thread#0"                     [id=9824, stack(0x000000ca86900000,0x000000ca86a00000) (1024K)]
  0x000001cbeb5eca60 WorkerThread "GC Thread#1"                     [id=4476, stack(0x000000ca88100000,0x000000ca88200000) (1024K)]
  0x000001cbeb5ece10 WorkerThread "GC Thread#2"                     [id=5304, stack(0x000000ca88200000,0x000000ca88300000) (1024K)]
  0x000001cbebd3dba0 WorkerThread "GC Thread#3"                     [id=8440, stack(0x000000ca88300000,0x000000ca88400000) (1024K)]
  0x000001cb88b153b0 ConcurrentGCThread "G1 Main Marker"            [id=5820, stack(0x000000ca86a00000,0x000000ca86b00000) (1024K)]
  0x000001cb88b15ec0 WorkerThread "G1 Conc#0"                       [id=9608, stack(0x000000ca86b00000,0x000000ca86c00000) (1024K)]
  0x000001cba4c530c0 ConcurrentGCThread "G1 Refine#0"               [id=3912, stack(0x000000ca86c00000,0x000000ca86d00000) (1024K)]
  0x000001cba4c53c40 ConcurrentGCThread "G1 Service"                [id=1616, stack(0x000000ca86d00000,0x000000ca86e00000) (1024K)]
Total: 10

Threads with active compile tasks:
Total: 0

VM state: not at safepoint (normal execution)

VM Mutex/Monitor currently owned by a thread: None

Heap address: 0x0000000083000000, size: 2000 MB, Compressed Oops mode: 32-bit

CDS archive(s) mapped at: [0x000001cba5000000-0x000001cba5c80000-0x000001cba5c80000), size 13107200, SharedBaseAddress: 0x000001cba5000000, ArchiveRelocationMode: 1.
Compressed class space mapped at: 0x000001cba6000000-0x000001cbe6000000, reserved size: 1073741824
Narrow klass base: 0x000001cba5000000, Narrow klass shift: 0, Narrow klass range: 0x100000000

GC Precious Log:
 CardTable entry size: 512
 Card Set container configuration: InlinePtr #cards 5 size 8 Array Of Cards #cards 12 size 40 Howl #buckets 4 coarsen threshold 1843 Howl Bitmap #cards 512 size 80 coarsen threshold 460 Card regions per heap region 1 cards per card region 2048
 CPUs: 4 total, 4 available
 Memory: 7999M
 Large Page Support: Disabled
 NUMA Support: Disabled
 Compressed Oops: Enabled (32-bit)
 Heap Region Size: 1M
 Heap Min Capacity: 8M
 Heap Initial Capacity: 126M
 Heap Max Capacity: 2000M
 Pre-touch: Disabled
 Parallel Workers: 4
 Concurrent Workers: 1
 Concurrent Refinement Workers: 4
 Periodic GC: Disabled

Heap:
 garbage-first heap   total 129024K, used 18240K [0x0000000083000000, 0x0000000100000000)
  region size 1024K, 13 young (13312K), 2 survivors (2048K)
 Metaspace       used 11028K, committed 11328K, reserved 1114112K
  class space    used 1138K, committed 1280K, reserved 1048576K

Heap Regions: E=young(eden), S=young(survivor), O=old, HS=humongous(starts), HC=humongous(continues), CS=collection set, F=free, TAMS=top-at-mark-start, PB=parsable bottom
|   0|0x0000000083000000, 0x0000000083100000, 0x0000000083100000|100%|HS|  |TAMS 0x0000000083000000| PB 0x0000000083000000| Complete 
|   1|0x0000000083100000, 0x0000000083200000, 0x0000000083200000|100%|HC|  |TAMS 0x0000000083100000| PB 0x0000000083100000| Complete 
|   2|0x0000000083200000, 0x0000000083300000, 0x0000000083300000|100%|HS|  |TAMS 0x0000000083200000| PB 0x0000000083200000| Complete 
|   3|0x0000000083300000, 0x0000000083400000, 0x0000000083400000|100%|HC|  |TAMS 0x0000000083300000| PB 0x0000000083300000| Complete 
|   4|0x0000000083400000, 0x0000000083500000, 0x0000000083500000|100%| O|  |TAMS 0x0000000083400000| PB 0x0000000083400000| Untracked 
|   5|0x0000000083500000, 0x0000000083600000, 0x0000000083600000|100%| O|  |TAMS 0x0000000083500000| PB 0x0000000083500000| Untracked 
|   6|0x0000000083600000, 0x00000000836d0000, 0x0000000083700000| 81%| O|  |TAMS 0x0000000083600000| PB 0x0000000083600000| Untracked 
|   7|0x0000000083700000, 0x0000000083700000, 0x0000000083800000|  0%| F|  |TAMS 0x0000000083700000| PB 0x0000000083700000| Untracked 
|   8|0x0000000083800000, 0x0000000083800000, 0x0000000083900000|  0%| F|  |TAMS 0x0000000083800000| PB 0x0000000083800000| Untracked 
|   9|0x0000000083900000, 0x0000000083900000, 0x0000000083a00000|  0%| F|  |TAMS 0x0000000083900000| PB 0x0000000083900000| Untracked 
|  10|0x0000000083a00000, 0x0000000083a00000, 0x0000000083b00000|  0%| F|  |TAMS 0x0000000083a00000| PB 0x0000000083a00000| Untracked 
|  11|0x0000000083b00000, 0x0000000083b00000, 0x0000000083c00000|  0%| F|  |TAMS 0x0000000083b00000| PB 0x0000000083b00000| Untracked 
|  12|0x0000000083c00000, 0x0000000083c00000, 0x0000000083d00000|  0%| F|  |TAMS 0x0000000083c00000| PB 0x0000000083c00000| Untracked 
|  13|0x0000000083d00000, 0x0000000083d00000, 0x0000000083e00000|  0%| F|  |TAMS 0x0000000083d00000| PB 0x0000000083d00000| Untracked 
|  14|0x0000000083e00000, 0x0000000083e00000, 0x0000000083f00000|  0%| F|  |TAMS 0x0000000083e00000| PB 0x0000000083e00000| Untracked 
|  15|0x0000000083f00000, 0x0000000083f00000, 0x0000000084000000|  0%| F|  |TAMS 0x0000000083f00000| PB 0x0000000083f00000| Untracked 
|  16|0x0000000084000000, 0x0000000084000000, 0x0000000084100000|  0%| F|  |TAMS 0x0000000084000000| PB 0x0000000084000000| Untracked 
|  17|0x0000000084100000, 0x0000000084100000, 0x0000000084200000|  0%| F|  |TAMS 0x0000000084100000| PB 0x0000000084100000| Untracked 
|  18|0x0000000084200000, 0x0000000084200000, 0x0000000084300000|  0%| F|  |TAMS 0x0000000084200000| PB 0x0000000084200000| Untracked 
|  19|0x0000000084300000, 0x0000000084300000, 0x0000000084400000|  0%| F|  |TAMS 0x0000000084300000| PB 0x0000000084300000| Untracked 
|  20|0x0000000084400000, 0x0000000084400000, 0x0000000084500000|  0%| F|  |TAMS 0x0000000084400000| PB 0x0000000084400000| Untracked 
|  21|0x0000000084500000, 0x0000000084500000, 0x0000000084600000|  0%| F|  |TAMS 0x0000000084500000| PB 0x0000000084500000| Untracked 
|  22|0x0000000084600000, 0x0000000084600000, 0x0000000084700000|  0%| F|  |TAMS 0x0000000084600000| PB 0x0000000084600000| Untracked 
|  23|0x0000000084700000, 0x0000000084700000, 0x0000000084800000|  0%| F|  |TAMS 0x0000000084700000| PB 0x0000000084700000| Untracked 
|  24|0x0000000084800000, 0x0000000084800000, 0x0000000084900000|  0%| F|  |TAMS 0x0000000084800000| PB 0x0000000084800000| Untracked 
|  25|0x0000000084900000, 0x0000000084900000, 0x0000000084a00000|  0%| F|  |TAMS 0x0000000084900000| PB 0x0000000084900000| Untracked 
|  26|0x0000000084a00000, 0x0000000084a00000, 0x0000000084b00000|  0%| F|  |TAMS 0x0000000084a00000| PB 0x0000000084a00000| Untracked 
|  27|0x0000000084b00000, 0x0000000084b00000, 0x0000000084c00000|  0%| F|  |TAMS 0x0000000084b00000| PB 0x0000000084b00000| Untracked 
|  28|0x0000000084c00000, 0x0000000084c00000, 0x0000000084d00000|  0%| F|  |TAMS 0x0000000084c00000| PB 0x0000000084c00000| Untracked 
|  29|0x0000000084d00000, 0x0000000084d00000, 0x0000000084e00000|  0%| F|  |TAMS 0x0000000084d00000| PB 0x0000000084d00000| Untracked 
|  30|0x0000000084e00000, 0x0000000084e00000, 0x0000000084f00000|  0%| F|  |TAMS 0x0000000084e00000| PB 0x0000000084e00000| Untracked 
|  31|0x0000000084f00000, 0x0000000084f00000, 0x0000000085000000|  0%| F|  |TAMS 0x0000000084f00000| PB 0x0000000084f00000| Untracked 
|  32|0x0000000085000000, 0x0000000085000000, 0x0000000085100000|  0%| F|  |TAMS 0x0000000085000000| PB 0x0000000085000000| Untracked 
|  33|0x0000000085100000, 0x0000000085100000, 0x0000000085200000|  0%| F|  |TAMS 0x0000000085100000| PB 0x0000000085100000| Untracked 
|  34|0x0000000085200000, 0x0000000085200000, 0x0000000085300000|  0%| F|  |TAMS 0x0000000085200000| PB 0x0000000085200000| Untracked 
|  35|0x0000000085300000, 0x0000000085300000, 0x0000000085400000|  0%| F|  |TAMS 0x0000000085300000| PB 0x0000000085300000| Untracked 
|  36|0x0000000085400000, 0x0000000085400000, 0x0000000085500000|  0%| F|  |TAMS 0x0000000085400000| PB 0x0000000085400000| Untracked 
|  37|0x0000000085500000, 0x0000000085500000, 0x0000000085600000|  0%| F|  |TAMS 0x0000000085500000| PB 0x0000000085500000| Untracked 
|  38|0x0000000085600000, 0x0000000085600000, 0x0000000085700000|  0%| F|  |TAMS 0x0000000085600000| PB 0x0000000085600000| Untracked 
|  39|0x0000000085700000, 0x0000000085700000, 0x0000000085800000|  0%| F|  |TAMS 0x0000000085700000| PB 0x0000000085700000| Untracked 
|  40|0x0000000085800000, 0x0000000085800000, 0x0000000085900000|  0%| F|  |TAMS 0x0000000085800000| PB 0x0000000085800000| Untracked 
|  41|0x0000000085900000, 0x0000000085900000, 0x0000000085a00000|  0%| F|  |TAMS 0x0000000085900000| PB 0x0000000085900000| Untracked 
|  42|0x0000000085a00000, 0x0000000085a00000, 0x0000000085b00000|  0%| F|  |TAMS 0x0000000085a00000| PB 0x0000000085a00000| Untracked 
|  43|0x0000000085b00000, 0x0000000085b00000, 0x0000000085c00000|  0%| F|  |TAMS 0x0000000085b00000| PB 0x0000000085b00000| Untracked 
|  44|0x0000000085c00000, 0x0000000085c00000, 0x0000000085d00000|  0%| F|  |TAMS 0x0000000085c00000| PB 0x0000000085c00000| Untracked 
|  45|0x0000000085d00000, 0x0000000085d00000, 0x0000000085e00000|  0%| F|  |TAMS 0x0000000085d00000| PB 0x0000000085d00000| Untracked 
|  46|0x0000000085e00000, 0x0000000085e00000, 0x0000000085f00000|  0%| F|  |TAMS 0x0000000085e00000| PB 0x0000000085e00000| Untracked 
|  47|0x0000000085f00000, 0x0000000085f00000, 0x0000000086000000|  0%| F|  |TAMS 0x0000000085f00000| PB 0x0000000085f00000| Untracked 
|  48|0x0000000086000000, 0x0000000086000000, 0x0000000086100000|  0%| F|  |TAMS 0x0000000086000000| PB 0x0000000086000000| Untracked 
|  49|0x0000000086100000, 0x0000000086100000, 0x0000000086200000|  0%| F|  |TAMS 0x0000000086100000| PB 0x0000000086100000| Untracked 
|  50|0x0000000086200000, 0x0000000086200000, 0x0000000086300000|  0%| F|  |TAMS 0x0000000086200000| PB 0x0000000086200000| Untracked 
|  51|0x0000000086300000, 0x0000000086300000, 0x0000000086400000|  0%| F|  |TAMS 0x0000000086300000| PB 0x0000000086300000| Untracked 
|  52|0x0000000086400000, 0x0000000086400000, 0x0000000086500000|  0%| F|  |TAMS 0x0000000086400000| PB 0x0000000086400000| Untracked 
|  53|0x0000000086500000, 0x0000000086500000, 0x0000000086600000|  0%| F|  |TAMS 0x0000000086500000| PB 0x0000000086500000| Untracked 
|  54|0x0000000086600000, 0x0000000086600000, 0x0000000086700000|  0%| F|  |TAMS 0x0000000086600000| PB 0x0000000086600000| Untracked 
|  55|0x0000000086700000, 0x0000000086700000, 0x0000000086800000|  0%| F|  |TAMS 0x0000000086700000| PB 0x0000000086700000| Untracked 
|  56|0x0000000086800000, 0x0000000086800000, 0x0000000086900000|  0%| F|  |TAMS 0x0000000086800000| PB 0x0000000086800000| Untracked 
|  57|0x0000000086900000, 0x0000000086900000, 0x0000000086a00000|  0%| F|  |TAMS 0x0000000086900000| PB 0x0000000086900000| Untracked 
|  58|0x0000000086a00000, 0x0000000086a00000, 0x0000000086b00000|  0%| F|  |TAMS 0x0000000086a00000| PB 0x0000000086a00000| Untracked 
|  59|0x0000000086b00000, 0x0000000086b00000, 0x0000000086c00000|  0%| F|  |TAMS 0x0000000086b00000| PB 0x0000000086b00000| Untracked 
|  60|0x0000000086c00000, 0x0000000086c00000, 0x0000000086d00000|  0%| F|  |TAMS 0x0000000086c00000| PB 0x0000000086c00000| Untracked 
|  61|0x0000000086d00000, 0x0000000086d00000, 0x0000000086e00000|  0%| F|  |TAMS 0x0000000086d00000| PB 0x0000000086d00000| Untracked 
|  62|0x0000000086e00000, 0x0000000086e00000, 0x0000000086f00000|  0%| F|  |TAMS 0x0000000086e00000| PB 0x0000000086e00000| Untracked 
|  63|0x0000000086f00000, 0x0000000086f00000, 0x0000000087000000|  0%| F|  |TAMS 0x0000000086f00000| PB 0x0000000086f00000| Untracked 
|  64|0x0000000087000000, 0x0000000087000000, 0x0000000087100000|  0%| F|  |TAMS 0x0000000087000000| PB 0x0000000087000000| Untracked 
|  65|0x0000000087100000, 0x0000000087100000, 0x0000000087200000|  0%| F|  |TAMS 0x0000000087100000| PB 0x0000000087100000| Untracked 
|  66|0x0000000087200000, 0x0000000087200000, 0x0000000087300000|  0%| F|  |TAMS 0x0000000087200000| PB 0x0000000087200000| Untracked 
|  67|0x0000000087300000, 0x0000000087300000, 0x0000000087400000|  0%| F|  |TAMS 0x0000000087300000| PB 0x0000000087300000| Untracked 
|  68|0x0000000087400000, 0x0000000087400000, 0x0000000087500000|  0%| F|  |TAMS 0x0000000087400000| PB 0x0000000087400000| Untracked 
|  69|0x0000000087500000, 0x0000000087500000, 0x0000000087600000|  0%| F|  |TAMS 0x0000000087500000| PB 0x0000000087500000| Untracked 
|  70|0x0000000087600000, 0x0000000087600000, 0x0000000087700000|  0%| F|  |TAMS 0x0000000087600000| PB 0x0000000087600000| Untracked 
|  71|0x0000000087700000, 0x0000000087700000, 0x0000000087800000|  0%| F|  |TAMS 0x0000000087700000| PB 0x0000000087700000| Untracked 
|  72|0x0000000087800000, 0x0000000087800000, 0x0000000087900000|  0%| F|  |TAMS 0x0000000087800000| PB 0x0000000087800000| Untracked 
|  73|0x0000000087900000, 0x0000000087900000, 0x0000000087a00000|  0%| F|  |TAMS 0x0000000087900000| PB 0x0000000087900000| Untracked 
|  74|0x0000000087a00000, 0x0000000087a00000, 0x0000000087b00000|  0%| F|  |TAMS 0x0000000087a00000| PB 0x0000000087a00000| Untracked 
|  75|0x0000000087b00000, 0x0000000087b00000, 0x0000000087c00000|  0%| F|  |TAMS 0x0000000087b00000| PB 0x0000000087b00000| Untracked 
|  76|0x0000000087c00000, 0x0000000087c00000, 0x0000000087d00000|  0%| F|  |TAMS 0x0000000087c00000| PB 0x0000000087c00000| Untracked 
|  77|0x0000000087d00000, 0x0000000087d00000, 0x0000000087e00000|  0%| F|  |TAMS 0x0000000087d00000| PB 0x0000000087d00000| Untracked 
|  78|0x0000000087e00000, 0x0000000087e00000, 0x0000000087f00000|  0%| F|  |TAMS 0x0000000087e00000| PB 0x0000000087e00000| Untracked 
|  79|0x0000000087f00000, 0x0000000087f00000, 0x0000000088000000|  0%| F|  |TAMS 0x0000000087f00000| PB 0x0000000087f00000| Untracked 
|  80|0x0000000088000000, 0x0000000088000000, 0x0000000088100000|  0%| F|  |TAMS 0x0000000088000000| PB 0x0000000088000000| Untracked 
|  81|0x0000000088100000, 0x0000000088100000, 0x0000000088200000|  0%| F|  |TAMS 0x0000000088100000| PB 0x0000000088100000| Untracked 
|  82|0x0000000088200000, 0x0000000088200000, 0x0000000088300000|  0%| F|  |TAMS 0x0000000088200000| PB 0x0000000088200000| Untracked 
|  83|0x0000000088300000, 0x0000000088300000, 0x0000000088400000|  0%| F|  |TAMS 0x0000000088300000| PB 0x0000000088300000| Untracked 
|  84|0x0000000088400000, 0x0000000088400000, 0x0000000088500000|  0%| F|  |TAMS 0x0000000088400000| PB 0x0000000088400000| Untracked 
|  85|0x0000000088500000, 0x0000000088500000, 0x0000000088600000|  0%| F|  |TAMS 0x0000000088500000| PB 0x0000000088500000| Untracked 
|  86|0x0000000088600000, 0x0000000088600000, 0x0000000088700000|  0%| F|  |TAMS 0x0000000088600000| PB 0x0000000088600000| Untracked 
|  87|0x0000000088700000, 0x0000000088700000, 0x0000000088800000|  0%| F|  |TAMS 0x0000000088700000| PB 0x0000000088700000| Untracked 
|  88|0x0000000088800000, 0x0000000088800000, 0x0000000088900000|  0%| F|  |TAMS 0x0000000088800000| PB 0x0000000088800000| Untracked 
|  89|0x0000000088900000, 0x0000000088900000, 0x0000000088a00000|  0%| F|  |TAMS 0x0000000088900000| PB 0x0000000088900000| Untracked 
|  90|0x0000000088a00000, 0x0000000088a00000, 0x0000000088b00000|  0%| F|  |TAMS 0x0000000088a00000| PB 0x0000000088a00000| Untracked 
|  91|0x0000000088b00000, 0x0000000088b00000, 0x0000000088c00000|  0%| F|  |TAMS 0x0000000088b00000| PB 0x0000000088b00000| Untracked 
|  92|0x0000000088c00000, 0x0000000088c00000, 0x0000000088d00000|  0%| F|  |TAMS 0x0000000088c00000| PB 0x0000000088c00000| Untracked 
|  93|0x0000000088d00000, 0x0000000088d00000, 0x0000000088e00000|  0%| F|  |TAMS 0x0000000088d00000| PB 0x0000000088d00000| Untracked 
|  94|0x0000000088e00000, 0x0000000088e00000, 0x0000000088f00000|  0%| F|  |TAMS 0x0000000088e00000| PB 0x0000000088e00000| Untracked 
|  95|0x0000000088f00000, 0x0000000088f00000, 0x0000000089000000|  0%| F|  |TAMS 0x0000000088f00000| PB 0x0000000088f00000| Untracked 
|  96|0x0000000089000000, 0x0000000089000000, 0x0000000089100000|  0%| F|  |TAMS 0x0000000089000000| PB 0x0000000089000000| Untracked 
|  97|0x0000000089100000, 0x0000000089100000, 0x0000000089200000|  0%| F|  |TAMS 0x0000000089100000| PB 0x0000000089100000| Untracked 
|  98|0x0000000089200000, 0x0000000089200000, 0x0000000089300000|  0%| F|  |TAMS 0x0000000089200000| PB 0x0000000089200000| Untracked 
|  99|0x0000000089300000, 0x0000000089300000, 0x0000000089400000|  0%| F|  |TAMS 0x0000000089300000| PB 0x0000000089300000| Untracked 
| 100|0x0000000089400000, 0x0000000089400000, 0x0000000089500000|  0%| F|  |TAMS 0x0000000089400000| PB 0x0000000089400000| Untracked 
| 101|0x0000000089500000, 0x0000000089500000, 0x0000000089600000|  0%| F|  |TAMS 0x0000000089500000| PB 0x0000000089500000| Untracked 
| 102|0x0000000089600000, 0x0000000089600000, 0x0000000089700000|  0%| F|  |TAMS 0x0000000089600000| PB 0x0000000089600000| Untracked 
| 103|0x0000000089700000, 0x0000000089700000, 0x0000000089800000|  0%| F|  |TAMS 0x0000000089700000| PB 0x0000000089700000| Untracked 
| 104|0x0000000089800000, 0x0000000089800000, 0x0000000089900000|  0%| F|  |TAMS 0x0000000089800000| PB 0x0000000089800000| Untracked 
| 105|0x0000000089900000, 0x0000000089900000, 0x0000000089a00000|  0%| F|  |TAMS 0x0000000089900000| PB 0x0000000089900000| Untracked 
| 106|0x0000000089a00000, 0x0000000089a00000, 0x0000000089b00000|  0%| F|  |TAMS 0x0000000089a00000| PB 0x0000000089a00000| Untracked 
| 107|0x0000000089b00000, 0x0000000089b00000, 0x0000000089c00000|  0%| F|  |TAMS 0x0000000089b00000| PB 0x0000000089b00000| Untracked 
| 108|0x0000000089c00000, 0x0000000089c00000, 0x0000000089d00000|  0%| F|  |TAMS 0x0000000089c00000| PB 0x0000000089c00000| Untracked 
| 109|0x0000000089d00000, 0x0000000089d00000, 0x0000000089e00000|  0%| F|  |TAMS 0x0000000089d00000| PB 0x0000000089d00000| Untracked 
| 110|0x0000000089e00000, 0x0000000089e00000, 0x0000000089f00000|  0%| F|  |TAMS 0x0000000089e00000| PB 0x0000000089e00000| Untracked 
| 111|0x0000000089f00000, 0x000000008a000000, 0x000000008a000000|100%| S|CS|TAMS 0x0000000089f00000| PB 0x0000000089f00000| Complete 
| 112|0x000000008a000000, 0x000000008a100000, 0x000000008a100000|100%| S|CS|TAMS 0x000000008a000000| PB 0x000000008a000000| Complete 
| 113|0x000000008a100000, 0x000000008a100000, 0x000000008a200000|  0%| F|  |TAMS 0x000000008a100000| PB 0x000000008a100000| Untracked 
| 114|0x000000008a200000, 0x000000008a200000, 0x000000008a300000|  0%| F|  |TAMS 0x000000008a200000| PB 0x000000008a200000| Untracked 
| 115|0x000000008a300000, 0x000000008a392738, 0x000000008a400000| 57%| E|  |TAMS 0x000000008a300000| PB 0x000000008a300000| Complete 
| 116|0x000000008a400000, 0x000000008a500000, 0x000000008a500000|100%| E|CS|TAMS 0x000000008a400000| PB 0x000000008a400000| Complete 
| 117|0x000000008a500000, 0x000000008a600000, 0x000000008a600000|100%| E|CS|TAMS 0x000000008a500000| PB 0x000000008a500000| Complete 
| 118|0x000000008a600000, 0x000000008a700000, 0x000000008a700000|100%| E|  |TAMS 0x000000008a600000| PB 0x000000008a600000| Complete 
| 119|0x000000008a700000, 0x000000008a800000, 0x000000008a800000|100%| E|CS|TAMS 0x000000008a700000| PB 0x000000008a700000| Complete 
| 120|0x000000008a800000, 0x000000008a900000, 0x000000008a900000|100%| E|CS|TAMS 0x000000008a800000| PB 0x000000008a800000| Complete 
| 121|0x000000008a900000, 0x000000008aa00000, 0x000000008aa00000|100%| E|CS|TAMS 0x000000008a900000| PB 0x000000008a900000| Complete 
| 122|0x000000008aa00000, 0x000000008ab00000, 0x000000008ab00000|100%| E|CS|TAMS 0x000000008aa00000| PB 0x000000008aa00000| Complete 
| 123|0x000000008ab00000, 0x000000008ac00000, 0x000000008ac00000|100%| E|CS|TAMS 0x000000008ab00000| PB 0x000000008ab00000| Complete 
| 124|0x000000008ac00000, 0x000000008ad00000, 0x000000008ad00000|100%| E|CS|TAMS 0x000000008ac00000| PB 0x000000008ac00000| Complete 
| 125|0x000000008ad00000, 0x000000008ae00000, 0x000000008ae00000|100%| E|CS|TAMS 0x000000008ad00000| PB 0x000000008ad00000| Complete 

Card table byte_map: [0x000001cba05d0000,0x000001cba09c0000] _byte_map_base: 0x000001cba01b8000

Marking Bits: (CMBitMap*) 0x000001cb88b04710
 Bits: [0x000001cba09c0000, 0x000001cba2900000)

Polling page: 0x000001cb86720000

Metaspace:

Usage:
  Non-class:      9.66 MB used.
      Class:      1.11 MB used.
       Both:     10.77 MB used.

Virtual space:
  Non-class space:       64.00 MB reserved,       9.81 MB ( 15%) committed,  1 nodes.
      Class space:        1.00 GB reserved,       1.25 MB ( <1%) committed,  1 nodes.
             Both:        1.06 GB reserved,      11.06 MB (  1%) committed. 

Chunk freelists:
   Non-Class:  6.03 MB
       Class:  14.66 MB
        Both:  20.69 MB

MaxMetaspaceSize: unlimited
CompressedClassSpaceSize: 1.00 GB
Initial GC threshold: 21.00 MB
Current GC threshold: 21.00 MB
CDS: on
 - commit_granule_bytes: 65536.
 - commit_granule_words: 8192.
 - virtual_space_node_default_size: 8388608.
 - enlarge_chunks_in_place: 1.
 - use_allocation_guard: 0.


Internal statistics:

num_allocs_failed_limit: 0.
num_arena_births: 158.
num_arena_deaths: 0.
num_vsnodes_births: 2.
num_vsnodes_deaths: 0.
num_space_committed: 177.
num_space_uncommitted: 0.
num_chunks_returned_to_freelist: 0.
num_chunks_taken_from_freelist: 276.
num_chunk_merges: 0.
num_chunk_splits: 169.
num_chunks_enlarged: 96.
num_inconsistent_stats: 0.

CodeHeap 'non-profiled nmethods': size=120000Kb used=497Kb max_used=497Kb free=119502Kb
 bounds [0x000001cb98cb0000, 0x000001cb98f20000, 0x000001cba01e0000]
CodeHeap 'profiled nmethods': size=120000Kb used=2536Kb max_used=2536Kb free=117463Kb
 bounds [0x000001cb911e0000, 0x000001cb91460000, 0x000001cb98710000]
CodeHeap 'non-nmethods': size=5760Kb used=1465Kb max_used=1478Kb free=4294Kb
 bounds [0x000001cb98710000, 0x000001cb98980000, 0x000001cb98cb0000]
CodeCache: size=245760Kb, used=4498Kb, max_used=4511Kb, free=241259Kb
 total_blobs=2089, nmethods=1463, adapters=531, full_count=0
Compilation: enabled, stopped_count=0, restarted_count=0

Compilation events (20 events):
Event: 20.234 Thread 0x000001cba4dc9220 nmethod 1457 0x000001cb91457d90 code [0x000001cb91457f40, 0x000001cb914581e8]
Event: 20.234 Thread 0x000001cba4dc9220 1458       3       java.util.regex.CharPredicates::lambda$ASCII_DIGIT$18 (20 bytes)
Event: 20.234 Thread 0x000001cba4dc9220 nmethod 1458 0x000001cb91458310 code [0x000001cb914584c0, 0x000001cb914586e8]
Event: 20.234 Thread 0x000001cba4dc9220 1459       3       sun.nio.cs.SingleByte$Encoder::encode (32 bytes)
Event: 20.234 Thread 0x000001cba4dc9220 nmethod 1459 0x000001cb91458790 code [0x000001cb91458940, 0x000001cb91458b18]
Event: 20.235 Thread 0x000001cba4dbe760 nmethod 1453 0x000001cb98d2ac10 code [0x000001cb98d2ade0, 0x000001cb98d2b318]
Event: 20.235 Thread 0x000001cba4dbe760 1454       4       org.json.JSONTokener::incrementIndexes (98 bytes)
Event: 20.235 Thread 0x000001cba4dc9220 1460       3       java.lang.StackWalker::hasOption (11 bytes)
Event: 20.235 Thread 0x000001cba4dc9220 nmethod 1460 0x000001cb91458c90 code [0x000001cb91458e40, 0x000001cb91459018]
Event: 20.235 Thread 0x000001cba4dc9220 1462       3       java.util.regex.Pattern$BranchConn::match (11 bytes)
Event: 20.235 Thread 0x000001cba4dc9220 nmethod 1462 0x000001cb91459110 code [0x000001cb914592c0, 0x000001cb91459498]
Event: 20.235 Thread 0x000001cba4dc9220 1461       3       java.util.RegularEnumSet::contains (57 bytes)
Event: 20.236 Thread 0x000001cba4dbe760 nmethod 1454 0x000001cb98d2b690 code [0x000001cb98d2b820, 0x000001cb98d2b910]
Event: 20.236 Thread 0x000001cba4dbe760 1455   !   4       java.io.StringReader::read (52 bytes)
Event: 20.236 Thread 0x000001cba4dc9220 nmethod 1461 0x000001cb91459590 code [0x000001cb91459760, 0x000001cb91459b58]
Event: 20.236 Thread 0x000001cba4dc9220 1463       3       java.util.regex.Pattern$BitClass::is (22 bytes)
Event: 20.236 Thread 0x000001cba4dc9220 nmethod 1463 0x000001cb91459c90 code [0x000001cb91459e40, 0x000001cb9145a000]
Event: 20.236 Thread 0x000001cba4dc9220 1464       1       java.util.Formatter$FormatSpecifier::index (5 bytes)
Event: 20.236 Thread 0x000001cba4dc9220 nmethod 1464 0x000001cb98d2ba10 code [0x000001cb98d2bba0, 0x000001cb98d2bc68]
Event: 20.238 Thread 0x000001cba4dbe760 nmethod 1455 0x000001cb98d2bd10 code [0x000001cb98d2bec0, 0x000001cb98d2c2e0]

GC Heap History (2 events):
Event: 0.808 GC heap before
{Heap before GC invocations=0 (full 0):
 garbage-first heap   total 129024K, used 16384K [0x0000000083000000, 0x0000000100000000)
  region size 1024K, 13 young (13312K), 0 survivors (0K)
 Metaspace       used 7796K, committed 8000K, reserved 1114112K
  class space    used 792K, committed 896K, reserved 1048576K
}
Event: 0.813 GC heap after
{Heap after GC invocations=1 (full 0):
 garbage-first heap   total 129024K, used 9024K [0x0000000083000000, 0x0000000100000000)
  region size 1024K, 2 young (2048K), 2 survivors (2048K)
 Metaspace       used 7796K, committed 8000K, reserved 1114112K
  class space    used 792K, committed 896K, reserved 1048576K
}

Dll operation events (12 events):
Event: 0.008 Loaded shared library C:\Program Files\Eclipse Adoptium\jdk-21.0.11.10-hotspot\bin\java.dll
Event: 0.043 Loaded shared library C:\Program Files\Eclipse Adoptium\jdk-21.0.11.10-hotspot\bin\jsvml.dll
Event: 0.099 Loaded shared library C:\Program Files\Eclipse Adoptium\jdk-21.0.11.10-hotspot\bin\net.dll
Event: 0.101 Loaded shared library C:\Program Files\Eclipse Adoptium\jdk-21.0.11.10-hotspot\bin\nio.dll
Event: 0.106 Loaded shared library C:\Program Files\Eclipse Adoptium\jdk-21.0.11.10-hotspot\bin\zip.dll
Event: 0.142 Loaded shared library C:\Program Files\Eclipse Adoptium\jdk-21.0.11.10-hotspot\bin\jimage.dll
Event: 0.268 Loaded shared library C:\Program Files\Eclipse Adoptium\jdk-21.0.11.10-hotspot\bin\awt.dll
Event: 0.427 Loaded shared library C:\Program Files\Eclipse Adoptium\jdk-21.0.11.10-hotspot\bin\freetype.dll
Event: 0.432 Loaded shared library C:\Program Files\Eclipse Adoptium\jdk-21.0.11.10-hotspot\bin\fontmanager.dll
Event: 0.752 Loaded shared library C:\Program Files\Eclipse Adoptium\jdk-21.0.11.10-hotspot\bin\sunmscapi.dll
Event: 1.067 Loaded shared library C:\Program Files\Eclipse Adoptium\jdk-21.0.11.10-hotspot\bin\extnet.dll
Event: 20.279 Loaded shared library E:\proyectos\gestlab-client\lib\libzkfp.dll

Deoptimization events (20 events):
Event: 0.974 Thread 0x000001cbea0f6e90 Uncommon trap: trap_request=0xffffff45 fr.pc=0x000001cb98d199fc relative=0x00000000000000dc
Event: 0.974 Thread 0x000001cbea0f6e90 Uncommon trap: reason=unstable_if action=reinterpret pc=0x000001cb98d199fc method=sun.security.util.DerValue.isPrintableStringChar(C)Z @ 9 c2
Event: 0.974 Thread 0x000001cbea0f6e90 DEOPT PACKING pc=0x000001cb98d199fc sp=0x000000ca880fe6a0
Event: 0.974 Thread 0x000001cbea0f6e90 DEOPT UNPACKING pc=0x000001cb98764422 sp=0x000000ca880fe630 mode 2
Event: 0.975 Thread 0x000001cbea0f6e90 Uncommon trap: trap_request=0xffffff45 fr.pc=0x000001cb98d11bd4 relative=0x00000000000007d4
Event: 0.975 Thread 0x000001cbea0f6e90 Uncommon trap: reason=unstable_if action=reinterpret pc=0x000001cb98d11bd4 method=java.lang.CharacterDataLatin1.toLowerCase(I)I @ 23 c2
Event: 0.975 Thread 0x000001cbea0f6e90 DEOPT PACKING pc=0x000001cb98d11bd4 sp=0x000000ca880fe650
Event: 0.975 Thread 0x000001cbea0f6e90 DEOPT UNPACKING pc=0x000001cb98764422 sp=0x000000ca880fe580 mode 2
Event: 0.975 Thread 0x000001cbea0f6e90 Uncommon trap: trap_request=0xffffff45 fr.pc=0x000001cb98cf1218 relative=0x00000000000000f8
Event: 0.975 Thread 0x000001cbea0f6e90 Uncommon trap: reason=unstable_if action=reinterpret pc=0x000001cb98cf1218 method=java.lang.String.getBytes([BIB)V @ 5 c2
Event: 0.975 Thread 0x000001cbea0f6e90 DEOPT PACKING pc=0x000001cb98cf1218 sp=0x000000ca880fe760
Event: 0.975 Thread 0x000001cbea0f6e90 DEOPT UNPACKING pc=0x000001cb98764422 sp=0x000000ca880fe728 mode 2
Event: 0.975 Thread 0x000001cbea0f6e90 Uncommon trap: trap_request=0xffffff45 fr.pc=0x000001cb98cba2d8 relative=0x00000000000000b8
Event: 0.975 Thread 0x000001cbea0f6e90 Uncommon trap: reason=unstable_if action=reinterpret pc=0x000001cb98cba2d8 method=java.lang.String.hashCode()I @ 20 c2
Event: 0.975 Thread 0x000001cbea0f6e90 DEOPT PACKING pc=0x000001cb98cba2d8 sp=0x000000ca880fe9e0
Event: 0.975 Thread 0x000001cbea0f6e90 DEOPT UNPACKING pc=0x000001cb98764422 sp=0x000000ca880fe978 mode 2
Event: 1.124 Thread 0x000001cbeb8dca40 DEOPT PACKING pc=0x000001cb913fd5c9 sp=0x000000ca885fd9f0
Event: 1.124 Thread 0x000001cbeb8dca40 DEOPT UNPACKING pc=0x000001cb98764bc2 sp=0x000000ca885fce60 mode 0
Event: 20.229 Thread 0x000001cbeb8dbd20 DEOPT PACKING pc=0x000001cb913fd5c9 sp=0x000000ca884fecb0
Event: 20.229 Thread 0x000001cbeb8dbd20 DEOPT UNPACKING pc=0x000001cb98764bc2 sp=0x000000ca884fe120 mode 0

Classes loaded (20 events):
Event: 1.122 Loading class java/util/concurrent/RunnableFuture done
Event: 1.122 Loading class java/util/concurrent/ScheduledFuture
Event: 1.122 Loading class java/util/concurrent/Delayed
Event: 1.122 Loading class java/util/concurrent/Delayed done
Event: 1.122 Loading class java/util/concurrent/ScheduledFuture done
Event: 1.122 Loading class java/util/concurrent/RunnableScheduledFuture done
Event: 1.122 Loading class java/util/concurrent/Executors$DefaultThreadFactory
Event: 1.122 Loading class java/util/concurrent/Executors$DefaultThreadFactory done
Event: 1.122 Loading class java/util/concurrent/ScheduledThreadPoolExecutor$ScheduledFutureTask
Event: 1.123 Loading class java/util/concurrent/FutureTask
Event: 1.123 Loading class java/util/concurrent/FutureTask done
Event: 1.123 Loading class java/util/concurrent/ScheduledThreadPoolExecutor$ScheduledFutureTask done
Event: 1.123 Loading class java/util/concurrent/FutureTask$WaitNode
Event: 1.123 Loading class java/util/concurrent/FutureTask$WaitNode done
Event: 1.123 Loading class java/util/concurrent/Executors$RunnableAdapter
Event: 1.123 Loading class java/util/concurrent/Callable
Event: 1.123 Loading class java/util/concurrent/Callable done
Event: 1.123 Loading class java/util/concurrent/Executors$RunnableAdapter done
Event: 20.312 Loading class jdk/internal/event/ThreadSleepEvent
Event: 20.312 Loading class jdk/internal/event/ThreadSleepEvent done

Classes unloaded (0 events):
No events

Classes redefined (0 events):
No events

Internal exceptions (14 events):
Event: 0.233 Thread 0x000001cb867812f0 Exception <a 'sun/nio/fs/WindowsException'{0x000000008abda6e0}> (0x000000008abda6e0) 
thrown [s\src\hotspot\share\prims\jni.cpp, line 520]
Event: 0.243 Thread 0x000001cb867812f0 Exception <a 'java/lang/NoSuchMethodError'{0x000000008abe1550}: 'void java.lang.invoke.DirectMethodHandle$Holder.invokeSpecial(java.lang.Object, java.lang.Object, java.lang.Object, java.lang.Object, java.lang.Object)'> (0x000000008abe1550) 
thrown [s\src\hotspot\share\interpreter\linkResolver.cpp, line 773]
Event: 0.246 Thread 0x000001cb867812f0 Exception <a 'java/lang/ClassNotFoundException'{0x000000008abead90}: sun/awt/resources/spi/awtProvider> (0x000000008abead90) 
thrown [s\src\hotspot\share\classfile\systemDictionary.cpp, line 313]
Event: 0.281 Thread 0x000001cb867812f0 Exception <a 'java/io/FileNotFoundException'{0x000000008aa38240}> (0x000000008aa38240) 
thrown [s\src\hotspot\share\prims\jni.cpp, line 520]
Event: 0.288 Thread 0x000001cb867812f0 Exception <a 'java/io/FileNotFoundException'{0x000000008aa62f50}> (0x000000008aa62f50) 
thrown [s\src\hotspot\share\prims\jni.cpp, line 520]
Event: 0.394 Thread 0x000001cbea0f4dc0 Exception <a 'java/lang/NoSuchMethodError'{0x000000008a950a80}: 'void java.lang.invoke.DirectMethodHandle$Holder.invokeVirtual(java.lang.Object, java.lang.Object)'> (0x000000008a950a80) 
thrown [s\src\hotspot\share\interpreter\linkResolver.cpp, line 773]
Event: 0.418 Thread 0x000001cb867812f0 Exception <a 'java/lang/NoSuchMethodError'{0x000000008a9cf9b8}: 'void java.lang.invoke.DirectMethodHandle$Holder.invokeStaticInit(java.lang.Object)'> (0x000000008a9cf9b8) 
thrown [s\src\hotspot\share\interpreter\linkResolver.cpp, line 773]
Event: 0.470 Thread 0x000001cbea0f5450 Exception <a 'java/lang/NoSuchMethodError'{0x000000008a8511b0}: 'java.lang.Object java.lang.invoke.DirectMethodHandle$Holder.newInvokeSpecial(java.lang.Object, java.lang.Object, java.lang.Object, int, int, int, int, int)'> (0x000000008a8511b0) 
thrown [s\src\hotspot\share\interpreter\linkResolver.cpp, line 773]
Event: 0.522 Thread 0x000001cb867812f0 Exception <a 'java/lang/NoSuchMethodError'{0x000000008a8ec1d0}: 'void java.lang.invoke.DirectMethodHandle$Holder.invokeSpecial(java.lang.Object, java.lang.Object, java.lang.Object)'> (0x000000008a8ec1d0) 
thrown [s\src\hotspot\share\interpreter\linkResolver.cpp, line 773]
Event: 0.523 Thread 0x000001cb867812f0 Exception <a 'java/lang/ClassNotFoundException'{0x000000008a8f2638}: sun/util/logging/resources/spi/loggingProvider> (0x000000008a8f2638) 
thrown [s\src\hotspot\share\classfile\systemDictionary.cpp, line 313]
Event: 0.620 Thread 0x000001cb867812f0 Exception <a 'java/lang/NoSuchMethodError'{0x000000008a51c1b8}: 'void java.lang.invoke.DirectMethodHandle$Holder.invokeStatic(java.lang.Object, java.lang.Object)'> (0x000000008a51c1b8) 
thrown [s\src\hotspot\share\interpreter\linkResolver.cpp, line 773]
Event: 0.893 Thread 0x000001cbea0f6e90 Exception <a 'sun/nio/fs/WindowsException'{0x000000008a8b2b50}> (0x000000008a8b2b50) 
thrown [s\src\hotspot\share\prims\jni.cpp, line 520]
Event: 0.936 Thread 0x000001cbea0f6e90 Exception <a 'java/lang/NoSuchMethodError'{0x000000008a762590}: 'java.lang.Object java.lang.invoke.DirectMethodHandle$Holder.invokeStaticInit(java.lang.Object, int, int, int, int)'> (0x000000008a762590) 
thrown [s\src\hotspot\share\interpreter\linkResolver.cpp, line 773]
Event: 0.950 Thread 0x000001cbea0f6e90 Exception <a 'java/lang/NoSuchMethodError'{0x000000008a7803c0}: 'java.lang.Object java.lang.invoke.DirectMethodHandle$Holder.invokeStaticInit(java.lang.Object, java.lang.Object, int, int, int, int)'> (0x000000008a7803c0) 
thrown [s\src\hotspot\share\interpreter\linkResolver.cpp, line 773]

ZGC Phase Switch (0 events):
No events

VM Operations (20 events):
Event: 0.345 Executing non-safepoint VM operation: HandshakeAllThreads (Deoptimize)
Event: 0.345 Executing non-safepoint VM operation: HandshakeAllThreads (Deoptimize) done
Event: 0.400 Executing non-safepoint VM operation: HandshakeAllThreads (Deoptimize)
Event: 0.400 Executing non-safepoint VM operation: HandshakeAllThreads (Deoptimize) done
Event: 0.622 Executing non-safepoint VM operation: HandshakeAllThreads (Deoptimize)
Event: 0.622 Executing non-safepoint VM operation: HandshakeAllThreads (Deoptimize) done
Event: 0.622 Executing non-safepoint VM operation: HandshakeAllThreads (Deoptimize)
Event: 0.622 Executing non-safepoint VM operation: HandshakeAllThreads (Deoptimize) done
Event: 0.705 Executing non-safepoint VM operation: HandshakeAllThreads (Deoptimize)
Event: 0.705 Executing non-safepoint VM operation: HandshakeAllThreads (Deoptimize) done
Event: 0.714 Executing non-safepoint VM operation: HandshakeAllThreads (Deoptimize)
Event: 0.714 Executing non-safepoint VM operation: HandshakeAllThreads (Deoptimize) done
Event: 0.758 Executing non-safepoint VM operation: HandshakeAllThreads (Deoptimize)
Event: 0.758 Executing non-safepoint VM operation: HandshakeAllThreads (Deoptimize) done
Event: 0.808 Executing safepoint VM operation: G1CollectForAllocation (G1 Evacuation Pause)
Event: 0.813 Executing safepoint VM operation: G1CollectForAllocation (G1 Evacuation Pause) done
Event: 0.961 Executing non-safepoint VM operation: HandshakeAllThreads (Deoptimize)
Event: 0.961 Executing non-safepoint VM operation: HandshakeAllThreads (Deoptimize) done
Event: 1.963 Executing safepoint VM operation: Cleanup
Event: 1.963 Executing safepoint VM operation: Cleanup done

Memory protections (0 events):
No events

Nmethod flushes (0 events):
No events

Events (20 events):
Event: 1.039 Thread 0x000001cbea0f6e90 Thread added: 0x000001cbeb8dca40
Event: 1.039 Thread 0x000001cbea0f6e90 Thread exited: 0x000001cbea0f6e90
Event: 1.079 Thread 0x000001cbeb8dca40 Thread added: 0x000001cbeb8df1a0
Event: 1.084 Thread 0x000001cbeb8dca40 Thread added: 0x000001cbeb8dddf0
Event: 1.093 Thread 0x000001cbeb8dca40 Thread added: 0x000001cbeb8dd0d0
Event: 1.093 Thread 0x000001cbeb8dd0d0 Thread exited: 0x000001cbeb8dd0d0
Event: 1.094 Thread 0x000001cbeb8dca40 Thread added: 0x000001cbeb8d8f30
Event: 1.100 Thread 0x000001cbeb8db000 Thread exited: 0x000001cbeb8db000
Event: 1.121 Thread 0x000001cbeb8d8f30 Thread added: 0x000001cbeb8dbd20
Event: 1.124 Thread 0x000001cbeb8d8f30 Thread added: 0x000001cbeb8dd760
Event: 1.124 Thread 0x000001cbeb8d8f30 Thread added: 0x000001cbeb8d88a0
Event: 1.128 Thread 0x000001cbeb8d8f30 Thread added: 0x000001cbeb8dd0d0
Event: 1.138 Thread 0x000001cbeb8d8f30 Thread exited: 0x000001cbeb8d8f30
Event: 1.140 Thread 0x000001cbeb8d88a0 Thread added: 0x000001cbeb8db690
Event: 1.141 Thread 0x000001cbeb8db690 Thread exited: 0x000001cbeb8db690
Event: 1.141 Thread 0x000001cbeb8dca40 Thread added: 0x000001cbeb8db690
Event: 1.142 Thread 0x000001cbeb8db690 Thread exited: 0x000001cbeb8db690
Event: 5.601 Thread 0x000001cbea0f5450 Thread exited: 0x000001cbea0f5450
Event: 6.142 Thread 0x000001cbea1e1f00 Thread exited: 0x000001cbea1e1f00
Event: 20.229 Thread 0x000001cbeb8dbd20 Thread added: 0x000001cbeb8dc3b0


Dynamic libraries:
0x00007ff6bcc50000 - 0x00007ff6bcc5e000 	C:\Program Files\Eclipse Adoptium\jdk-21.0.11.10-hotspot\bin\java.exe
0x00007ffcc5e10000 - 0x00007ffcc6008000 	C:\Windows\SYSTEM32\ntdll.dll
0x00007ffcc5a20000 - 0x00007ffcc5ae2000 	C:\Windows\System32\KERNEL32.DLL
0x00007ffcc35f0000 - 0x00007ffcc38e6000 	C:\Windows\System32\KERNELBASE.dll
0x00007ffcc3d30000 - 0x00007ffcc3e30000 	C:\Windows\System32\ucrtbase.dll
0x00007ffc7f200000 - 0x00007ffc7f21e000 	C:\Program Files\Eclipse Adoptium\jdk-21.0.11.10-hotspot\bin\VCRUNTIME140.dll
0x00007ffca97a0000 - 0x00007ffca97b8000 	C:\Program Files\Eclipse Adoptium\jdk-21.0.11.10-hotspot\bin\jli.dll
0x00007ffcc3fb0000 - 0x00007ffcc4151000 	C:\Windows\System32\USER32.dll
0x00007ffcc3970000 - 0x00007ffcc3992000 	C:\Windows\System32\win32u.dll
0x00007ffcae2c0000 - 0x00007ffcae55b000 	C:\Windows\WinSxS\amd64_microsoft.windows.common-controls_6595b64144ccf1df_6.0.19041.6456_none_60b8a6cb71f64256\COMCTL32.dll
0x00007ffcc5b10000 - 0x00007ffcc5bae000 	C:\Windows\System32\msvcrt.dll
0x00007ffcc5080000 - 0x00007ffcc50ab000 	C:\Windows\System32\GDI32.dll
0x00007ffcc39a0000 - 0x00007ffcc3ab9000 	C:\Windows\System32\gdi32full.dll
0x00007ffcc34a0000 - 0x00007ffcc353d000 	C:\Windows\System32\msvcp_win.dll
0x00007ffcc4750000 - 0x00007ffcc477f000 	C:\Windows\System32\IMM32.DLL
0x00007ffca6010000 - 0x00007ffca601c000 	C:\Program Files\Eclipse Adoptium\jdk-21.0.11.10-hotspot\bin\vcruntime140_1.dll
0x00007ffc602c0000 - 0x00007ffc6034d000 	C:\Program Files\Eclipse Adoptium\jdk-21.0.11.10-hotspot\bin\msvcp140.dll
0x00007ffc5c520000 - 0x00007ffc5d2c2000 	C:\Program Files\Eclipse Adoptium\jdk-21.0.11.10-hotspot\bin\server\jvm.dll
0x00007ffcc5bb0000 - 0x00007ffcc5c61000 	C:\Windows\System32\ADVAPI32.dll
0x00007ffcc41c0000 - 0x00007ffcc425f000 	C:\Windows\System32\sechost.dll
0x00007ffcc55c0000 - 0x00007ffcc56e0000 	C:\Windows\System32\RPCRT4.dll
0x00007ffcc38f0000 - 0x00007ffcc3917000 	C:\Windows\System32\bcrypt.dll
0x00007ffcc4f90000 - 0x00007ffcc4ffb000 	C:\Windows\System32\WS2_32.dll
0x00007ffcb0180000 - 0x00007ffcb01a7000 	C:\Windows\SYSTEM32\WINMM.dll
0x00007ffcc3300000 - 0x00007ffcc334b000 	C:\Windows\SYSTEM32\POWRPROF.dll
0x00007ffcbe5f0000 - 0x00007ffcbe5fa000 	C:\Windows\SYSTEM32\VERSION.dll
0x00007ffcc32e0000 - 0x00007ffcc32f2000 	C:\Windows\SYSTEM32\UMPDC.dll
0x00007ffcc1330000 - 0x00007ffcc1342000 	C:\Windows\SYSTEM32\kernel.appcore.dll
0x00007ffca5e30000 - 0x00007ffca5e3a000 	C:\Program Files\Eclipse Adoptium\jdk-21.0.11.10-hotspot\bin\jimage.dll
0x00007ffcb12d0000 - 0x00007ffcb14d1000 	C:\Windows\SYSTEM32\DBGHELP.DLL
0x00007ffcb1290000 - 0x00007ffcb12c4000 	C:\Windows\SYSTEM32\dbgcore.DLL
0x00007ffcc3b40000 - 0x00007ffcc3bc2000 	C:\Windows\System32\bcryptPrimitives.dll
0x00007ffca2f20000 - 0x00007ffca2f40000 	C:\Program Files\Eclipse Adoptium\jdk-21.0.11.10-hotspot\bin\java.dll
0x00007ffcc4810000 - 0x00007ffcc4f80000 	C:\Windows\System32\SHELL32.dll
0x00007ffcc1530000 - 0x00007ffcc1cd5000 	C:\Windows\SYSTEM32\windows.storage.dll
0x00007ffcc50b0000 - 0x00007ffcc5404000 	C:\Windows\System32\combase.dll
0x00007ffcc2df0000 - 0x00007ffcc2e1b000 	C:\Windows\SYSTEM32\Wldp.dll
0x00007ffcc5740000 - 0x00007ffcc580d000 	C:\Windows\System32\OLEAUT32.dll
0x00007ffcc5c70000 - 0x00007ffcc5d1d000 	C:\Windows\System32\SHCORE.dll
0x00007ffcc3e30000 - 0x00007ffcc3e8b000 	C:\Windows\System32\shlwapi.dll
0x00007ffcc33d0000 - 0x00007ffcc33f4000 	C:\Windows\SYSTEM32\profapi.dll
0x00007ffc601e0000 - 0x00007ffc602b7000 	C:\Program Files\Eclipse Adoptium\jdk-21.0.11.10-hotspot\bin\jsvml.dll
0x00007ffca2f10000 - 0x00007ffca2f20000 	C:\Program Files\Eclipse Adoptium\jdk-21.0.11.10-hotspot\bin\net.dll
0x00007ffcbbdd0000 - 0x00007ffcbbeda000 	C:\Windows\SYSTEM32\WINHTTP.dll
0x00007ffcc2b50000 - 0x00007ffcc2bba000 	C:\Windows\system32\mswsock.dll
0x00007ffca2ca0000 - 0x00007ffca2cb6000 	C:\Program Files\Eclipse Adoptium\jdk-21.0.11.10-hotspot\bin\nio.dll
0x00007ffca2cc0000 - 0x00007ffca2cd8000 	C:\Program Files\Eclipse Adoptium\jdk-21.0.11.10-hotspot\bin\zip.dll
0x00007ffc5b7c0000 - 0x00007ffc5b94f000 	C:\Program Files\Eclipse Adoptium\jdk-21.0.11.10-hotspot\bin\awt.dll
0x00007ffcc03a0000 - 0x00007ffcc0434000 	C:\Windows\SYSTEM32\apphelp.dll
0x00007ffcc0df0000 - 0x00007ffcc0e8e000 	C:\Windows\system32\uxtheme.dll
0x00007ffcc3e90000 - 0x00007ffcc3fa5000 	C:\Windows\System32\MSCTF.dll
0x00007ffcc5810000 - 0x00007ffcc593b000 	C:\Windows\System32\ole32.dll
0x00007ffcc0f50000 - 0x00007ffcc0f7e000 	C:\Windows\system32\DWMAPI.DLL
0x00007ffc71750000 - 0x00007ffc71878000 	C:\Windows\system32\opengl32.dll
0x00007ffc78b80000 - 0x00007ffc78bac000 	C:\Windows\SYSTEM32\GLU32.dll
0x00007ffcbc500000 - 0x00007ffcbc53b000 	C:\Windows\SYSTEM32\dxcore.dll
0x00007ffcc3920000 - 0x00007ffcc396e000 	C:\Windows\System32\cfgmgr32.dll
0x00007ffc7d620000 - 0x00007ffc7d6ab000 	C:\Program Files\Eclipse Adoptium\jdk-21.0.11.10-hotspot\bin\freetype.dll
0x00007ffc5b6c0000 - 0x00007ffc5b7ba000 	C:\Program Files\Eclipse Adoptium\jdk-21.0.11.10-hotspot\bin\fontmanager.dll
0x00007ffcbdc20000 - 0x00007ffcbdcce000 	C:\Windows\SYSTEM32\mscms.dll
0x00007ffcbdc00000 - 0x00007ffcbdc11000 	C:\Windows\SYSTEM32\ColorAdapterClient.dll
0x00007ffcc3390000 - 0x00007ffcc33be000 	C:\Windows\SYSTEM32\USERENV.dll
0x00007ffc7d5d0000 - 0x00007ffc7d615000 	C:\Windows\SYSTEM32\icm32.dll
0x00007ffca5ff0000 - 0x00007ffca6007000 	C:\Windows\system32\napinsp.dll
0x00007ffca5fd0000 - 0x00007ffca5feb000 	C:\Windows\system32\pnrpnsp.dll
0x00007ffcaebf0000 - 0x00007ffcaec0d000 	C:\Windows\system32\wshbth.dll
0x00007ffcbead0000 - 0x00007ffcbeaed000 	C:\Windows\system32\NLAapi.dll
0x00007ffcc2830000 - 0x00007ffcc286b000 	C:\Windows\SYSTEM32\IPHLPAPI.DLL
0x00007ffcc2870000 - 0x00007ffcc293a000 	C:\Windows\SYSTEM32\DNSAPI.dll
0x00007ffcc5070000 - 0x00007ffcc5078000 	C:\Windows\System32\NSI.dll
0x00007ffca5fb0000 - 0x00007ffca5fc2000 	C:\Windows\System32\winrnr.dll
0x00007ffcbb000000 - 0x00007ffcbb00a000 	C:\Windows\System32\rasadhlp.dll
0x00007ffcbb760000 - 0x00007ffcbb7e0000 	C:\Windows\System32\fwpuclnt.dll
0x00007ffc788d0000 - 0x00007ffc788de000 	C:\Program Files\Eclipse Adoptium\jdk-21.0.11.10-hotspot\bin\sunmscapi.dll
0x00007ffcc3bd0000 - 0x00007ffcc3d2d000 	C:\Windows\System32\CRYPT32.dll
0x00007ffcc2e60000 - 0x00007ffcc2e87000 	C:\Windows\SYSTEM32\ncrypt.dll
0x00007ffcc2e20000 - 0x00007ffcc2e5b000 	C:\Windows\SYSTEM32\NTASN1.dll
0x00007ffcc2d40000 - 0x00007ffcc2d58000 	C:\Windows\SYSTEM32\CRYPTSP.dll
0x00007ffcc2470000 - 0x00007ffcc24a8000 	C:\Windows\system32\rsaenh.dll
0x00007ffcc2d60000 - 0x00007ffcc2d6c000 	C:\Windows\SYSTEM32\CRYPTBASE.dll
0x00007ffc78940000 - 0x00007ffc78949000 	C:\Program Files\Eclipse Adoptium\jdk-21.0.11.10-hotspot\bin\extnet.dll
0x00007ffcadf10000 - 0x00007ffcadf5a000 	E:\proyectos\gestlab-client\lib\libzkfp.dll
0x00007ffcb2f20000 - 0x00007ffcb2f3d000 	C:\Windows\SYSTEM32\ZKFPCap.dll
0x00007ffc76f10000 - 0x00007ffc77002000 	C:\Windows\SYSTEM32\fpslib.dll
0x00007ffc7b820000 - 0x00007ffc7b846000 	C:\Windows\SYSTEM32\ZKFPSensors\libsilkidcap.dll
0x000000006a210000 - 0x000000006a225000 	C:\Windows\SYSTEM32\libusb0.dll
0x00007ffcc4260000 - 0x00007ffcc46d0000 	C:\Windows\System32\SETUPAPI.dll
0x00007ffc7d5b0000 - 0x00007ffc7d5c8000 	C:\Windows\SYSTEM32\libcorrect.dll
0x00007ffc77e70000 - 0x00007ffc77e89000 	C:\Windows\SYSTEM32\libsilkid.dll
0x00007ffc77e20000 - 0x00007ffc77e68000 	C:\Windows\SYSTEM32\ZKFPSensors\libzklibcap.dll
0x0000000180000000 - 0x0000000180022000 	C:\Windows\SYSTEM32\zkfpslibLow.dll
0x00007ffcc3150000 - 0x00007ffcc3183000 	C:\Windows\SYSTEM32\DEVOBJ.dll
0x00007ffcc3ac0000 - 0x00007ffcc3b33000 	C:\Windows\System32\WINTRUST.dll
0x00007ffcc2f80000 - 0x00007ffcc2f92000 	C:\Windows\SYSTEM32\MSASN1.dll

JVMTI agents: none

dbghelp: loaded successfully - version: 4.0.5 - missing functions: none
symbol engine: initialized successfully - sym options: 0x614 - pdb path: .;C:\Program Files\Eclipse Adoptium\jdk-21.0.11.10-hotspot\bin;C:\Windows\SYSTEM32;C:\Windows\WinSxS\amd64_microsoft.windows.common-controls_6595b64144ccf1df_6.0.19041.6456_none_60b8a6cb71f64256;C:\Program Files\Eclipse Adoptium\jdk-21.0.11.10-hotspot\bin\server;E:\proyectos\gestlab-client\lib;C:\Windows\SYSTEM32\ZKFPSensors

VM Arguments:
jvm_args: -Djava.library.path=E:\proyectos\gestlab-client\lib -Dfile.encoding=UTF-8 -Duser.country=ES -Duser.language=es -Duser.variant 
java_command: com.f6.Main
java_class_path (initial): E:\proyectos\gestlab-client\build\classes\java\main;E:\proyectos\gestlab-client\build\resources\main;C:\Users\vboxuser\.gradle\caches\modules-2\files-2.1\io.socket\socket.io-client\2.0.1\d132c5928e7e93c43b8be0e0513c3e12309523e2\socket.io-client-2.0.1.jar;C:\Users\vboxuser\.gradle\caches\modules-2\files-2.1\io.socket\engine.io-client\2.0.0\9d4a84db8ab071574e62cfce67e35bf5194f4c76\engine.io-client-2.0.0.jar;C:\Users\vboxuser\.gradle\caches\modules-2\files-2.1\org.json\json\20210307\528c8df3757e8bcf151817b1d7b9b434f6aa08d5\json-20210307.jar;C:\Users\vboxuser\.gradle\caches\modules-2\files-2.1\com.machinezoo.sourceafis\sourceafis\3.18.1\e2f58a29de8abc9c2a5339924921e3275aa2166c\sourceafis-3.18.1.jar;E:\proyectos\gestlab-client\lib\zkfinger-2.0.jar;C:\Users\vboxuser\.gradle\caches\modules-2\files-2.1\com.machinezoo.fingerprintio\fingerprintio\1.3.1\19646646d35e4e5eb25f6ed0778517a0430482ab\fingerprintio-1.3.1.jar;C:\Users\vboxuser\.gradle\caches\modules-2\files-2.1\com.machinezoo.noexception\noexception\1.9.1\ff1bd6a895b36189a93baaa22e530fdb00314365\noexception-1.9.1.jar;C:\Users\vboxuser\.gradle\caches\modules-2\files-2.1\com.machinezoo.stagean\stagean\1.3.0\65102e4e96b7723ee798a6f00bb6748a5dc37507\stagean-1.3.0.jar;C:\Users\vboxuser\.gradle\caches\modules-2\files-2.1\com.machinezoo.closeablescope\closeablescope\1.0.1\24945163b28082714ab2e3c19622b9fbe0410d54\closeablescope-1.0.1.jar;C:\Users\vboxuser\.gradle\caches\modules-2\files-2.1\it.unimi.dsi\fastutil\8.5.12\c24946d46824bd528054bface3231d2ecb7e95e8\fastutil-8.5.12.jar;C:\Users\vboxuser\.gradle\caches\modules-2\files-2.1\commons-io\commons-io\2.15.0\5c3c2db10f6f797430a7f9c696b4d1273768c924\commons-io-2.15.0.jar;C:\Users\vboxuser\.gradle\caches\modules-2\files-2.1\com.google.code.gson\gson\2.10.1\b3add478d4382b78ea20b1671390a858002feb6c\gson-2.10.1.jar;C:\Users\vboxuser\.gradle\caches\modules-2\files-2.1\com.fasterxml.jackson.core\jackson-annotations\2.15.3\79baf4e605eb3bbb60b1c475d44a7aecceea1d60\jackson-annotations-2.15.3.jar;C:\Users\vboxuser\.gradle\caches\modules-2\files-2.1\com.fasterxml.jackson.core\jackson-core\2.15.3\60d600567c1862840397bf9ff5a92398edc5797b\jackson-core-2.15.3.jar;C:\Users\vboxuser\.gradle\caches\modules-2\files-2.1\com.fasterxml.jackson.dataformat\jackson-dataformat-cbor\2.15.3\c30a4e69e760401a98b9fa458a4f2db6fe392d7f\jackson-dataformat-cbor-2.15.3.jar;C:\Users\vboxuser\.gradle\caches\modules-2\files-2.1\com.github.mhshams\jnbis\2.1.2\e0dd38c347cf94ad1fe82eabb0b8e61931088de9\jnbis-2.1.2.jar;C:\Users\vboxuser\.gradle\caches\modules-2\files-2.1\com.fasterxml.jackson.core\jackson-databind\2.15.3\a734bc2c47a9453c4efa772461a3aeb273c010d9\jackson-databind-2.15.3.jar;C:\Users\vboxuser\.gradle\caches\modules-2\files-2.1\com.squareup.okhttp3\okhttp\3.12.12\d3e1ce1d2b3119adf270b2d00d947beb03fe3321\okhttp-3.12.12.jar;C:\Users\vboxuser\.gradle\caches\modules-2\files-2.1\org.slf4j\slf4j-api\2.0.9\7cf2726fdcfbc8610f9a71fb3ed639871f315340\slf4j-api-2.0.9.jar;C:\Users\vboxuser\.gradle\caches\modules-2\files-2.1\com.squareup.okio\okio\1.15.0\bc28b5a964c8f5721eb58ee3f3c47a9bcbf4f4d8\okio-1.15.0.jar
Launcher Type: SUN_STANDARD

[Global flags]
     intx CICompilerCount                          = 3                                         {product} {ergonomic}
     uint ConcGCThreads                            = 1                                         {product} {ergonomic}
     uint G1ConcRefinementThreads                  = 4                                         {product} {ergonomic}
   size_t G1HeapRegionSize                         = 1048576                                   {product} {ergonomic}
    uintx GCDrainStackTargetSize                   = 64                                        {product} {ergonomic}
   size_t InitialHeapSize                          = 132120576                                 {product} {ergonomic}
   size_t MarkStackSize                            = 4194304                                   {product} {ergonomic}
   size_t MaxHeapSize                              = 2097152000                                {product} {ergonomic}
   size_t MaxNewSize                               = 1258291200                                {product} {ergonomic}
   size_t MinHeapDeltaBytes                        = 1048576                                   {product} {ergonomic}
   size_t MinHeapSize                              = 8388608                                   {product} {ergonomic}
    uintx NonNMethodCodeHeapSize                   = 5832780                                {pd product} {ergonomic}
    uintx NonProfiledCodeHeapSize                  = 122912730                              {pd product} {ergonomic}
    uintx ProfiledCodeHeapSize                     = 122912730                              {pd product} {ergonomic}
    uintx ReservedCodeCacheSize                    = 251658240                              {pd product} {ergonomic}
     bool SegmentedCodeCache                       = true                                      {product} {ergonomic}
   size_t SoftMaxHeapSize                          = 2097152000                             {manageable} {ergonomic}
     bool UseCompressedOops                        = true                           {product lp64_product} {ergonomic}
     bool UseG1GC                                  = true                                      {product} {ergonomic}
     bool UseLargePagesIndividualAllocation        = false                                  {pd product} {ergonomic}

Logging:
Log output configuration:
 #0: stdout all=warning uptime,level,tags foldmultilines=false
 #1: stderr all=off uptime,level,tags foldmultilines=false

Release file:
IMPLEMENTOR="Eclipse Adoptium" 
IMPLEMENTOR_VERSION="Temurin-21.0.11+10" 
JAVA_RUNTIME_VERSION="21.0.11+10-LTS" 
JAVA_VERSION="21.0.11" 
JAVA_VERSION_DATE="2026-04-21" 
LIBC="default" 
MODULES="java.base java.compiler java.datatransfer java.xml java.prefs java.desktop java.instrument java.logging java.management java.security.sasl java.naming java.rmi java.management.rmi java.net.http java.scripting java.security.jgss java.transaction.xa java.sql java.sql.rowset java.xml.crypto java.se java.smartcardio jdk.accessibility jdk.internal.jvmstat jdk.attach jdk.charsets jdk.internal.opt jdk.zipfs jdk.compiler jdk.crypto.ec jdk.crypto.cryptoki jdk.crypto.mscapi jdk.dynalink jdk.internal.ed jdk.editpad jdk.hotspot.agent jdk.httpserver jdk.incubator.vector jdk.internal.le jdk.internal.vm.ci jdk.internal.vm.compiler jdk.internal.vm.compiler.management jdk.jartool jdk.javadoc jdk.jcmd jdk.management jdk.management.agent jdk.jconsole jdk.jdeps jdk.jdwp.agent jdk.jdi jdk.jfr jdk.jlink jdk.jpackage jdk.jshell jdk.jsobject jdk.jstatd jdk.localedata jdk.management.jfr jdk.naming.dns jdk.naming.rmi jdk.net jdk.nio.mapmode jdk.random jdk.sctp jdk.security.auth jdk.security.jgss jdk.unsupported jdk.unsupported.desktop jdk.xml.dom" 
OS_ARCH="x86_64" 
OS_NAME="Windows" 
SOURCE=".:git:254494ad7d75" 
BUILD_SOURCE="git:a612825ee82a20ac872d60958c349854c1f29a8e"
BUILD_SOURCE_REPO="https://github.com/adoptium/temurin-build.git"
SOURCE_REPO="https://github.com/adoptium/jdk21u.git"
FULL_VERSION="21.0.11+10-LTS"
SEMANTIC_VERSION="21.0.11+10"
BUILD_INFO="OS: Windows Server 2022 Version: 10.0"
JVM_VARIANT="Hotspot"
JVM_VERSION="21.0.11+10-LTS"
IMAGE_TYPE="JDK"

Environment Variables:
JAVA_HOME=C:\Program Files\Eclipse Adoptium\jdk-21.0.11.10-hotspot\
PATH=C:\Program Files\Eclipse Adoptium\jdk-21.0.11.10-hotspot\bin;C:\Windows\system32;C:\Windows;C:\Windows\System32\Wbem;C:\Windows\System32\WindowsPowerShell\v1.0\;C:\Windows\System32\OpenSSH\;C:\Program Files\nodejs\;C:\ProgramData\chocolatey\bin;C:\Program Files\Git\cmd;C:\Users\vboxuser\AppData\Local\Microsoft\WindowsApps;C:\Users\vboxuser\AppData\Roaming\npm;C:\Users\vboxuser\AppData\Local\Programs\Zed\bin
USERNAME=vboxuser
OS=Windows_NT
PROCESSOR_IDENTIFIER=Intel64 Family 6 Model 158 Stepping 10, GenuineIntel
TMP=C:\Users\vboxuser\AppData\Local\Temp
TEMP=C:\Users\vboxuser\AppData\Local\Temp




Periodic native trim disabled

---------------  S Y S T E M  ---------------

OS:
 Windows 10 , 64 bit Build 19041 (10.0.19041.5915)
OS uptime: 0 days 0:17 hours

CPU: total 4 (initial active 4) (4 cores per cpu, 1 threads per core) family 6 model 158 stepping 10 microcode 0x0, cx8, cmov, fxsr, mmx, 3dnowpref, sse, sse2, sse3, ssse3, sse4.1, sse4.2, popcnt, lzcnt, tsc, tscinvbit, avx, avx2, aes, clmul, bmi1, bmi2, vzeroupper, clflush, clflushopt, hv, rdtscp
Processor Information for the first 4 processors :
  Max Mhz: 3000, Current Mhz: 3000, Mhz Limit: 3000

Memory: 4k page, system-wide physical 7999M (1193M free)
TotalPageFile size 9919M (AvailPageFile size 2269M)
current process WorkingSet (physical memory assigned to process): 82M, peak: 87M
current process commit charge ("private bytes"): 216M, peak: 226M

vm_info: OpenJDK 64-Bit Server VM (21.0.11+10-LTS) for windows-amd64 JRE (21.0.11+10-LTS), built on 2026-04-21T00:00:00Z by "admin" with MS VC++ 17.12 (VS2022)

END.
