#
# A fatal error has been detected by the Java Runtime Environment:
#
#  EXCEPTION_ACCESS_VIOLATION (0xc0000005) at pc=0x0000000180009bf2, pid=15764, tid=0x0000000000002a60
#
# JRE version: OpenJDK Runtime Environment (8.0_482-b08) (build 1.8.0_482-b08)
# Java VM: OpenJDK 64-Bit Server VM (25.482-b08 mixed mode windows-amd64 compressed oops)
# Problematic frame:
# C  [zkfpslibLow.dll+0x9bf2]
#
# Failed to write core dump. Minidumps are not enabled by default on client versions of Windows
#
# If you would like to submit a bug report, please visit:
#   https://github.com/adoptium/adoptium-support/issues
# The crash happened outside the Java Virtual Machine in native code.
# See problematic frame for where to report the bug.
#

---------------  T H R E A D  ---------------

Current thread (0x0000028d240bf800):  JavaThread "EventThread" [_thread_in_native, id=10848, stack(0x000000fece400000,0x000000fece500000)]

siginfo: ExceptionCode=0xc0000005, writing address 0x000000018001f000

Registers:
RAX=0x0031003000380030, RBX=0x000000000000048c, RCX=0x000000018001f010, RDX=0x0000028bfd317c80
RSP=0x000000fece4fe4d8, RBP=0x0000028d240eabf0, RSI=0x0000028d23529d40, RDI=0x0000028d23529c30
R8 =0x0000000000003081, R9 =0x0000000000000004, R10=0x002d003600370031, R11=0x000000018001c010
R12=0x0000028d7d333c90, R13=0x0000000000000142, R14=0x000000fece4fe6b0, R15=0x0000028d240bf800
RIP=0x0000000180009bf2, EFLAGS=0x0000000000010202

Top of Stack: (sp=0x000000fece4fe4d8)
0x000000fece4fe4d8:   00000001800039dc 000000000000001e
0x000000fece4fe4e8:   0000000180003252 00007ffb0e6424e0
0x000000fece4fe4f8:   0000000000000000 0000028d240eabf0
0x000000fece4fe508:   0000028d23761c80 000000fece4fe688
0x000000fece4fe518:   00007ffb0e5630cd 0000000000000000
0x000000fece4fe528:   00007ffb0e6424e0 0000028d7d333c90
0x000000fece4fe538:   0000000000000000 0000000000000001
0x000000fece4fe548:   000000fece4fe520 0000028d7d333c90
0x000000fece4fe558:   00007ffb550b4caf 0000028d240eabf0
0x000000fece4fe568:   000000fece4fe6a8 0000028d7d333c90
0x000000fece4fe578:   0000028d240bfa60 0000028d240bfa60
0x000000fece4fe588:   00007ffb550b36da 0000028d240eabf0
0x000000fece4fe598:   000000fece4fe6a8 000000fece4fe6b0
0x000000fece4fe5a8:   0000000000000141 0000000000000800
0x000000fece4fe5b8:   000000fece4fe5b8 0000028d24f66040
0x000000fece4fe5c8:   000000fece4fe590 0000028d7d333c90 

Instructions: (pc=0x0000000180009bf2)
0x0000000180009bd2:   04 0a 4c 8b 54 0a 08 48 83 c1 20 48 89 41 e0 4c
0x0000000180009be2:   89 51 e8 48 8b 44 0a f0 4c 8b 54 0a f8 49 ff c9
0x0000000180009bf2:   48 89 41 f0 4c 89 51 f8 75 d4 49 83 e0 1f e9 71
0x0000000180009c02:   ff ff ff 66 66 66 0f 1f 84 00 00 00 00 00 66 90 


Register to memory mapping:

RAX=0x0031003000380030 is an unknown value
RBX=0x000000000000048c is an unknown value
RCX=0x000000018001f010 is an unknown value
RDX=0x0000028bfd317c80 is an unknown value
RSP=0x000000fece4fe4d8 is pointing into the stack for thread: 0x0000028d240bf800
RBP=0x0000028d240eabf0 is an unknown value
RSI=0x0000028d23529d40 is an unknown value
RDI=0x0000028d23529c30 is an unknown value
R8 =0x0000000000003081 is an unknown value
R9 =0x0000000000000004 is an unknown value
R10=0x002d003600370031 is an unknown value
R11=0x000000018001c010 is an unknown value
R12=0x0000028d7d333c90 is an unknown value
R13=0x0000000000000142 is an unknown value
R14=0x000000fece4fe6b0 is pointing into the stack for thread: 0x0000028d240bf800
R15=0x0000028d240bf800 is a thread


Stack: [0x000000fece400000,0x000000fece500000],  sp=0x000000fece4fe4d8,  free space=1017k
Native frames: (J=compiled Java code, j=interpreted, Vv=VM code, C=native code)
C  [zkfpslibLow.dll+0x9bf2]

Java frames: (J=compiled Java code, j=interpreted, Vv=VM code)
j  com.zkteco.biometric.ZKFPService.MatchFP([B[B)I+0
j  com.zkteco.biometric.FingerprintSensorEx.DBMatch(J[B[B)I+12
j  com.f6.functions.Lector.verifyFinger(Lorg/json/JSONArray;)Ljava/lang/String;+166
j  com.f6.Main$7.call([Ljava/lang/Object;)V+76
j  io.socket.emitter.Emitter.emit(Ljava/lang/String;[Ljava/lang/Object;)Lio/socket/emitter/Emitter;+49
j  io.socket.client.Socket.onevent(Lio/socket/parser/Packet;)V+118
j  io.socket.client.Socket.onpacket(Lio/socket/parser/Packet;)V+136
j  io.socket.client.Socket.access$100(Lio/socket/client/Socket;Lio/socket/parser/Packet;)V+2
j  io.socket.client.Socket$2$2.call([Ljava/lang/Object;)V+13
j  io.socket.emitter.Emitter.emit(Ljava/lang/String;[Ljava/lang/Object;)Lio/socket/emitter/Emitter;+49
j  io.socket.client.Manager.ondecoded(Lio/socket/parser/Packet;)V+11
j  io.socket.client.Manager.access$1200(Lio/socket/client/Manager;Lio/socket/parser/Packet;)V+2
j  io.socket.client.Manager$5.call(Lio/socket/parser/Packet;)V+5
j  io.socket.parser.IOParser$Decoder.add(Ljava/lang/String;)V+79
j  io.socket.client.Manager$2.call([Ljava/lang/Object;)V+22
j  io.socket.emitter.Emitter.emit(Ljava/lang/String;[Ljava/lang/Object;)Lio/socket/emitter/Emitter;+49
j  io.socket.engineio.client.Socket.onPacket(Lio/socket/engineio/parser/Packet;)V+257
j  io.socket.engineio.client.Socket.access$1000(Lio/socket/engineio/client/Socket;Lio/socket/engineio/parser/Packet;)V+2
j  io.socket.engineio.client.Socket$5.call([Ljava/lang/Object;)V+19
j  io.socket.emitter.Emitter.emit(Ljava/lang/String;[Ljava/lang/Object;)Lio/socket/emitter/Emitter;+49
j  io.socket.engineio.client.Transport.onPacket(Lio/socket/engineio/parser/Packet;)V+11
j  io.socket.engineio.client.Transport.onData(Ljava/lang/String;)V+5
j  io.socket.engineio.client.transports.WebSocket.access$100(Lio/socket/engineio/client/transports/WebSocket;Ljava/lang/String;)V+2
j  io.socket.engineio.client.transports.WebSocket$1$2.run()V+11
j  io.socket.thread.EventThread$2.run()V+4
j  java.util.concurrent.ThreadPoolExecutor.runWorker(Ljava/util/concurrent/ThreadPoolExecutor$Worker;)V+95
j  java.util.concurrent.ThreadPoolExecutor$Worker.run()V+5
j  java.lang.Thread.run()V+11
v  ~StubRoutines::call_stub

---------------  P R O C E S S  ---------------

Java Threads: ( => current thread )
=>0x0000028d240bf800 JavaThread "EventThread" [_thread_in_native, id=10848, stack(0x000000fece400000,0x000000fece500000)]
  0x0000028d240be800 JavaThread "OkHttp Dispatcher" [_thread_blocked, id=17148, stack(0x000000feced00000,0x000000fecee00000)]
  0x0000028d240bb800 JavaThread "OkHttp WebSocket http://localhost:3000/..." [_thread_blocked, id=5912, stack(0x000000fecec00000,0x000000feced00000)]
  0x0000028d240ba800 JavaThread "OkHttp Dispatcher" [_thread_blocked, id=9660, stack(0x000000feceb00000,0x000000fecec00000)]
  0x0000028d240b8800 JavaThread "pool-1-thread-1" [_thread_blocked, id=19984, stack(0x000000fece600000,0x000000fece700000)]
  0x0000028d240c8000 JavaThread "Okio Watchdog" daemon [_thread_blocked, id=17392, stack(0x000000fece900000,0x000000fecea00000)]
  0x0000028d23f48000 JavaThread "OkHttp ConnectionPool" daemon [_thread_blocked, id=10896, stack(0x000000fece800000,0x000000fece900000)]
  0x0000028d240cb800 JavaThread "OkHttp http://localhost:3000/..." [_thread_in_native, id=1292, stack(0x000000fece700000,0x000000fece800000)]
  0x0000028d754e6000 JavaThread "DestroyJavaVM" [_thread_blocked, id=3932, stack(0x000000feccd00000,0x000000fecce00000)]
  0x0000028d7d72c000 JavaThread "AWT-EventQueue-0" [_thread_blocked, id=10152, stack(0x000000fece300000,0x000000fece400000)]
  0x0000028d7c2d0000 JavaThread "AWT-Windows" daemon [_thread_in_native, id=19992, stack(0x000000fece000000,0x000000fece100000)]
  0x0000028d7c2cf000 JavaThread "AWT-Shutdown" [_thread_blocked, id=20160, stack(0x000000fecdf00000,0x000000fece000000)]
  0x0000028d7c2c4000 JavaThread "Java2D Disposer" daemon [_thread_blocked, id=10268, stack(0x000000fecde00000,0x000000fecdf00000)]
  0x0000028d7ac02800 JavaThread "Service Thread" daemon [_thread_blocked, id=16456, stack(0x000000fecdc00000,0x000000fecdd00000)]
  0x0000028d7ab7d000 JavaThread "C1 CompilerThread2" daemon [_thread_blocked, id=9960, stack(0x000000fecdb00000,0x000000fecdc00000)]
  0x0000028d7ab7a000 JavaThread "C2 CompilerThread1" daemon [_thread_blocked, id=19572, stack(0x000000fecda00000,0x000000fecdb00000)]
  0x0000028d7ab73800 JavaThread "C2 CompilerThread0" daemon [_thread_blocked, id=5220, stack(0x000000fecd900000,0x000000fecda00000)]
  0x0000028d7ab67000 JavaThread "Attach Listener" daemon [_thread_blocked, id=20128, stack(0x000000fecd800000,0x000000fecd900000)]
  0x0000028d7ab66000 JavaThread "Signal Dispatcher" daemon [_thread_blocked, id=16268, stack(0x000000fecd700000,0x000000fecd800000)]
  0x0000028d7ab43000 JavaThread "Finalizer" daemon [_thread_blocked, id=13088, stack(0x000000fecd600000,0x000000fecd700000)]
  0x0000028d7ab3b000 JavaThread "Reference Handler" daemon [_thread_blocked, id=9600, stack(0x000000fecd500000,0x000000fecd600000)]

Other Threads:
  0x0000028d7ab12800 VMThread [stack: 0x000000fecd400000,0x000000fecd500000] [id=14776]
  0x0000028d7ac0c800 WatcherThread [stack: 0x000000fecdd00000,0x000000fecde00000] [id=4628]

VM state:not at safepoint (normal execution)

VM Mutex/Monitor currently owned by a thread: None

heap address: 0x00000005c2c00000, size: 8148 MB, Compressed Oops mode: Zero based, Oop shift amount: 3
Narrow klass base: 0x0000000000000000, Narrow klass shift: 3
Compressed class space size: 1073741824 Address: 0x00000007c0000000

Heap:
 PSYoungGen      total 152576K, used 57675K [0x0000000716400000, 0x0000000720e00000, 0x00000007c0000000)
  eden space 131072K, 44% used [0x0000000716400000,0x0000000719c52da8,0x000000071e400000)
  from space 21504K, 0% used [0x000000071f900000,0x000000071f900000,0x0000000720e00000)
  to   space 21504K, 0% used [0x000000071e400000,0x000000071e400000,0x000000071f900000)
 ParOldGen       total 348160K, used 0K [0x00000005c2c00000, 0x00000005d8000000, 0x0000000716400000)
  object space 348160K, 0% used [0x00000005c2c00000,0x00000005c2c00000,0x00000005d8000000)
 Metaspace       used 13682K, capacity 13922K, committed 14208K, reserved 1062912K
  class space    used 1540K, capacity 1623K, committed 1664K, reserved 1048576K

Card table byte_map: [0x0000028d77270000,0x0000028d78260000] byte_map_base: 0x0000028d7445a000

Marking Bits: (ParMarkBitMap*) 0x0000000063c5f940
 Begin Bits: [0x0000028d0f000000, 0x0000028d16f50000)
 End Bits:   [0x0000028d16f50000, 0x0000028d1eea0000)

Polling page: 0x0000028d75600000

CodeCache: size=245760Kb used=3822Kb max_used=3830Kb free=241937Kb
 bounds [0x0000028d00000000, 0x0000028d003d0000, 0x0000028d0f000000]
 total_blobs=1565 nmethods=1053 adapters=425
 compilation: enabled

Compilation events (10 events):
Event: 6.061 Thread 0x0000028d7ab7d000 1046       1       java.util.Calendar::getZone (5 bytes)
Event: 6.061 Thread 0x0000028d7ab7a000 nmethod 1041 0x0000028d003ba750 code [0x0000028d003ba8a0, 0x0000028d003bac78]
Event: 6.061 Thread 0x0000028d7ab7d000 nmethod 1046 0x0000028d003b2590 code [0x0000028d003b26e0, 0x0000028d003b27f8]
Event: 6.061 Thread 0x0000028d7ab7d000 1047       1       java.lang.AbstractStringBuilder::length (5 bytes)
Event: 6.061 Thread 0x0000028d7ab7d000 nmethod 1047 0x0000028d003ba490 code [0x0000028d003ba5e0, 0x0000028d003ba6f8]
Event: 6.061 Thread 0x0000028d7ab7d000 1052       3       java.util.regex.Matcher::end (22 bytes)
Event: 6.061 Thread 0x0000028d7ab7d000 nmethod 1052 0x0000028d003ba010 code [0x0000028d003ba180, 0x0000028d003ba3d0]
Event: 6.061 Thread 0x0000028d7ab7d000 1053       1       java.util.Formatter$FormatSpecifier::index (5 bytes)
Event: 6.061 Thread 0x0000028d7ab7d000 nmethod 1053 0x0000028d003b9d50 code [0x0000028d003b9ea0, 0x0000028d003b9fb8]
Event: 6.061 Thread 0x0000028d7ab73800 nmethod 1048 0x0000028d003b9750 code [0x0000028d003b98a0, 0x0000028d003b9ad8]

GC Heap History (0 events):
No events

Deoptimization events (10 events):
Event: 0.646 Thread 0x0000028d23f48000 Uncommon trap: reason=unstable_if action=reinterpret pc=0x0000028d003474b0 method=java.lang.CharacterData.of(I)Ljava/lang/CharacterData; @ 4
Event: 0.666 Thread 0x0000028d23f48000 Uncommon trap: reason=class_check action=maybe_recompile pc=0x0000028d00368c44 method=java.io.DataInputStream.readInt()I @ 4
Event: 0.666 Thread 0x0000028d23f48000 Uncommon trap: reason=class_check action=maybe_recompile pc=0x0000028d00368c44 method=java.io.DataInputStream.readInt()I @ 4
Event: 0.666 Thread 0x0000028d23f48000 Uncommon trap: reason=class_check action=maybe_recompile pc=0x0000028d00368c44 method=java.io.DataInputStream.readInt()I @ 4
Event: 0.666 Thread 0x0000028d23f48000 Uncommon trap: reason=class_check action=maybe_recompile pc=0x0000028d00368c44 method=java.io.DataInputStream.readInt()I @ 4
Event: 0.666 Thread 0x0000028d23f48000 Uncommon trap: reason=class_check action=maybe_recompile pc=0x0000028d0035d828 method=java.io.DataInputStream.readChar()C @ 4
Event: 0.666 Thread 0x0000028d23f48000 Uncommon trap: reason=class_check action=maybe_recompile pc=0x0000028d0035d828 method=java.io.DataInputStream.readChar()C @ 4
Event: 0.666 Thread 0x0000028d23f48000 Uncommon trap: reason=class_check action=maybe_recompile pc=0x0000028d0035d828 method=java.io.DataInputStream.readChar()C @ 4
Event: 0.666 Thread 0x0000028d23f48000 Uncommon trap: reason=class_check action=maybe_recompile pc=0x0000028d0035d828 method=java.io.DataInputStream.readChar()C @ 4
Event: 0.715 Thread 0x0000028d240bd000 Uncommon trap: reason=loop_limit_check action=maybe_recompile pc=0x0000028d00392d74 method=java.util.regex.Pattern$Start.match(Ljava/util/regex/Matcher;ILjava/lang/CharSequence;)Z @ 37

Classes redefined (0 events):
No events

Internal exceptions (10 events):
Event: 0.113 Thread 0x0000028d754e6000 Exception <a 'sun/nio/fs/WindowsException'> (0x00000007165f2af0) thrown at [C:\workspace\openjdk-build\workspace\build\src\hotspot\src\share\vm\prims\jni.cpp, line 712]
Event: 0.124 Thread 0x0000028d754e6000 Exception <a 'java/security/PrivilegedActionException'> (0x00000007166177a8) thrown at [C:\workspace\openjdk-build\workspace\build\src\hotspot\src\share\vm\prims\jvm.cpp, line 1514]
Event: 0.124 Thread 0x0000028d754e6000 Exception <a 'java/security/PrivilegedActionException'> (0x00000007166179b8) thrown at [C:\workspace\openjdk-build\workspace\build\src\hotspot\src\share\vm\prims\jvm.cpp, line 1514]
Event: 0.124 Thread 0x0000028d754e6000 Exception <a 'java/security/PrivilegedActionException'> (0x000000071661c968) thrown at [C:\workspace\openjdk-build\workspace\build\src\hotspot\src\share\vm\prims\jvm.cpp, line 1514]
Event: 0.124 Thread 0x0000028d754e6000 Exception <a 'java/security/PrivilegedActionException'> (0x000000071661cb78) thrown at [C:\workspace\openjdk-build\workspace\build\src\hotspot\src\share\vm\prims\jvm.cpp, line 1514]
Event: 0.127 Thread 0x0000028d754e6000 Exception <a 'java/io/FileNotFoundException'> (0x000000071661f188) thrown at [C:\workspace\openjdk-build\workspace\build\src\hotspot\src\share\vm\prims\jni.cpp, line 712]
Event: 0.135 Thread 0x0000028d754e6000 Exception <a 'java/lang/ClassNotFoundException': sun/dc/DuctusRenderingEngine> (0x0000000716638a78) thrown at [C:\workspace\openjdk-build\workspace\build\src\hotspot\src\share\vm\classfile\systemDictionary.cpp, line 217]
Event: 0.158 Thread 0x0000028d754e6000 Exception <a 'java/io/FileNotFoundException'> (0x000000071667cca8) thrown at [C:\workspace\openjdk-build\workspace\build\src\hotspot\src\share\vm\prims\jni.cpp, line 712]
Event: 0.713 Thread 0x0000028d240cb800 Exception <a 'java/net/SocketTimeoutException': Read timed out> (0x0000000718695838) thrown at [C:\workspace\openjdk-build\workspace\build\src\hotspot\src\share\vm\prims\jni.cpp, line 739]
Event: 0.729 Thread 0x0000028d240ba800 Exception <a 'java/net/SocketTimeoutException': Read timed out> (0x0000000718f8a518) thrown at [C:\workspace\openjdk-build\workspace\build\src\hotspot\src\share\vm\prims\jni.cpp, line 739]

Events (10 events):
Event: 8.066 loading class java/util/Base64$Encoder
Event: 8.066 loading class java/util/Base64$Encoder done
Event: 8.067 loading class sun/nio/cs/ISO_8859_1$Encoder
Event: 8.067 loading class sun/nio/cs/ISO_8859_1$Encoder done
Event: 8.067 Executing VM operation: Deoptimize
Event: 8.067 Executing VM operation: Deoptimize done
Event: 8.067 loading class sun/nio/cs/Surrogate$Parser
Event: 8.067 loading class sun/nio/cs/Surrogate$Parser done
Event: 8.067 loading class sun/nio/cs/Surrogate
Event: 8.067 loading class sun/nio/cs/Surrogate done


Dynamic libraries:
0x00007ff6938e0000 - 0x00007ff69392d000 	C:\Program Files\Eclipse Adoptium\jdk-8.0.482.8-hotspot\bin\java.exe
0x00007ffbc3e10000 - 0x00007ffbc4008000 	C:\Windows\SYSTEM32\ntdll.dll
0x00007ffbc3810000 - 0x00007ffbc38d2000 	C:\Windows\System32\KERNEL32.DLL
0x00007ffbc1a00000 - 0x00007ffbc1cf6000 	C:\Windows\System32\KERNELBASE.dll
0x00007ffbbe060000 - 0x00007ffbbe0f4000 	C:\Windows\SYSTEM32\apphelp.dll
0x00007ffbc3ac0000 - 0x00007ffbc3b71000 	C:\Windows\System32\ADVAPI32.dll
0x00007ffbc38e0000 - 0x00007ffbc397e000 	C:\Windows\System32\msvcrt.dll
0x00007ffbc2f50000 - 0x00007ffbc2fef000 	C:\Windows\System32\sechost.dll
0x00007ffbc3060000 - 0x00007ffbc3180000 	C:\Windows\System32\RPCRT4.dll
0x00007ffbc1610000 - 0x00007ffbc1637000 	C:\Windows\System32\bcrypt.dll
0x00007ffbc2da0000 - 0x00007ffbc2f41000 	C:\Windows\System32\USER32.dll
0x00007ffbc1870000 - 0x00007ffbc1892000 	C:\Windows\System32\win32u.dll
0x00007ffbc3c50000 - 0x00007ffbc3c7b000 	C:\Windows\System32\GDI32.dll
0x00007ffbc14f0000 - 0x00007ffbc1609000 	C:\Windows\System32\gdi32full.dll
0x00007ffbc17d0000 - 0x00007ffbc186d000 	C:\Windows\System32\msvcp_win.dll
0x00007ffbc1640000 - 0x00007ffbc1740000 	C:\Windows\System32\ucrtbase.dll
0x00007ffba7e10000 - 0x00007ffba80ab000 	C:\Windows\WinSxS\amd64_microsoft.windows.common-controls_6595b64144ccf1df_6.0.19041.6456_none_60b8a6cb71f64256\COMCTL32.dll
0x00007ffbc3180000 - 0x00007ffbc31af000 	C:\Windows\System32\IMM32.DLL
0x00007ffb7b590000 - 0x00007ffb7b5ae000 	C:\Program Files\Eclipse Adoptium\jdk-8.0.482.8-hotspot\jre\bin\vcruntime140.dll
0x00007ffb7faa0000 - 0x00007ffb7faac000 	C:\Program Files\Eclipse Adoptium\jdk-8.0.482.8-hotspot\jre\bin\vcruntime140_1.dll
0x00007ffb11b20000 - 0x00007ffb11bad000 	C:\Program Files\Eclipse Adoptium\jdk-8.0.482.8-hotspot\jre\bin\msvcp140.dll
0x0000000063440000 - 0x0000000063cd9000 	C:\Program Files\Eclipse Adoptium\jdk-8.0.482.8-hotspot\jre\bin\server\jvm.dll
0x00007ffbc2160000 - 0x00007ffbc2168000 	C:\Windows\System32\PSAPI.DLL
0x00007ffbbd0f0000 - 0x00007ffbbd0fa000 	C:\Windows\SYSTEM32\VERSION.dll
0x00007ffbb8920000 - 0x00007ffbb8947000 	C:\Windows\SYSTEM32\WINMM.dll
0x00007ffba3d40000 - 0x00007ffba3d49000 	C:\Windows\SYSTEM32\WSOCK32.dll
0x00007ffbc3c80000 - 0x00007ffbc3ceb000 	C:\Windows\System32\WS2_32.dll
0x00007ffbbf330000 - 0x00007ffbbf342000 	C:\Windows\SYSTEM32\kernel.appcore.dll
0x00007ffb7fa10000 - 0x00007ffb7fa20000 	C:\Program Files\Eclipse Adoptium\jdk-8.0.482.8-hotspot\jre\bin\verify.dll
0x00007ffb5f030000 - 0x00007ffb5f05b000 	C:\Program Files\Eclipse Adoptium\jdk-8.0.482.8-hotspot\jre\bin\java.dll
0x00007ffb7adf0000 - 0x00007ffb7ae08000 	C:\Program Files\Eclipse Adoptium\jdk-8.0.482.8-hotspot\jre\bin\zip.dll
0x00007ffbc2170000 - 0x00007ffbc28e0000 	C:\Windows\System32\SHELL32.dll
0x00007ffbbf530000 - 0x00007ffbbfcd5000 	C:\Windows\SYSTEM32\windows.storage.dll
0x00007ffbc28e0000 - 0x00007ffbc2c34000 	C:\Windows\System32\combase.dll
0x00007ffbc0ed0000 - 0x00007ffbc0efb000 	C:\Windows\SYSTEM32\Wldp.dll
0x00007ffbc3b80000 - 0x00007ffbc3c4d000 	C:\Windows\System32\OLEAUT32.dll
0x00007ffbc2c40000 - 0x00007ffbc2ced000 	C:\Windows\System32\SHCORE.dll
0x00007ffbc3a60000 - 0x00007ffbc3abb000 	C:\Windows\System32\shlwapi.dll
0x00007ffbc13d0000 - 0x00007ffbc13f4000 	C:\Windows\SYSTEM32\profapi.dll
0x00007ffb780a0000 - 0x00007ffb780bc000 	C:\Program Files\Eclipse Adoptium\jdk-8.0.482.8-hotspot\jre\bin\net.dll
0x00007ffbc0c30000 - 0x00007ffbc0c9a000 	C:\Windows\system32\mswsock.dll
0x00007ffb5efd0000 - 0x00007ffb5efe3000 	C:\Program Files\Eclipse Adoptium\jdk-8.0.482.8-hotspot\jre\bin\nio.dll
0x00007ffb0e6f0000 - 0x00007ffb0e86d000 	C:\Program Files\Eclipse Adoptium\jdk-8.0.482.8-hotspot\jre\bin\awt.dll
0x00007ffbbee40000 - 0x00007ffbbeede000 	C:\Windows\system32\uxtheme.dll
0x00007ffbc1e30000 - 0x00007ffbc1f45000 	C:\Windows\System32\MSCTF.dll
0x00007ffbc3260000 - 0x00007ffbc338b000 	C:\Windows\System32\ole32.dll
0x00007ffbc1740000 - 0x00007ffbc17c2000 	C:\Windows\System32\bcryptPrimitives.dll
0x00007ffbbf150000 - 0x00007ffbbf17e000 	C:\Windows\system32\DWMAPI.DLL
0x00007ffba7580000 - 0x00007ffba76a8000 	C:\Windows\system32\opengl32.dll
0x00007ffba7130000 - 0x00007ffba715c000 	C:\Windows\SYSTEM32\GLU32.dll
0x00007ffb95840000 - 0x00007ffb95a11000 	C:\Windows\system32\d3d9.dll
0x00007ffbb8e80000 - 0x00007ffbb8f82000 	C:\Windows\System32\DriverStore\FileRepository\nv_dispi.inf_amd64_60daf66a00f2e0b6\nvldumdx.dll
0x00007ffbc1060000 - 0x00007ffbc1072000 	C:\Windows\SYSTEM32\msasn1.dll
0x00007ffbba1a0000 - 0x00007ffbba1d1000 	C:\Windows\SYSTEM32\cryptnet.dll
0x00007ffbc18a0000 - 0x00007ffbc19fd000 	C:\Windows\System32\CRYPT32.dll
0x00007ffbc0e20000 - 0x00007ffbc0e2c000 	C:\Windows\SYSTEM32\cryptbase.dll
0x00007ffbc1db0000 - 0x00007ffbc1e23000 	C:\Windows\System32\WINTRUST.DLL
0x00007ffbc2cf0000 - 0x00007ffbc2d0d000 	C:\Windows\System32\imagehlp.dll
0x00007ffbc0e30000 - 0x00007ffbc0e48000 	C:\Windows\SYSTEM32\CRYPTSP.dll
0x00007ffbc04e0000 - 0x00007ffbc0518000 	C:\Windows\system32\rsaenh.dll
0x00007ffb3b610000 - 0x00007ffb3d02b000 	C:\Windows\System32\DriverStore\FileRepository\nv_dispi.inf_amd64_60daf66a00f2e0b6\nvd3dumx.dll
0x00007ffb52200000 - 0x00007ffb523ad000 	C:\Windows\System32\DriverStore\FileRepository\iigd_dch.inf_amd64_99115f8a30a091a2\igdumdim64.dll
0x00007ffb333a0000 - 0x00007ffb36444000 	C:\Windows\System32\DriverStore\FileRepository\iigd_dch.inf_amd64_99115f8a30a091a2\igd9dxva64.dll
0x00007ffbc33a0000 - 0x00007ffbc3810000 	C:\Windows\System32\SETUPAPI.dll
0x00007ffbc14a0000 - 0x00007ffbc14ee000 	C:\Windows\System32\cfgmgr32.dll
0x00007ffbb1a30000 - 0x00007ffbb1e39000 	C:\Windows\System32\DriverStore\FileRepository\iigd_dch.inf_amd64_99115f8a30a091a2\igdgmm64.dll
0x00007ffbbfcf0000 - 0x00007ffbbfd13000 	C:\Windows\SYSTEM32\gpapi.dll
0x00007ffbbb950000 - 0x00007ffbbb98b000 	C:\Windows\SYSTEM32\dxcore.dll
0x00007ffb0e660000 - 0x00007ffb0e6e6000 	C:\Program Files\Eclipse Adoptium\jdk-8.0.482.8-hotspot\jre\bin\freetype.dll
0x00007ffb7e130000 - 0x00007ffb7e180000 	C:\Program Files\Eclipse Adoptium\jdk-8.0.482.8-hotspot\jre\bin\fontmanager.dll
0x00007ffbba070000 - 0x00007ffbba11e000 	C:\Windows\SYSTEM32\mscms.dll
0x00007ffbc1390000 - 0x00007ffbc13be000 	C:\Windows\SYSTEM32\USERENV.dll
0x00007ffbba9c0000 - 0x00007ffbba9d1000 	C:\Windows\SYSTEM32\ColorAdapterClient.dll
0x00007ffba6480000 - 0x00007ffba64c5000 	C:\Windows\SYSTEM32\icm32.dll
0x00007ffba0b00000 - 0x00007ffba0b17000 	C:\Windows\system32\napinsp.dll
0x00007ffba0ad0000 - 0x00007ffba0aeb000 	C:\Windows\system32\pnrpnsp.dll
0x00007ffba0a20000 - 0x00007ffba0a3d000 	C:\Windows\system32\wshbth.dll
0x00007ffbbcd70000 - 0x00007ffbbcd8d000 	C:\Windows\system32\NLAapi.dll
0x00007ffbc08c0000 - 0x00007ffbc08fb000 	C:\Windows\SYSTEM32\IPHLPAPI.DLL
0x00007ffbc0900000 - 0x00007ffbc09ca000 	C:\Windows\SYSTEM32\DNSAPI.dll
0x00007ffbc3390000 - 0x00007ffbc3398000 	C:\Windows\System32\NSI.dll
0x00007ffba09d0000 - 0x00007ffba09e2000 	C:\Windows\System32\winrnr.dll
0x00007ffbba620000 - 0x00007ffbba62a000 	C:\Windows\System32\rasadhlp.dll
0x00007ffbba360000 - 0x00007ffbba3e0000 	C:\Windows\System32\fwpuclnt.dll
0x00007ffb54c10000 - 0x00007ffb54c35000 	C:\Program Files\Eclipse Adoptium\jdk-8.0.482.8-hotspot\jre\bin\sunec.dll
0x00007ffb7eb50000 - 0x00007ffb7eb5e000 	C:\Program Files\Eclipse Adoptium\jdk-8.0.482.8-hotspot\jre\bin\sunmscapi.dll
0x00007ffbc0f40000 - 0x00007ffbc0f67000 	C:\Windows\SYSTEM32\ncrypt.dll
0x00007ffbc0f00000 - 0x00007ffbc0f3b000 	C:\Windows\SYSTEM32\NTASN1.dll
0x00007ffbbb910000 - 0x00007ffbbb927000 	C:\Windows\SYSTEM32\dhcpcsvc6.DLL
0x00007ffbbb8e0000 - 0x00007ffbbb8fd000 	C:\Windows\SYSTEM32\dhcpcsvc.DLL
0x00007ffb550b0000 - 0x00007ffb550fa000 	C:\Windows\System32\libzkfp.dll
0x00007ffb0e560000 - 0x00007ffb0e652000 	C:\Windows\SYSTEM32\fpslib.dll
0x00007ffb7e110000 - 0x00007ffb7e12e000 	C:\Windows\SYSTEM32\ZKFPCap.dll
0x00007ffb7da30000 - 0x00007ffb7da4d000 	C:\Windows\SYSTEM32\ZKFPSensors\libidfprcap.dll
0x00007ffb16ca0000 - 0x00007ffb16ccd000 	C:\Windows\SYSTEM32\ZKFPSensors\libsilkidcap.dll
0x00007ffb7d960000 - 0x00007ffb7d97c000 	C:\Windows\SYSTEM32\libzksensorcore.dll
0x0000000063420000 - 0x0000000063435000 	C:\Windows\SYSTEM32\libusb0.dll
0x00007ffb10210000 - 0x00007ffb10258000 	C:\Windows\SYSTEM32\ZKFPSensors\libzklibcap.dll
0x0000000180000000 - 0x0000000180022000 	C:\Windows\SYSTEM32\zkfpslibLow.dll
0x0000028d24f70000 - 0x0000028d25680000 	C:\Windows\SYSTEM32\fppswsk.dll
0x00007ffb94350000 - 0x00007ffb943f4000 	C:\Windows\SYSTEM32\WINSPOOL.DRV
0x00007ffbc1230000 - 0x00007ffbc1263000 	C:\Windows\SYSTEM32\DEVOBJ.dll
0x00007ffba8780000 - 0x00007ffba8981000 	C:\Windows\SYSTEM32\dbghelp.dll

VM Arguments:
jvm_args: -Dfile.encoding=UTF-8 -Duser.country=US -Duser.language=en -Duser.variant 
java_command: com.f6.Main
java_class_path (initial): C:\Users\Administrador\Desktop\proyectos\gestlab-client\build\classes\java\main;C:\Users\Administrador\Desktop\proyectos\gestlab-client\build\resources\main;C:\Users\Administrador\.gradle\caches\modules-2\files-2.1\io.socket\socket.io-client\2.0.1\d132c5928e7e93c43b8be0e0513c3e12309523e2\socket.io-client-2.0.1.jar;C:\Users\Administrador\.gradle\caches\modules-2\files-2.1\io.socket\engine.io-client\2.0.0\9d4a84db8ab071574e62cfce67e35bf5194f4c76\engine.io-client-2.0.0.jar;C:\Users\Administrador\.gradle\caches\modules-2\files-2.1\org.json\json\20210307\528c8df3757e8bcf151817b1d7b9b434f6aa08d5\json-20210307.jar;C:\Users\Administrador\Desktop\proyectos\gestlab-client\lib\zkfinger-2.0.jar;C:\Users\Administrador\.gradle\caches\modules-2\files-2.1\com.squareup.okhttp3\okhttp\3.12.12\d3e1ce1d2b3119adf270b2d00d947beb03fe3321\okhttp-3.12.12.jar;C:\Users\Administrador\.gradle\caches\modules-2\files-2.1\com.squareup.okio\okio\1.15.0\bc28b5a964c8f5721eb58ee3f3c47a9bcbf4f4d8\okio-1.15.0.jar
Launcher Type: SUN_STANDARD

Environment Variables:
JAVA_HOME=C:\Program Files\Eclipse Adoptium\jdk-21.0.11.10-hotspot\
USERNAME=Administrador
OS=Windows_NT
PROCESSOR_IDENTIFIER=Intel64 Family 6 Model 158 Stepping 10, GenuineIntel



---------------  S Y S T E M  ---------------

OS: Windows 10 , 64 bit Build 19041 (10.0.19041.5915)

CPU:total 6 (initial active 6) (6 cores per cpu, 1 threads per core) family 6 model 158 stepping 10, cmov, cx8, fxsr, mmx, sse, sse2, sse3, ssse3, sse4.1, sse4.2, popcnt, avx, avx2, aes, clmul, erms, rtm, 3dnowpref, lzcnt, tsc, tscinvbit, bmi1, bmi2, adx

Memory: 4k page, physical 33373432k(15490516k free), swap 38354168k(13621964k free)

vm_info: OpenJDK 64-Bit Server VM (25.482-b08) for windows-amd64 JRE (1.8.0_482-b08), built on Jan 21 2026 06:10:28 by "ContainerUser" with unknown MS VC++:1937

time: Fri May 22 16:39:40 2026
timezone: Venezuela Standard Time
elapsed time: 8.080361 seconds (0d 0h 0m 8s)

